Archive member included because of file (symbol)

c:/program files/actel/softconsole v3.2/sourcery-g++/bin/../lib/gcc/arm-none-eabi/4.4.1/../../../../arm-none-eabi/lib/thumb2\libc.a(lib_a-abort.o)
                              ./CMSIS/startup_gcc/newlib_stubs.o (abort)
c:/program files/actel/softconsole v3.2/sourcery-g++/bin/../lib/gcc/arm-none-eabi/4.4.1/../../../../arm-none-eabi/lib/thumb2\libc.a(lib_a-init.o)
                              ./CMSIS/startup_gcc/startup_a2fxxxm3.o (__libc_init_array)
c:/program files/actel/softconsole v3.2/sourcery-g++/bin/../lib/gcc/arm-none-eabi/4.4.1/../../../../arm-none-eabi/lib/thumb2\libc.a(lib_a-malloc.o)
                              ./FreeRTOS/Source/portable/GCC/ARM_CM3/heap_3.o (free)
c:/program files/actel/softconsole v3.2/sourcery-g++/bin/../lib/gcc/arm-none-eabi/4.4.1/../../../../arm-none-eabi/lib/thumb2\libc.a(lib_a-mallocr.o)
                              c:/program files/actel/softconsole v3.2/sourcery-g++/bin/../lib/gcc/arm-none-eabi/4.4.1/../../../../arm-none-eabi/lib/thumb2\libc.a(lib_a-malloc.o) (_malloc_r)
c:/program files/actel/softconsole v3.2/sourcery-g++/bin/../lib/gcc/arm-none-eabi/4.4.1/../../../../arm-none-eabi/lib/thumb2\libc.a(lib_a-memcmp.o)
                              ./drivers/mac/tcpip.o (memcmp)
c:/program files/actel/softconsole v3.2/sourcery-g++/bin/../lib/gcc/arm-none-eabi/4.4.1/../../../../arm-none-eabi/lib/thumb2\libc.a(lib_a-memcpy.o)
                              ./drivers/mac/tcpip.o (memcpy)
c:/program files/actel/softconsole v3.2/sourcery-g++/bin/../lib/gcc/arm-none-eabi/4.4.1/../../../../arm-none-eabi/lib/thumb2\libc.a(lib_a-memset.o)
                              ./drivers/mac/tcpip.o (memset)
c:/program files/actel/softconsole v3.2/sourcery-g++/bin/../lib/gcc/arm-none-eabi/4.4.1/../../../../arm-none-eabi/lib/thumb2\libc.a(lib_a-mlock.o)
                              c:/program files/actel/softconsole v3.2/sourcery-g++/bin/../lib/gcc/arm-none-eabi/4.4.1/../../../../arm-none-eabi/lib/thumb2\libc.a(lib_a-mallocr.o) (__malloc_lock)
c:/program files/actel/softconsole v3.2/sourcery-g++/bin/../lib/gcc/arm-none-eabi/4.4.1/../../../../arm-none-eabi/lib/thumb2\libc.a(lib_a-printf.o)
                              ./main.o (printf)
c:/program files/actel/softconsole v3.2/sourcery-g++/bin/../lib/gcc/arm-none-eabi/4.4.1/../../../../arm-none-eabi/lib/thumb2\libc.a(lib_a-reent.o)
                              ./CMSIS/startup_gcc/newlib_stubs.o (errno)
c:/program files/actel/softconsole v3.2/sourcery-g++/bin/../lib/gcc/arm-none-eabi/4.4.1/../../../../arm-none-eabi/lib/thumb2\libc.a(lib_a-sbrkr.o)
                              c:/program files/actel/softconsole v3.2/sourcery-g++/bin/../lib/gcc/arm-none-eabi/4.4.1/../../../../arm-none-eabi/lib/thumb2\libc.a(lib_a-mallocr.o) (_sbrk_r)
c:/program files/actel/softconsole v3.2/sourcery-g++/bin/../lib/gcc/arm-none-eabi/4.4.1/../../../../arm-none-eabi/lib/thumb2\libc.a(lib_a-signal.o)
                              c:/program files/actel/softconsole v3.2/sourcery-g++/bin/../lib/gcc/arm-none-eabi/4.4.1/../../../../arm-none-eabi/lib/thumb2\libc.a(lib_a-abort.o) (raise)
c:/program files/actel/softconsole v3.2/sourcery-g++/bin/../lib/gcc/arm-none-eabi/4.4.1/../../../../arm-none-eabi/lib/thumb2\libc.a(lib_a-signalr.o)
                              c:/program files/actel/softconsole v3.2/sourcery-g++/bin/../lib/gcc/arm-none-eabi/4.4.1/../../../../arm-none-eabi/lib/thumb2\libc.a(lib_a-signal.o) (_getpid_r)
c:/program files/actel/softconsole v3.2/sourcery-g++/bin/../lib/gcc/arm-none-eabi/4.4.1/../../../../arm-none-eabi/lib/thumb2\libc.a(lib_a-strncmp.o)
                              ./drivers/mss_ace/ace_sse.o (strncmp)
c:/program files/actel/softconsole v3.2/sourcery-g++/bin/../lib/gcc/arm-none-eabi/4.4.1/../../../../arm-none-eabi/lib/thumb2\libc.a(lib_a-strncpy.o)
                              ./FreeRTOS/Source/tasks.o (strncpy)
c:/program files/actel/softconsole v3.2/sourcery-g++/bin/../lib/gcc/arm-none-eabi/4.4.1/../../../../arm-none-eabi/lib/thumb2\libc.a(lib_a-syswrite.o)
                              ./CMSIS/startup_gcc/newlib_stubs.o (write)
c:/program files/actel/softconsole v3.2/sourcery-g++/bin/../lib/gcc/arm-none-eabi/4.4.1/../../../../arm-none-eabi/lib/thumb2\libc.a(lib_a-vfprintf.o)
                              c:/program files/actel/softconsole v3.2/sourcery-g++/bin/../lib/gcc/arm-none-eabi/4.4.1/../../../../arm-none-eabi/lib/thumb2\libc.a(lib_a-printf.o) (_vfprintf_r)
c:/program files/actel/softconsole v3.2/sourcery-g++/bin/../lib/gcc/arm-none-eabi/4.4.1/../../../../arm-none-eabi/lib/thumb2\libc.a(lib_a-wsetup.o)
                              c:/program files/actel/softconsole v3.2/sourcery-g++/bin/../lib/gcc/arm-none-eabi/4.4.1/../../../../arm-none-eabi/lib/thumb2\libc.a(lib_a-vfprintf.o) (__swsetup_r)
c:/program files/actel/softconsole v3.2/sourcery-g++/bin/../lib/gcc/arm-none-eabi/4.4.1/../../../../arm-none-eabi/lib/thumb2\libc.a(lib_a-dtoa.o)
[...]
Memory Configuration

Name             Origin             Length             Attributes
rom              0x60000000         0x00040000         xr
romMirror        0x00000000         0x00040000         xr
ram              0x20000000         0x00010000         xrw
*default*        0x00000000         0xffffffff

Linker script and memory map

LOAD c:/program files/actel/softconsole v3.2/sourcery-g++/bin/../lib/gcc/arm-none-eabi/4.4.1/thumb2/crti.o
LOAD c:/program files/actel/softconsole v3.2/sourcery-g++/bin/../lib/gcc/arm-none-eabi/4.4.1/thumb2/crtbegin.o
LOAD ./main.o
LOAD ./drivers_config/mss_ace/ace_config.o
LOAD ./drivers/mss_uart/mss_uart.o
LOAD ./drivers/mss_spi/mss_spi.o
LOAD ./drivers/mss_pdma/mss_pdma.o
LOAD ./drivers/mss_gpio/mss_gpio.o
LOAD ./drivers/mss_ethernet_mac/crc32.o
LOAD ./drivers/mss_ethernet_mac/mss_ethernet_mac.o
LOAD ./drivers/mss_ethernet_mac/phy.o
LOAD ./drivers/mss_ace/ace_convert.o
LOAD ./drivers/mss_ace/ace_flags.o
LOAD ./drivers/mss_ace/ace_sse.o
LOAD ./drivers/mss_ace/ace_transform.o
LOAD ./drivers/mss_ace/mss_ace.o
LOAD ./drivers/mac/tcpip.o
LOAD ./application_tasks/led_task.o
LOAD ./FreeRTOS/Source/croutine.o
LOAD ./FreeRTOS/Source/list.o
LOAD ./FreeRTOS/Source/queue.o
LOAD ./FreeRTOS/Source/tasks.o
LOAD ./FreeRTOS/Source/portable/GCC/ARM_CM3/heap_3.o
LOAD ./FreeRTOS/Source/portable/GCC/ARM_CM3/port.o
LOAD ./CMSIS/core_cm3.o
LOAD ./CMSIS/system_a2fxxxm3.o
LOAD ./CMSIS/startup_gcc/newlib_stubs.o
LOAD ./CMSIS/startup_gcc/startup_a2fxxxm3.o
LOAD ./BSP/spi_flash_driver/spi_flash.o
LOAD ./BSP/oled_driver/oled.o
LOAD ./BSP/i2c_driver/i2c.o
START GROUP
LOAD c:/program files/actel/softconsole v3.2/sourcery-g++/bin/../lib/gcc/arm-none-eabi/4.4.1/thumb2\libgcc.a
LOAD c:/program files/actel/softconsole v3.2/sourcery-g++/bin/../lib/gcc/arm-none-eabi/4.4.1/../../../../arm-none-eabi/lib/thumb2\libc.a
LOAD c:/program files/actel/softconsole v3.2/sourcery-g++/bin/../lib/gcc/arm-none-eabi/4.4.1/thumb2\libgcc.a
END GROUP
LOAD c:/program files/actel/softconsole v3.2/sourcery-g++/bin/../lib/gcc/arm-none-eabi/4.4.1/thumb2/crtend.o
LOAD c:/program files/actel/softconsole v3.2/sourcery-g++/bin/../lib/gcc/arm-none-eabi/4.4.1/thumb2/crtn.o
START GROUP
LOAD c:/program files/actel/softconsole v3.2/sourcery-g++/bin/../lib/gcc/arm-none-eabi/4.4.1/../../../../arm-none-eabi/lib/thumb2\libc.a
LOAD c:/program files/actel/softconsole v3.2/sourcery-g++/bin/../lib/gcc/arm-none-eabi/4.4.1/thumb2\libgcc.a
LOAD c:/program files/actel/softconsole v3.2/sourcery-g++/bin/../lib/gcc/arm-none-eabi/4.4.1/../../../../arm-none-eabi/lib/thumb2\libm.a
END GROUP
                0x00000000                __DYNAMIC = 0x0
                0x20000000                RAM_START_ADDRESS = 0x20000000
                0x00010000                RAM_SIZE = 0x10000
                0x00002000                MAIN_STACK_SIZE = 0x2000
                0x00001000                PROCESS_STACK_SIZE = 0x1000
                0x20010000                PROVIDE (__main_stack_start, (RAM_START_ADDRESS + RAM_SIZE))
                0x2000e000                PROVIDE (__process_stack_start, (__main_stack_start - MAIN_STACK_SIZE))
                0x20010000                PROVIDE (_estack, __main_stack_start)
                0x00000001                PROVIDE (__mirrored_nvm, 0x1)

.init           0x00000000      0x460 load address 0x60000000
 *(.isr_vector)
 .isr_vector    0x00000000      0x460 ./CMSIS/startup_gcc/startup_a2fxxxm3.o
                0x00000000                g_pfnVectors
                0x00000298                Reset_Handler
                0x000002f8                NMI_Handler
                0x000002fa                HardFault_Handler
                0x000002fc                MemManage_Handler
                0x000002fe                BusFault_Handler
                0x00000300                UsageFault_Handler
                0x00000304                DebugMon_Handler
                0x0000030a                WdogWakeup_IRQHandler
                0x0000030c                BrownOut_1_5V_IRQHandler
                0x0000030e                BrownOut_3_3V_IRQHandler
                0x00000310                RTC_Match_IRQHandler
                0x00000312                RTCIF_Pub_IRQHandler
                0x00000316                IAP_IRQHandler
                0x00000318                ENVM0_IRQHandler
                0x0000031a                ENVM1_IRQHandler
                0x00000328                I2C0_SMBAlert_IRQHandler
                0x0000032a                I2C0_SMBus_IRQHandler
                0x0000032e                I2C1_SMBAlert_IRQHandler
                0x00000330                I2C1_SMBus_IRQHandler
                0x00000332                Timer1_IRQHandler
                0x00000334                Timer2_IRQHandler
                0x00000336                PLL_Lock_IRQHandler
                0x00000338                PLL_LockLost_IRQHandler
                0x0000033a                CommError_IRQHandler
                0x0000033c                Fabric_IRQHandler
                0x0000033e                GPIO0_IRQHandler
                0x00000340                GPIO1_IRQHandler
                0x00000342                GPIO2_IRQHandler
                0x00000344                GPIO3_IRQHandler
                0x00000346                GPIO4_IRQHandler
                0x00000348                GPIO5_IRQHandler
                0x0000034a                GPIO6_IRQHandler
                0x0000034c                GPIO7_IRQHandler
                0x0000034e                GPIO8_IRQHandler
                0x00000350                GPIO9_IRQHandler
                0x00000352                GPIO10_IRQHandler
                0x00000354                GPIO11_IRQHandler
                0x00000356                GPIO12_IRQHandler
                0x00000358                GPIO13_IRQHandler
                0x0000035a                GPIO14_IRQHandler
                0x0000035c                GPIO15_IRQHandler
                0x0000035e                GPIO16_IRQHandler
                0x00000360                GPIO17_IRQHandler
                0x00000362                GPIO18_IRQHandler
                0x00000364                GPIO19_IRQHandler
                0x00000366                GPIO20_IRQHandler
                0x00000368                GPIO21_IRQHandler
                0x0000036a                GPIO22_IRQHandler
                0x0000036c                GPIO23_IRQHandler
                0x0000036e                GPIO24_IRQHandler
                0x00000370                GPIO25_IRQHandler
                0x00000372                GPIO26_IRQHandler
                0x00000374                GPIO27_IRQHandler
                0x00000376                GPIO28_IRQHandler
                0x00000378                GPIO29_IRQHandler
                0x0000037a                GPIO30_IRQHandler
                0x0000037c                GPIO31_IRQHandler
                0x0000037e                ACE_PC0_Flag0_IRQHandler
                0x00000380                ACE_PC0_Flag1_IRQHandler
                0x00000382                ACE_PC0_Flag2_IRQHandler
                0x00000384                ACE_PC0_Flag3_IRQHandler
                0x00000386                ACE_PC1_Flag0_IRQHandler
                0x00000388                ACE_PC1_Flag1_IRQHandler
                0x0000038a                ACE_PC1_Flag2_IRQHandler
                0x0000038c                ACE_PC1_Flag3_IRQHandler
                0x0000038e                ACE_PC2_Flag0_IRQHandler
                0x00000390                ACE_PC2_Flag1_IRQHandler
                0x00000392                ACE_PC2_Flag2_IRQHandler
                0x00000394                ACE_PC2_Flag3_IRQHandler
                0x00000396                ACE_ADC0_DataValid_IRQHandler
                0x00000398                ACE_ADC1_DataValid_IRQHandler
                0x0000039a                ACE_ADC2_DataValid_IRQHandler
                0x0000039c                ACE_ADC0_CalDone_IRQHandler
                0x0000039e                ACE_ADC1_CalDone_IRQHandler
                0x000003a0                ACE_ADC2_CalDone_IRQHandler
                0x000003a2                ACE_ADC0_CalStart_IRQHandler
                0x000003a4                ACE_ADC1_CalStart_IRQHandler
                0x000003a6                ACE_ADC2_CalStart_IRQHandler
                0x000003a8                ACE_Comp0_Fall_IRQHandler
                0x000003aa                ACE_Comp1_Fall_IRQHandler
                0x000003ac                ACE_Comp2_Fall_IRQHandler
                0x000003ae                ACE_Comp3_Fall_IRQHandler
                0x000003b0                ACE_Comp4_Fall_IRQHandler
                0x000003b2                ACE_Comp5_Fall_IRQHandler
                0x000003b4                ACE_Comp6_Fall_IRQHandler
                0x000003b6                ACE_Comp7_Fall_IRQHandler
                0x000003b8                ACE_Comp8_Fall_IRQHandler
                0x000003ba                ACE_Comp9_Fall_IRQHandler
                0x000003bc                ACE_Comp10_Fall_IRQHandler
                0x000003be                ACE_Comp11_Fall_IRQHandler
                0x000003c0                ACE_Comp0_Rise_IRQHandler
                0x000003c2                ACE_Comp1_Rise_IRQHandler
                0x000003c4                ACE_Comp2_Rise_IRQHandler
                0x000003c6                ACE_Comp3_Rise_IRQHandler
                0x000003c8                ACE_Comp4_Rise_IRQHandler
                0x000003ca                ACE_Comp5_Rise_IRQHandler
                0x000003cc                ACE_Comp6_Rise_IRQHandler
                0x000003ce                ACE_Comp7_Rise_IRQHandler
                0x000003d0                ACE_Comp8_Rise_IRQHandler
                0x000003d2                ACE_Comp9_Rise_IRQHandler
                0x000003d4                ACE_Comp10_Rise_IRQHandler
                0x000003d6                ACE_Comp11_Rise_IRQHandler
                0x000003d8                ACE_ADC0_FifoFull_IRQHandler
                0x000003da                ACE_ADC0_FifoAFull_IRQHandler
                0x000003dc                ACE_ADC0_FifoEmpty_IRQHandler
                0x000003de                ACE_ADC1_FifoFull_IRQHandler
                0x000003e0                ACE_ADC1_FifoAFull_IRQHandler
                0x000003e2                ACE_ADC1_FifoEmpty_IRQHandler
                0x000003e4                ACE_ADC2_FifoFull_IRQHandler
                0x000003e6                ACE_ADC2_FifoAFull_IRQHandler
                0x000003e8                ACE_ADC2_FifoEmpty_IRQHandler
 *sys_boot.o(.text)
                0x00000460                . = ALIGN (0x4)

.text           0x00000460    0x147ac load address 0x60000460
 CREATE_OBJECT_SYMBOLS
                0x60000460                __text_load = LOADADDR (.text)
                0x00000460                __text_start = .
 *(.text .text.* .gnu.linkonce.t.*)
 .text          0x00000460        0x0 c:/program files/actel/softconsole v3.2/sourcery-g++/bin/../lib/gcc/arm-none-eabi/4.4.1/thumb2/crti.o
 .text          0x00000460       0x68 c:/program files/actel/softconsole v3.2/sourcery-g++/bin/../lib/gcc/arm-none-eabi/4.4.1/thumb2/crtbegin.o
 .text          0x000004c8       0xac ./main.o
                0x000004e4                init_system
                0x000004f8                main
 .text          0x00000574        0x0 ./drivers_config/mss_ace/ace_config.o
 .text          0x00000574      0x6b0 ./drivers/mss_uart/mss_uart.o
                0x000005e8                MSS_UART_init
                0x00000798                MSS_UART_polled_tx
                0x00000808                MSS_UART_polled_tx_string
                0x00000878                MSS_UART_irq_tx
                0x000008dc                MSS_UART_tx_complete
                0x00000938                MSS_UART_get_rx
                0x00000b04                MSS_UART_set_rx_handler
                0x00000b78                MSS_UART_set_loopback
                0x00000bcc                UART0_IRQHandler
                0x00000bf8                UART1_IRQHandler
 .text          0x00000c24      0xa08 ./drivers/mss_spi/mss_spi.o
                0x00000c98                MSS_SPI_init
                0x00000de0                MSS_SPI_configure_slave_mode
                0x00000e84                MSS_SPI_configure_master_mode
                0x00000f2c                MSS_SPI_set_slave_select
                0x00000ff4                MSS_SPI_clear_slave_select
                0x00001054                MSS_SPI_transfer_frame
                0x000010d8                MSS_SPI_transfer_block
                0x000012a8                MSS_SPI_set_frame_rx_handler
                0x00001308                MSS_SPI_set_slave_tx_frame
                0x00001384                MSS_SPI_set_slave_block_buffers
                0x000015d4                SPI0_IRQHandler
                0x00001600                SPI1_IRQHandler
 .text          0x0000162c      0x8e8 ./drivers/mss_pdma/mss_pdma.o
                0x000016a0                PDMA_init
                0x00001758                PDMA_configure
                0x00001884                PDMA_start
                0x00001ab8                PDMA_load_next_buffer
                0x00001c88                PDMA_status
                0x00001d70                DMA_IRQHandler
                0x00001df0                PDMA_set_irq_handler
                0x00001e4c                PDMA_enable_irq
                0x00001e98                PDMA_clear_irq
 .text          0x00001f14      0x388 ./drivers/mss_gpio/mss_gpio.o
                0x00001f88                MSS_GPIO_init
                0x00001ff4                MSS_GPIO_config
                0x00002030                MSS_GPIO_set_output
                0x00002070                MSS_GPIO_drive_inout
                0x00002198                MSS_GPIO_enable_irq
                0x000021fc                MSS_GPIO_disable_irq
                0x0000224c                MSS_GPIO_clear_irq
 .text          0x0000229c       0x84 ./drivers/mss_ethernet_mac/crc32.o
                0x0000229c                mss_mac_crc32
                0x000022fc                mss_ethernet_crc
 .text          0x00002320     0x212c ./drivers/mss_ethernet_mac/mss_ethernet_mac.o
                0x00002320                MSS_MAC_init
                0x00002638                MSS_MAC_configure
                0x00002870                MSS_MAC_get_configuration
                0x000029c0                MSS_MAC_tx_packet
                0x00002de8                MSS_MAC_rx_pckt_size
                0x00002e68                MSS_MAC_rx_packet
                0x00002fbc                MSS_MAC_rx_packet_ptrset
                0x000030e0                MSS_MAC_link_status
                0x0000311c                MSS_MAC_auto_setup_link
                0x000031d4                MSS_MAC_set_mac_address
                0x00003270                MSS_MAC_get_mac_address
                0x0000329c                MSS_MAC_set_mac_filters
                0x0000342c                EthernetMAC_IRQHandler
                0x00003524                MSS_MAC_set_callback
                0x0000359c                MSS_MAC_last_error
                0x000035fc                MSS_MAC_get_statistics
                0x00003880                MSS_MAC_prepare_rx_descriptor
 .text          0x0000444c      0x464 ./drivers/mss_ethernet_mac/phy.o
                0x0000466c                PHY_probe
                0x000046f8                PHY_reset
                0x00004718                PHY_auto_negotiate
                0x00004788                PHY_link_status
                0x000047b8                PHY_link_type
                0x00004800                PHY_set_link_type
                0x00004858                PHY_set_loopback
 .text          0x000048b0      0x878 ./drivers/mss_ace/ace_convert.o
                0x000048b0                ACE_get_channel_type
                0x000048f4                ACE_convert_adc_input_to_mV
                0x00004958                ace_init_convert
                0x00004b0c                ACE_convert_to_mV
                0x00004bd4                ACE_convert_to_mA
                0x00004c88                ACE_convert_to_Kelvin
                0x00004cd4                ACE_convert_to_Celsius
                0x00004d10                ACE_convert_to_Fahrenheit
                0x00004d68                ACE_get_channel_name
                0x00004da0                ACE_convert_mV_to_adc_value
                0x00004eb4                ACE_convert_from_mV
                0x00004f9c                ACE_convert_from_mA
                0x00004fec                ACE_convert_from_Kelvin
                0x00005044                ACE_convert_from_Celsius
                0x00005090                ACE_convert_from_Fahrenheit
                0x000050f4                ACE_translate_pdma_value
 .text          0x00005128      0x7ac ./drivers/mss_ace/ace_flags.o
                0x00005164                ace_init_flags
                0x00005170                ACE_is_hysteresis_flag
                0x00005190                ACE_is_under_flag
                0x000051b0                ACE_set_flag_threshold
                0x000051c8                ACE_set_flag_assertion
                0x000051e0                ACE_set_flag_deassertion
                0x000051f8                ACE_set_flag_hysteresis
                0x00005210                ACE_set_channel_hysteresis
                0x00005228                ACE_get_flag_handle
                0x00005244                ACE_get_flag_status
                0x00005264                ACE_get_flag_name
                0x00005284                ACE_get_flag_channel
                0x000052a4                ACE_get_channel_flag_count
                0x000052c4                ACE_get_channel_first_flag
                0x000052e4                ACE_get_channel_next_flag
                0x00005304                ACE_enable_channel_flags_irq
                0x00005318                ACE_disable_channel_flags_irq
                0x0000532c                ACE_clear_channel_flags_irq
                0x00005340                ACE_enable_flag_irq
                0x00005354                ACE_disable_flag_irq
                0x00005368                ACE_clear_flag_irq
                0x0000537c                ACE_register_flag_isr
                0x00005394                ACE_register_channel_flags_isr
                0x000053ac                ACE_register_global_flags_isr
                0x000053d4                ACE_PPE_Flag0_IRQHandler
                0x000053fc                ACE_PPE_Flag1_IRQHandler
                0x00005424                ACE_PPE_Flag2_IRQHandler
                0x0000544c                ACE_PPE_Flag3_IRQHandler
                0x00005474                ACE_PPE_Flag4_IRQHandler
                0x0000549c                ACE_PPE_Flag5_IRQHandler
                0x000054c4                ACE_PPE_Flag6_IRQHandler
                0x000054ec                ACE_PPE_Flag7_IRQHandler
                0x00005514                ACE_PPE_Flag8_IRQHandler
                0x0000553c                ACE_PPE_Flag9_IRQHandler
                0x00005564                ACE_PPE_Flag10_IRQHandler
                0x0000558c                ACE_PPE_Flag11_IRQHandler
                0x000055b4                ACE_PPE_Flag12_IRQHandler
                0x000055dc                ACE_PPE_Flag13_IRQHandler
                0x00005604                ACE_PPE_Flag14_IRQHandler
                0x0000562c                ACE_PPE_Flag15_IRQHandler
                0x00005654                ACE_PPE_Flag16_IRQHandler
                0x0000567c                ACE_PPE_Flag17_IRQHandler
                0x000056a4                ACE_PPE_Flag18_IRQHandler
                0x000056cc                ACE_PPE_Flag19_IRQHandler
                0x000056f4                ACE_PPE_Flag20_IRQHandler
                0x0000571c                ACE_PPE_Flag21_IRQHandler
                0x00005744                ACE_PPE_Flag22_IRQHandler
                0x0000576c                ACE_PPE_Flag23_IRQHandler
                0x00005794                ACE_PPE_Flag24_IRQHandler
                0x000057bc                ACE_PPE_Flag25_IRQHandler
                0x000057e4                ACE_PPE_Flag26_IRQHandler
                0x0000580c                ACE_PPE_Flag27_IRQHandler
                0x00005834                ACE_PPE_Flag28_IRQHandler
                0x0000585c                ACE_PPE_Flag29_IRQHandler
                0x00005884                ACE_PPE_Flag30_IRQHandler
                0x000058ac                ACE_PPE_Flag31_IRQHandler
 .text          0x000058d4      0x71c ./drivers/mss_ace/ace_sse.o
                0x000058d4                ACE_get_sse_seq_handle
                0x00005958                ACE_load_sse
                0x00005a88                ACE_start_sse
                0x00005bc8                ACE_restart_sse
                0x00005cec                ACE_stop_sse
                0x00005d40                ACE_resume_sse
                0x00005d94                ACE_enable_sse_irq
                0x00005ddc                ACE_disable_sse_irq
                0x00005e28                ACE_clear_sse_irq
                0x00005e78                ACE_clear_sample_pipeline
 .text          0x00005ff0        0x0 ./drivers/mss_ace/ace_transform.o
 .text          0x00005ff0      0xc24 ./drivers/mss_ace/mss_ace.o
                0x00005ff0                ACE_init
                0x00006000                ACE_start_adc
                0x0000602c                ACE_get_adc_result
                0x00006090                ACE_configure_sdd
                0x00006230                ACE_enable_sdd
                0x00006278                ACE_disable_sdd
                0x000062c0                ACE_set_sdd_value
                0x0000630c                ACE_set_sdd_value_sync
                0x000063dc                ACE_set_comp_reference
                0x0000658c                ACE_set_comp_hysteresis
                0x000066b4                ACE_enable_comp
                0x000067b0                ACE_disable_comp
                0x000068a8                ACE_enable_comp_rise_irq
                0x000068f8                ACE_disable_comp_rise_irq
                0x0000694c                ACE_clear_comp_rise_irq
                0x0000699c                ACE_enable_comp_fall_irq
                0x000069ec                ACE_disable_comp_fall_irq
                0x00006a40                ACE_clear_comp_fall_irq
                0x00006a90                ACE_get_comp_status
                0x00006ab0                ACE_get_channel_count
                0x00006ac0                ACE_get_first_channel
                0x00006adc                ACE_get_next_channel
                0x00006b08                ACE_get_channel_handle
                0x00006b7c                ACE_get_input_channel_handle
                0x00006bd0                ACE_get_ppe_sample
 .text          0x00006c14     0x197c ./drivers/mac/tcpip.o
                0x00006c14                send_arp_reply
                0x00006cf0                send_gratuitous_arp
                0x00006e08                get_checksum
                0x00006efc                fix_checksum
                0x00006f50                check_checksum
                0x00006fb4                send_icmp_echo_reply
                0x000070cc                dtoa_reverse
                0x0000714c                send_bootp_packet
                0x000074c0                send_dhcp_server_packet
                0x00007a9c                process_udp_packet
                0x00007ae8                send_tcp_packet
                0x00007dd4                tcp_init
                0x00007e20                hex_digits_to_byte
                0x00007e78                process_icmp_packet
                0x00007ee8                process_tcp_packet
                0x000083b8                process_ip_packet
                0x00008480                process_arp_packet
                0x000084f4                process_packet
                0x00008548                xstrcpy
 .text          0x00008590      0x10c ./application_tasks/led_task.o
                0x000085c8                delay
                0x000085ec                led_initialization
                0x0000865c                led_test
                0x0000868c                led_task
 .text          0x0000869c      0x5cc ./FreeRTOS/Source/croutine.o
                0x0000869c                xCoRoutineCreate
                0x00008794                vCoRoutineAddToDelayedList
                0x00008a84                vCoRoutineSchedule
                0x00008bfc                xCoRoutineRemoveFromEventList
 .text          0x00008c68      0x180 ./FreeRTOS/Source/list.o
                0x00008c68                vListInitialise
                0x00008cb0                vListInitialiseItem
                0x00008ccc                vListInsertEnd
                0x00008d1c                vListInsert
                0x00008d94                vListRemove
 .text          0x00008de8      0xa08 ./FreeRTOS/Source/queue.o
                0x00008de8                xQueueCreate
                0x00008eb4                xQueueCreateCountingSemaphore
                0x00008ee4                xQueueGenericSend
                0x00009008                xQueueGenericSendFromISR
                0x000090a0                xQueueGenericReceive
                0x00009204                xQueueReceiveFromISR
                0x000092a0                uxQueueMessagesWaiting
                0x000092c4                uxQueueMessagesWaitingFromISR
                0x000092e0                vQueueDelete
                0x000094c8                xQueueIsQueueEmptyFromISR
                0x0000951c                xQueueIsQueueFullFromISR
                0x00009544                xQueueCRSend
                0x0000960c                xQueueCRReceive
                0x00009700                xQueueCRSendFromISR
                0x00009758                xQueueCRReceiveFromISR
 .text          0x000097f0     0x138c ./FreeRTOS/Source/tasks.o
                0x000097f0                xTaskGenericCreate
                0x00009990                vTaskDelete
                0x00009a50                vTaskDelayUntil
                0x00009b70                vTaskDelay
                0x00009c2c                uxTaskPriorityGet
                0x00009c64                vTaskPrioritySet
                0x00009d88                vTaskSuspend
                0x00009e0c                xTaskIsTaskSuspended
                0x00009e5c                vTaskResume
                0x00009f08                xTaskResumeFromISR
                0x00009fc8                vTaskStartScheduler
                0x0000a040                vTaskEndScheduler
                0x0000a064                vTaskSuspendAll
                0x0000a088                xTaskResumeAll
                0x0000a1e8                xTaskGetTickCount
                0x0000a210                uxTaskGetNumberOfTasks
                0x0000a228                vTaskIncrementTick
                0x0000a36c                vTaskCleanUpResources
                0x0000a518                vTaskSwitchContext
                0x0000a5e4                vTaskPlaceOnEventList
                0x0000a6c0                xTaskRemoveFromEventList
                0x0000a794                vTaskSetTimeOutState
                0x0000a7c4                xTaskCheckForTimeOut
                0x0000a878                vTaskMissedYield
                0x0000ab20                uxTaskGetStackHighWaterMark
 .text          0x0000ab7c       0x4c ./FreeRTOS/Source/portable/GCC/ARM_CM3/heap_3.o
                0x0000ab7c                pvPortMalloc
                0x0000aba4                vPortFree
 .text          0x0000abc8      0x208 ./FreeRTOS/Source/portable/GCC/ARM_CM3/port.o
                0x0000abc8                pxPortInitialiseStack
                0x0000ac28                SVC_Handler
                0x0000ac48                vPortStartFirstTask
                0x0000ac54                xPortStartScheduler
                0x0000aca8                vPortEndScheduler
                0x0000acb4                vPortYieldFromISR
                0x0000accc                vPortEnterCritical
                0x0000acf8                vPortExitCritical
                0x0000ad30                PendSV_Handler
                0x0000ad6c                SysTick_Handler
 .text          0x0000add0      0x28c ./CMSIS/core_cm3.o
                0x0000add0                __get_PSP
                0x0000ade0                __set_PSP
                0x0000ade8                __get_MSP
                0x0000adf8                __set_MSP
                0x0000ae00                __get_BASEPRI
                0x0000ae20                __set_BASEPRI
                0x0000ae38                __get_PRIMASK
                0x0000ae58                __set_PRIMASK
                0x0000ae70                __get_FAULTMASK
                0x0000ae90                __set_FAULTMASK
                0x0000aea8                __get_CONTROL
                0x0000aec8                __set_CONTROL
                0x0000aee0                __REV
                0x0000af04                __REV16
                0x0000af28                __REVSH
                0x0000af4c                __RBIT
                0x0000af70                __LDREXB
                0x0000af94                __LDREXH
                0x0000afb8                __LDREXW
                0x0000afdc                __STREXB
                0x0000b008                __STREXH
                0x0000b034                __STREXW
 .text          0x0000b05c      0x210 ./CMSIS/system_a2fxxxm3.o
                0x0000b05c                SystemInit
                0x0000b068                SystemCoreClockUpdate
 .text          0x0000b26c      0x2d4 ./CMSIS/startup_gcc/newlib_stubs.o
                0x0000b26c                _close
                0x0000b284                _execve
                0x0000b2b0                _exit
                0x0000b2bc                _fork
                0x0000b2dc                _fstat
                0x0000b300                _getpid
                0x0000b310                _isatty
                0x0000b328                _kill
                0x0000b350                _link
                0x0000b378                _lseek
                0x0000b394                _open
                0x0000b3b0                _read
                0x0000b3cc                _sbrk
                0x0000b458                _stat
                0x0000b47c                _times
                0x0000b494                _unlink
                0x0000b4bc                _wait
                0x0000b4e4                _write_r
 .text          0x0000b540        0x0 ./CMSIS/startup_gcc/startup_a2fxxxm3.o
 .text          0x0000b540      0xa9c ./BSP/spi_flash_driver/spi_flash.o
                0x0000b5f0                spi_flash_init
                0x0000b644                spi_flash_control_hw
                0x0000bc94                spi_flash_read
                0x0000bd98                spi_flash_write
 .text          0x0000bfdc      0x50c ./BSP/oled_driver/oled.o
                0x0000bfdc                OLED_init
                0x0000c0a8                OLED_clear_display
                0x0000c16c                OLED_set_cursor
                0x0000c220                OLED_write_string
                0x0000c24c                OLED_write_char
                0x0000c2f0                OLED_horizontal_scroll
                0x0000c3e0                OLED_contrast
                0x0000c438                OLED_write_data
 .text          0x0000c4e8      0xeb8 ./BSP/i2c_driver/i2c.o
                0x0000c598                MSS_I2C_init
                0x0000c734                MSS_I2C_set_slave_mem_offset_length
                0x0000c770                MSS_I2C_register_write_handler
                0x0000c7a8                MSS_I2C_write
                0x0000c86c                MSS_I2C_read
                0x0000c934                MSS_I2C_write_read
                0x0000ca0c                MSS_I2C_set_slave_rx_buffer
                0x0000ca64                MSS_I2C_get_status
                0x0000caa0                MSS_I2C_set_slave_tx_buffer
                0x0000cb00                MSS_I2C_enable_slave_rx
                0x0000cb50                MSS_I2C_wait_complete
                0x0000d348                I2C0_IRQHandler
                0x0000d374                I2C1_IRQHandler
 .text          0x0000d3a0        0xc c:/program files/actel/softconsole v3.2/sourcery-g++/bin/../lib/gcc/arm-none-eabi/4.4.1/../../../../arm-none-eabi/lib/thumb2\libc.a(lib_a-abort.o)
                0x0000d3a0                abort
 .text          0x0000d3ac       0x50 c:/program files/actel/softconsole v3.2/sourcery-g++/bin/../lib/gcc/arm-none-eabi/4.4.1/../../../../arm-none-eabi/lib/thumb2\libc.a(lib_a-init.o)
                0x0000d3ac                __libc_init_array
 .text          0x0000d3fc       0x28 c:/program files/actel/softconsole v3.2/sourcery-g++/bin/../lib/gcc/arm-none-eabi/4.4.1/../../../../arm-none-eabi/lib/thumb2\libc.a(lib_a-malloc.o)
                0x0000d3fc                free
                0x0000d410                malloc
 .text          0x0000d424      0x5a4 c:/program files/actel/softconsole v3.2/sourcery-g++/bin/../lib/gcc/arm-none-eabi/4.4.1/../../../../arm-none-eabi/lib/thumb2\libc.a(lib_a-mallocr.o)
                0x0000d424                _malloc_r
 .text          0x0000d9c8       0x64 c:/program files/actel/softconsole v3.2/sourcery-g++/bin/../lib/gcc/arm-none-eabi/4.4.1/../../../../arm-none-eabi/lib/thumb2\libc.a(lib_a-memcmp.o)
                0x0000d9c8                memcmp
 .text          0x0000da2c      0x190 c:/program files/actel/softconsole v3.2/sourcery-g++/bin/../lib/gcc/arm-none-eabi/4.4.1/../../../../arm-none-eabi/lib/thumb2\libc.a(lib_a-memcpy.o)
                0x0000da2c                memcpy
 .text          0x0000dbbc       0xd4 c:/program files/actel/softconsole v3.2/sourcery-g++/bin/../lib/gcc/arm-none-eabi/4.4.1/../../../../arm-none-eabi/lib/thumb2\libc.a(lib_a-memset.o)
                0x0000dbbc                memset
 .text          0x0000dc90        0x8 c:/program files/actel/softconsole v3.2/sourcery-g++/bin/../lib/gcc/arm-none-eabi/4.4.1/../../../../arm-none-eabi/lib/thumb2\libc.a(lib_a-mlock.o)
                0x0000dc90                __malloc_lock
                0x0000dc94                __malloc_unlock
 .text          0x0000dc98       0x64 c:/program files/actel/softconsole v3.2/sourcery-g++/bin/../lib/gcc/arm-none-eabi/4.4.1/../../../../arm-none-eabi/lib/thumb2\libc.a(lib_a-printf.o)
                0x0000dc98                printf
                0x0000dcd0                _printf_r
 .text          0x0000dcfc      0x108 c:/program files/actel/softconsole v3.2/sourcery-g++/bin/../lib/gcc/arm-none-eabi/4.4.1/../../../../arm-none-eabi/lib/thumb2\libc.a(lib_a-reent.o)
                0x0000dcfc                _wrapup_reent
                0x0000dd38                cleanup_glue
                0x0000dd50                _reclaim_reent
 .text          0x0000de04       0x28 c:/program files/actel/softconsole v3.2/sourcery-g++/bin/../lib/gcc/arm-none-eabi/4.4.1/../../../../arm-none-eabi/lib/thumb2\libc.a(lib_a-sbrkr.o)
                0x0000de04                _sbrk_r
 .text          0x0000de2c      0x160 c:/program files/actel/softconsole v3.2/sourcery-g++/bin/../lib/gcc/arm-none-eabi/4.4.1/../../../../arm-none-eabi/lib/thumb2\libc.a(lib_a-signal.o)
                0x0000de2c                _raise_r
                0x0000de80                raise
                0x0000de94                _init_signal_r
                0x0000debc                _init_signal
                0x0000ded0                __sigtramp_r
                0x0000df24                __sigtramp
                0x0000df38                _signal_r
                0x0000df74                signal
 .text          0x0000df8c       0x34 c:/program files/actel/softconsole v3.2/sourcery-g++/bin/../lib/gcc/arm-none-eabi/4.4.1/../../../../arm-none-eabi/lib/thumb2\libc.a(lib_a-signalr.o)
                0x0000df8c                _getpid_r
                0x0000df94                _kill_r
 .text          0x0000dfc0       0xac c:/program files/actel/softconsole v3.2/sourcery-g++/bin/../lib/gcc/arm-none-eabi/4.4.1/../../../../arm-none-eabi/lib/thumb2\libc.a(lib_a-strncmp.o)
                0x0000dfc0                strncmp
 .text          0x0000e06c       0x78 c:/program files/actel/softconsole v3.2/sourcery-g++/bin/../lib/gcc/arm-none-eabi/4.4.1/../../../../arm-none-eabi/lib/thumb2\libc.a(lib_a-strncpy.o)
                0x0000e06c                strncpy
 .text          0x0000e0e4       0x1c c:/program files/actel/softconsole v3.2/sourcery-g++/bin/../lib/gcc/arm-none-eabi/4.4.1/../../../../arm-none-eabi/lib/thumb2\libc.a(lib_a-syswrite.o)
                0x0000e0e4                write
 .text          0x0000e100     0x192c c:/program files/actel/softconsole v3.2/sourcery-g++/bin/../lib/gcc/arm-none-eabi/4.4.1/../../../../arm-none-eabi/lib/thumb2\libc.a(lib_a-vfprintf.o)
                0x0000e11c                _vfprintf_r
                0x0000fa10                vfprintf
 .text          0x0000fa2c      0x108 c:/program files/actel/softconsole v3.2/sourcery-g++/bin/../lib/gcc/arm-none-eabi/4.4.1/../../../../arm-none-eabi/lib/thumb2\libc.a(lib_a-wsetup.o)
                0x0000fa2c                __swsetup_r
 *fill*         0x0000fb34        0x4 00
 .text          0x0000fb38      0xfc0 c:/program files/actel/softconsole v3.2/sourcery-g++/bin/../lib/gcc/arm-none-eabi/4.4.1/../../../../arm-none-eabi/lib/thumb2\libc.a(lib_a-dtoa.o)
                0x0000fc58                _dtoa_r
 .text          0x00010af8      0x17c c:/program files/actel/softconsole v3.2/sourcery-g++/bin/../lib/gcc/arm-none-eabi/4.4.1/../../../../arm-none-eabi/lib/thumb2\libc.a(lib_a-fflush.o)
                0x00010af8                _fflush_r
                0x00010c44                fflush
 .text          0x00010c74      0x1e0 c:/program files/actel/softconsole v3.2/sourcery-g++/bin/../lib/gcc/arm-none-eabi/4.4.1/../../../../arm-none-eabi/lib/thumb2\libc.a(lib_a-findfp.o)
                0x00010c74                __sfp_lock_acquire
                0x00010c78                __sfp_lock_release
                0x00010c7c                __sinit_lock_acquire
                0x00010c80                __sinit_lock_release
                0x00010c8c                __fp_unlock_all
                0x00010ca8                __fp_lock_all
                0x00010cc4                _cleanup_r
                0x00010cd4                _cleanup
                0x00010d38                __sfmoreglue
                0x00010d68                __sfp
                0x00010df4                __sinit
 .text          0x00010e54      0x264 c:/program files/actel/softconsole v3.2/sourcery-g++/bin/../lib/gcc/arm-none-eabi/4.4.1/../../../../arm-none-eabi/lib/thumb2\libc.a(lib_a-freer.o)
                0x00010e54                _malloc_trim_r
                0x00010efc                _free_r
 .text          0x000110b8      0x334 c:/program files/actel/softconsole v3.2/sourcery-g++/bin/../lib/gcc/arm-none-eabi/4.4.1/../../../../arm-none-eabi/lib/thumb2\libc.a(lib_a-fvwrite.o)
                0x000110b8                __sfvwrite_r
 .text          0x000113ec       0xa8 c:/program files/actel/softconsole v3.2/sourcery-g++/bin/../lib/gcc/arm-none-eabi/4.4.1/../../../../arm-none-eabi/lib/thumb2\libc.a(lib_a-fwalk.o)
                0x000113ec                _fwalk_reent
                0x00011444                _fwalk
 .text          0x00011494        0x0 c:/program files/actel/softconsole v3.2/sourcery-g++/bin/../lib/gcc/arm-none-eabi/4.4.1/../../../../arm-none-eabi/lib/thumb2\libc.a(lib_a-impure.o)
 .text          0x00011494       0x7c c:/program files/actel/softconsole v3.2/sourcery-g++/bin/../lib/gcc/arm-none-eabi/4.4.1/../../../../arm-none-eabi/lib/thumb2\libc.a(lib_a-locale.o)
                0x00011494                __locale_charset
                0x000114a0                _localeconv_r
                0x000114a8                localeconv
                0x000114b0                _setlocale_r
                0x000114f8                setlocale
 .text          0x00011510       0xdc c:/program files/actel/softconsole v3.2/sourcery-g++/bin/../lib/gcc/arm-none-eabi/4.4.1/../../../../arm-none-eabi/lib/thumb2\libc.a(lib_a-makebuf.o)
                0x00011510                __smakebuf_r
 .text          0x000115ec       0x74 c:/program files/actel/softconsole v3.2/sourcery-g++/bin/../lib/gcc/arm-none-eabi/4.4.1/../../../../arm-none-eabi/lib/thumb2\libc.a(lib_a-memchr.o)
                0x000115ec                memchr
 .text          0x00011660       0xb8 c:/program files/actel/softconsole v3.2/sourcery-g++/bin/../lib/gcc/arm-none-eabi/4.4.1/../../../../arm-none-eabi/lib/thumb2\libc.a(lib_a-memmove.o)
                0x00011660                memmove
 .text          0x00011718      0x968 c:/program files/actel/softconsole v3.2/sourcery-g++/bin/../lib/gcc/arm-none-eabi/4.4.1/../../../../arm-none-eabi/lib/thumb2\libc.a(lib_a-mprec.o)
                0x00011718                __hi0bits
                0x00011758                __lo0bits
                0x000117bc                __mcmp
                0x000117fc                __ulp
                0x00011844                __b2d
                0x000118e8                __ratio
                0x00011948                _mprec_log10
                0x00011984                __copybits
                0x000119d4                __any_on
                0x00011a2c                _Bfree
                0x00011a64                _Balloc
                0x00011ad4                __d2b
                0x00011ba4                __mdiff
                0x00011ca0                __lshift
                0x00011d60                __multiply
                0x00011e98                __i2b
                0x00011eac                __multadd
                0x00011f38                __pow5mult
                0x00011fe4                __s2b
 .text          0x00012080      0x3b4 c:/program files/actel/softconsole v3.2/sourcery-g++/bin/../lib/gcc/arm-none-eabi/4.4.1/../../../../arm-none-eabi/lib/thumb2\libc.a(lib_a-reallocr.o)
                0x00012080                _realloc_r
 .text          0x00012434       0x24 c:/program files/actel/softconsole v3.2/sourcery-g++/bin/../lib/gcc/arm-none-eabi/4.4.1/../../../../arm-none-eabi/lib/thumb2\libc.a(lib_a-s_isinfd.o)
                0x00012434                __isinfd
 .text          0x00012458       0x1c c:/program files/actel/softconsole v3.2/sourcery-g++/bin/../lib/gcc/arm-none-eabi/4.4.1/../../../../arm-none-eabi/lib/thumb2\libc.a(lib_a-s_isnand.o)
                0x00012458                __isnand
 .text          0x00012474       0x90 c:/program files/actel/softconsole v3.2/sourcery-g++/bin/../lib/gcc/arm-none-eabi/4.4.1/../../../../arm-none-eabi/lib/thumb2\libc.a(lib_a-stdio.o)
                0x00012474                __sclose
                0x00012480                __sseek
                0x000124a8                __swrite
                0x000124e0                __sread
 .text          0x00012504      0x1dc c:/program files/actel/softconsole v3.2/sourcery-g++/bin/../lib/gcc/arm-none-eabi/4.4.1/../../../../arm-none-eabi/lib/thumb2\libc.a(lib_a-strcmp.o)
                0x00012504                strcmp
 .text          0x000126e0       0x60 c:/program files/actel/softconsole v3.2/sourcery-g++/bin/../lib/gcc/arm-none-eabi/4.4.1/../../../../arm-none-eabi/lib/thumb2\libc.a(lib_a-strlen.o)
                0x000126e0                strlen
 .text          0x00012740       0x5c c:/program files/actel/softconsole v3.2/sourcery-g++/bin/../lib/gcc/arm-none-eabi/4.4.1/../../../../arm-none-eabi/lib/thumb2\libc.a(lib_a-callocr.o)
                0x00012740                _calloc_r
 .text          0x0001279c       0x28 c:/program files/actel/softconsole v3.2/sourcery-g++/bin/../lib/gcc/arm-none-eabi/4.4.1/../../../../arm-none-eabi/lib/thumb2\libc.a(lib_a-closer.o)
                0x0001279c                _close_r
 .text          0x000127c4       0xcc c:/program files/actel/softconsole v3.2/sourcery-g++/bin/../lib/gcc/arm-none-eabi/4.4.1/../../../../arm-none-eabi/lib/thumb2\libc.a(lib_a-fclose.o)
                0x000127c4                _fclose_r
                0x0001287c                fclose
 .text          0x00012890       0x2c c:/program files/actel/softconsole v3.2/sourcery-g++/bin/../lib/gcc/arm-none-eabi/4.4.1/../../../../arm-none-eabi/lib/thumb2\libc.a(lib_a-fstatr.o)
                0x00012890                _fstat_r
 .text          0x000128bc       0x28 c:/program files/actel/softconsole v3.2/sourcery-g++/bin/../lib/gcc/arm-none-eabi/4.4.1/../../../../arm-none-eabi/lib/thumb2\libc.a(lib_a-isattyr.o)
                0x000128bc                _isatty_r
 .text          0x000128e4       0x2c c:/program files/actel/softconsole v3.2/sourcery-g++/bin/../lib/gcc/arm-none-eabi/4.4.1/../../../../arm-none-eabi/lib/thumb2\libc.a(lib_a-lseekr.o)
                0x000128e4                _lseek_r
 .text          0x00012910       0x2c c:/program files/actel/softconsole v3.2/sourcery-g++/bin/../lib/gcc/arm-none-eabi/4.4.1/../../../../arm-none-eabi/lib/thumb2\libc.a(lib_a-readr.o)
                0x00012910                _read_r
 *fill*         0x0001293c        0x4 00
 .text          0x00012940      0x278 c:/program files/actel/softconsole v3.2/sourcery-g++/bin/../lib/gcc/arm-none-eabi/4.4.1/thumb2\libgcc.a(_udivsi3.o)
                0x00012940                __aeabi_uidiv
                0x00012940                __udivsi3
                0x00012b9c                __aeabi_uidivmod
 .text          0x00012bb8        0x4 c:/program files/actel/softconsole v3.2/sourcery-g++/bin/../lib/gcc/arm-none-eabi/4.4.1/thumb2\libgcc.a(_dvmd_tls.o)
                0x00012bb8                __aeabi_idiv0
                0x00012bb8                __aeabi_ldiv0
 .text          0x00012bbc      0x370 c:/program files/actel/softconsole v3.2/sourcery-g++/bin/../lib/gcc/arm-none-eabi/4.4.1/thumb2\libgcc.a(_arm_addsubdf3.o)
                0x00012bbc                __aeabi_drsub
                0x00012bc4                __aeabi_dsub
                0x00012bc4                __subdf3
                0x00012bc8                __aeabi_dadd
                0x00012bc8                __adddf3
                0x00012e40                __floatunsidf
                0x00012e40                __aeabi_ui2d
                0x00012e60                __floatsidf
                0x00012e60                __aeabi_i2d
                0x00012e84                __aeabi_f2d
                0x00012e84                __extendsfdf2
                0x00012ec0                __floatundidf
                0x00012ec0                __aeabi_ul2d
                0x00012ed0                __floatdidf
                0x00012ed0                __aeabi_l2d
 .text          0x00012f2c      0x424 c:/program files/actel/softconsole v3.2/sourcery-g++/bin/../lib/gcc/arm-none-eabi/4.4.1/thumb2\libgcc.a(_arm_muldivdf3.o)
                0x00012f2c                __aeabi_dmul
                0x00012f2c                __muldf3
                0x00013180                __divdf3
                0x00013180                __aeabi_ddiv
 .text          0x00013350      0x110 c:/program files/actel/softconsole v3.2/sourcery-g++/bin/../lib/gcc/arm-none-eabi/4.4.1/thumb2\libgcc.a(_arm_cmpdf2.o)
                0x00013350                __gtdf2
                0x00013350                __gedf2
                0x00013358                __ltdf2
                0x00013358                __ledf2
                0x00013360                __nedf2
                0x00013360                __eqdf2
                0x00013360                __cmpdf2
                0x000133dc                __aeabi_cdrcmple
                0x000133ec                __aeabi_cdcmpeq
                0x000133ec                __aeabi_cdcmple
                0x000133fc                __aeabi_dcmpeq
                0x00013410                __aeabi_dcmplt
                0x00013424                __aeabi_dcmple
                0x00013438                __aeabi_dcmpge
                0x0001344c                __aeabi_dcmpgt
 .text          0x00013460       0x50 c:/program files/actel/softconsole v3.2/sourcery-g++/bin/../lib/gcc/arm-none-eabi/4.4.1/thumb2\libgcc.a(_arm_fixdfsi.o)
                0x00013460                __aeabi_d2iz
                0x00013460                __fixdfsi
 .text          0x000134b0       0x2c c:/program files/actel/softconsole v3.2/sourcery-g++/bin/../lib/gcc/arm-none-eabi/4.4.1/thumb2\libgcc.a(_aeabi_uldivmod.o)
                0x000134b0                __aeabi_uldivmod
 .text          0x000134dc       0x58 c:/program files/actel/softconsole v3.2/sourcery-g++/bin/../lib/gcc/arm-none-eabi/4.4.1/thumb2\libgcc.a(bpabi.o)
                0x000134dc                __gnu_uldivmod_helper
                0x00013508                __gnu_ldivmod_helper
 .text          0x00013534      0x35c c:/program files/actel/softconsole v3.2/sourcery-g++/bin/../lib/gcc/arm-none-eabi/4.4.1/thumb2\libgcc.a(_divdi3.o)
                0x00013534                __divdi3
 .text          0x00013890      0x304 c:/program files/actel/softconsole v3.2/sourcery-g++/bin/../lib/gcc/arm-none-eabi/4.4.1/thumb2\libgcc.a(_udivdi3.o)
                0x00013890                __udivdi3
 .text          0x00013b94        0x0 c:/program files/actel/softconsole v3.2/sourcery-g++/bin/../lib/gcc/arm-none-eabi/4.4.1/thumb2/crtend.o
 .text          0x00013b94        0x0 c:/program files/actel/softconsole v3.2/sourcery-g++/bin/../lib/gcc/arm-none-eabi/4.4.1/thumb2/crtn.o
 *(.plt)
 *(.gnu.warning)
 *(.glue_7t)
 .glue_7t       0x00000000        0x0 linker stubs
 *(.glue_7)
 .glue_7        0x00000000        0x0 linker stubs
 *(.vfp11_veneer)
 .vfp11_veneer  0x00000000        0x0 linker stubs
                0x00013b94                . = ALIGN (0x4)
 *crtbegin.o(.ctors)
 *(EXCLUDE_FILE(*crtend.o) .ctors)
 *(SORT(.ctors.*))
 *crtend.o(.ctors)
 *crtbegin.o(.dtors)
 *(EXCLUDE_FILE(*crtend.o) .dtors)
 *(SORT(.dtors.*))
 *crtend.o(.dtors)
 *(.rodata .rodata.* .gnu.linkonce.r.*)
 .rodata        0x00013b94       0x38 ./main.o
 .rodata        0x00013bcc       0xb4 ./drivers_config/mss_ace/ace_config.o
                0x00013bcc                g_ace_current_resistors
                0x00013be0                g_ace_channel_0_name
                0x00013bf4                g_ace_channel_1_name
                0x00013c08                g_ace_channel_2_name
                0x00013c20                g_ace_sse_proc_0_name
                0x00013c2c                g_ace_sse_proc_0_sequence
                0x00013c58                g_ace_sse_proc_1_name
                0x00013c64                g_ace_sse_proc_1_sequence
                0x00013c6c                g_ace_sse_proc_2_name
                0x00013c78                g_ace_sse_proc_2_sequence
 .rodata        0x00013c80       0x48 ./drivers/mss_pdma/mss_pdma.o
                0x00013c80                src_dest_to_ctrl_reg_lut
 .rodata        0x00013cc8       0xc0 ./drivers/mss_gpio/mss_gpio.o
 .rodata        0x00013d88      0x400 ./drivers/mss_ethernet_mac/crc32.o
 .rodata        0x00014188      0x158 ./drivers/mss_ethernet_mac/mss_ethernet_mac.o
 .rodata        0x000142e0       0xcc ./drivers/mss_ace/ace_convert.o
 .rodata        0x000143ac       0x24 ./drivers/mss_ace/ace_sse.o
 .rodata        0x000143d0       0x50 ./drivers/mss_ace/mss_ace.o
                0x00014410                comp_id_2_scb_lut
 .rodata        0x00014420        0x4 ./drivers/mac/tcpip.o
 .rodata        0x00014424        0x8 ./FreeRTOS/Source/tasks.o
 .rodata        0x0001442c        0x4 ./FreeRTOS/Source/portable/GCC/ARM_CM3/port.o
                0x0001442c                ulKernelPriority
 .rodata        0x00014430       0x10 ./CMSIS/system_a2fxxxm3.o
 .rodata        0x00014440       0x1c ./CMSIS/startup_gcc/newlib_stubs.o
 .rodata        0x0001445c      0x540 ./BSP/oled_driver/oled.o
                0x0001445c                oled_ascii_character_set
 .rodata        0x0001499c       0x20 c:/program files/actel/softconsole v3.2/sourcery-g++/bin/../lib/gcc/arm-none-eabi/4.4.1/../../../../arm-none-eabi/lib/thumb2\libc.a(lib_a-vfprintf.o)
 .rodata.str1.4
                0x000149bc       0x42 c:/program files/actel/softconsole v3.2/sourcery-g++/bin/../lib/gcc/arm-none-eabi/4.4.1/../../../../arm-none-eabi/lib/thumb2\libc.a(lib_a-vfprintf.o)
                                 0x44 (size before relaxing)
 *fill*         0x000149fe        0x2 00
 .rodata.str1.4
                0x00014a00       0x10 c:/program files/actel/softconsole v3.2/sourcery-g++/bin/../lib/gcc/arm-none-eabi/4.4.1/../../../../arm-none-eabi/lib/thumb2\libc.a(lib_a-dtoa.o)
                                 0x14 (size before relaxing)
 .rodata        0x00014a10       0x60 c:/program files/actel/softconsole v3.2/sourcery-g++/bin/../lib/gcc/arm-none-eabi/4.4.1/../../../../arm-none-eabi/lib/thumb2\libc.a(lib_a-findfp.o)
                0x00014a10                __sf_fake_stdin
                0x00014a30                __sf_fake_stdout
                0x00014a50                __sf_fake_stderr
 .rodata        0x00014a70        0x4 c:/program files/actel/softconsole v3.2/sourcery-g++/bin/../lib/gcc/arm-none-eabi/4.4.1/../../../../arm-none-eabi/lib/thumb2\libc.a(lib_a-impure.o)
                0x00014a70                _global_impure_ptr
 .rodata.str1.4
                0x00014a74        0x2 c:/program files/actel/softconsole v3.2/sourcery-g++/bin/../lib/gcc/arm-none-eabi/4.4.1/../../../../arm-none-eabi/lib/thumb2\libc.a(lib_a-impure.o)
                                  0x4 (size before relaxing)
 *fill*         0x00014a76        0x2 00
 .rodata        0x00014a78       0x34 c:/program files/actel/softconsole v3.2/sourcery-g++/bin/../lib/gcc/arm-none-eabi/4.4.1/../../../../arm-none-eabi/lib/thumb2\libc.a(lib_a-locale.o)
 .rodata.str1.4
                0x00014aac       0x10 c:/program files/actel/softconsole v3.2/sourcery-g++/bin/../lib/gcc/arm-none-eabi/4.4.1/../../../../arm-none-eabi/lib/thumb2\libc.a(lib_a-locale.o)
                                 0x18 (size before relaxing)
 *fill*         0x00014abc        0x4 00
 .rodata        0x00014ac0      0x128 c:/program files/actel/softconsole v3.2/sourcery-g++/bin/../lib/gcc/arm-none-eabi/4.4.1/../../../../arm-none-eabi/lib/thumb2\libc.a(lib_a-mprec.o)
                0x00014ac0                __mprec_tens
                0x00014b98                __mprec_bigtens
                0x00014bc0                __mprec_tinytens
 *(.ARM.extab* .gnu.linkonce.armextab.*)
 .ARM.extab     0x00014be8        0x0 c:/program files/actel/softconsole v3.2/sourcery-g++/bin/../lib/gcc/arm-none-eabi/4.4.1/thumb2\libgcc.a(_divdi3.o)
 .ARM.extab     0x00014be8        0x0 c:/program files/actel/softconsole v3.2/sourcery-g++/bin/../lib/gcc/arm-none-eabi/4.4.1/thumb2\libgcc.a(_udivdi3.o)
 *(.gcc_except_table)
 *(.eh_frame_hdr)
 *(.eh_frame)
 .eh_frame      0x00014be8        0x0 c:/program files/actel/softconsole v3.2/sourcery-g++/bin/../lib/gcc/arm-none-eabi/4.4.1/thumb2/crtbegin.o
 .eh_frame      0x00014be8        0x4 c:/program files/actel/softconsole v3.2/sourcery-g++/bin/../lib/gcc/arm-none-eabi/4.4.1/thumb2/crtend.o
 *(.init)
 .init          0x00014bec        0x4 c:/program files/actel/softconsole v3.2/sourcery-g++/bin/../lib/gcc/arm-none-eabi/4.4.1/thumb2/crti.o
                0x00014bec                _init
 .init          0x00014bf0        0x8 c:/program files/actel/softconsole v3.2/sourcery-g++/bin/../lib/gcc/arm-none-eabi/4.4.1/thumb2/crtn.o
 *(.fini)
 .fini          0x00014bf8        0x4 c:/program files/actel/softconsole v3.2/sourcery-g++/bin/../lib/gcc/arm-none-eabi/4.4.1/thumb2/crti.o
                0x00014bf8                _fini
 .fini          0x00014bfc        0x8 c:/program files/actel/softconsole v3.2/sourcery-g++/bin/../lib/gcc/arm-none-eabi/4.4.1/thumb2/crtn.o
                0x00014c04                PROVIDE (__preinit_array_start, .)
 *(.preinit_array)
                0x00014c04                PROVIDE (__preinit_array_end, .)
                0x00014c04                PROVIDE (__init_array_start, .)
 *(SORT(.init_array.*))
 *(.init_array)
 .init_array    0x00014c04        0x4 c:/program files/actel/softconsole v3.2/sourcery-g++/bin/../lib/gcc/arm-none-eabi/4.4.1/thumb2/crtbegin.o
                0x00014c08                PROVIDE (__init_array_end, .)
                0x00014c08                PROVIDE (__fini_array_start, .)
 *(.fini_array)
 .fini_array    0x00014c08        0x4 c:/program files/actel/softconsole v3.2/sourcery-g++/bin/../lib/gcc/arm-none-eabi/4.4.1/thumb2/crtbegin.o
 *(SORT(.fini_array.*))
                0x00014c0c                PROVIDE (__fini_array_end, .)
                0x00014c0c                __exidx_start = .

.v4_bx          0x60014c0c        0x0
 .v4_bx         0x00000000        0x0 linker stubs

.ARM.exidx      0x20000000        0x8 load address 0x60014c0c
 *(.ARM.exidx* .gnu.linkonce.armexidx.*)
 .ARM.exidx     0x20000000        0x8 c:/program files/actel/softconsole v3.2/sourcery-g++/bin/../lib/gcc/arm-none-eabi/4.4.1/thumb2\libgcc.a(_divdi3.o)
 .ARM.exidx     0x20000008        0x0 c:/program files/actel/softconsole v3.2/sourcery-g++/bin/../lib/gcc/arm-none-eabi/4.4.1/thumb2\libgcc.a(_udivdi3.o)
                                  0x8 (size before relaxing)
                0x20000008                __exidx_end = .
                0x20000008                _etext = .

.data           0x20000008      0x5cc load address 0x60014c14
                0x60014c14                __data_load = LOADADDR (.data)
                0x60014c14                _sidata = LOADADDR (.data)
                0x20000008                __data_start = .
                0x20000008                _sdata = .
 *(.jcr)
 .jcr           0x20000008        0x0 c:/program files/actel/softconsole v3.2/sourcery-g++/bin/../lib/gcc/arm-none-eabi/4.4.1/thumb2/crtbegin.o
 .jcr           0x20000008        0x4 c:/program files/actel/softconsole v3.2/sourcery-g++/bin/../lib/gcc/arm-none-eabi/4.4.1/thumb2/crtend.o
 *(.got.plt)
 *(.got)
 *(.shdata)
 *(.data .data.* .gnu.linkonce.d.*)
 .data          0x2000000c        0x0 c:/program files/actel/softconsole v3.2/sourcery-g++/bin/../lib/gcc/arm-none-eabi/4.4.1/thumb2/crti.o
 .data          0x2000000c        0x4 c:/program files/actel/softconsole v3.2/sourcery-g++/bin/../lib/gcc/arm-none-eabi/4.4.1/thumb2/crtbegin.o
                0x2000000c                __dso_handle
 .data          0x20000010        0x0 ./main.o
 .data          0x20000010       0x78 ./drivers_config/mss_ace/ace_config.o
                0x20000010                g_ace_adc_config
                0x2000001c                g_ace_channel_desc_table
                0x2000004c                g_sse_sequences_desc_table
 .data          0x20000088        0x0 ./drivers/mss_uart/mss_uart.o
 .data          0x20000088        0x0 ./drivers/mss_spi/mss_spi.o
 .data          0x20000088        0x0 ./drivers/mss_pdma/mss_pdma.o
 .data          0x20000088        0x0 ./drivers/mss_gpio/mss_gpio.o
 .data          0x20000088        0x0 ./drivers/mss_ethernet_mac/crc32.o
 .data          0x20000088        0x0 ./drivers/mss_ethernet_mac/mss_ethernet_mac.o
 .data          0x20000088        0x0 ./drivers/mss_ethernet_mac/phy.o
 .data          0x20000088        0x0 ./drivers/mss_ace/ace_convert.o
 .data          0x20000088        0x0 ./drivers/mss_ace/ace_flags.o
 .data          0x20000088        0x0 ./drivers/mss_ace/ace_sse.o
 .data          0x20000088        0x0 ./drivers/mss_ace/ace_transform.o
 .data          0x20000088        0x0 ./drivers/mss_ace/mss_ace.o
 .data          0x20000088       0x14 ./drivers/mac/tcpip.o
                0x20000088                my_ip
                0x2000008c                my_mac
                0x20000094                rtc_match_count
 .data          0x2000009c        0x0 ./application_tasks/led_task.o
 .data          0x2000009c        0x0 ./FreeRTOS/Source/croutine.o
 .data          0x2000009c        0x0 ./FreeRTOS/Source/list.o
 .data          0x2000009c        0x0 ./FreeRTOS/Source/queue.o
 .data          0x2000009c        0x0 ./FreeRTOS/Source/tasks.o
 .data          0x2000009c        0x0 ./FreeRTOS/Source/portable/GCC/ARM_CM3/heap_3.o
 .data          0x2000009c        0x4 ./FreeRTOS/Source/portable/GCC/ARM_CM3/port.o
 .data          0x200000a0        0x0 ./CMSIS/core_cm3.o
 .data          0x200000a0       0x18 ./CMSIS/system_a2fxxxm3.o
                0x200000a0                SystemFrequency
                0x200000a4                SystemCoreClock
                0x200000a8                g_FrequencyPCLK0
                0x200000ac                g_FrequencyPCLK1
                0x200000b0                g_FrequencyACE
                0x200000b4                g_FrequencyFPGA
 .data          0x200000b8        0x4 ./CMSIS/startup_gcc/newlib_stubs.o
                0x200000b8                environ
 .data          0x200000bc        0x0 ./CMSIS/startup_gcc/startup_a2fxxxm3.o
 .data          0x200000bc        0x0 ./BSP/spi_flash_driver/spi_flash.o
 .data          0x200000bc        0x4 ./BSP/oled_driver/oled.o
 .data          0x200000c0        0x0 ./BSP/i2c_driver/i2c.o
 .data          0x200000c0        0x0 c:/program files/actel/softconsole v3.2/sourcery-g++/bin/../lib/gcc/arm-none-eabi/4.4.1/../../../../arm-none-eabi/lib/thumb2\libc.a(lib_a-abort.o)
 .data          0x200000c0        0x0 c:/program files/actel/softconsole v3.2/sourcery-g++/bin/../lib/gcc/arm-none-eabi/4.4.1/../../../../arm-none-eabi/lib/thumb2\libc.a(lib_a-init.o)
 .data          0x200000c0        0x0 c:/program files/actel/softconsole v3.2/sourcery-g++/bin/../lib/gcc/arm-none-eabi/4.4.1/../../../../arm-none-eabi/lib/thumb2\libc.a(lib_a-malloc.o)
 .data          0x200000c0      0x410 c:/program files/actel/softconsole v3.2/sourcery-g++/bin/../lib/gcc/arm-none-eabi/4.4.1/../../../../arm-none-eabi/lib/thumb2\libc.a(lib_a-mallocr.o)
                0x200000c0                __malloc_av_
                0x200004c8                __malloc_sbrk_base
                0x200004cc                __malloc_trim_threshold
 .data          0x200004d0        0x0 c:/program files/actel/softconsole v3.2/sourcery-g++/bin/../lib/gcc/arm-none-eabi/4.4.1/../../../../arm-none-eabi/lib/thumb2\libc.a(lib_a-memcmp.o)
 .data          0x200004d0        0x0 c:/program files/actel/softconsole v3.2/sourcery-g++/bin/../lib/gcc/arm-none-eabi/4.4.1/../../../../arm-none-eabi/lib/thumb2\libc.a(lib_a-memcpy.o)
 .data          0x200004d0        0x0 c:/program files/actel/softconsole v3.2/sourcery-g++/bin/../lib/gcc/arm-none-eabi/4.4.1/../../../../arm-none-eabi/lib/thumb2\libc.a(lib_a-memset.o)
 .data          0x200004d0        0x0 c:/program files/actel/softconsole v3.2/sourcery-g++/bin/../lib/gcc/arm-none-eabi/4.4.1/../../../../arm-none-eabi/lib/thumb2\libc.a(lib_a-mlock.o)
 .data          0x200004d0        0x0 c:/program files/actel/softconsole v3.2/sourcery-g++/bin/../lib/gcc/arm-none-eabi/4.4.1/../../../../arm-none-eabi/lib/thumb2\libc.a(lib_a-printf.o)
 .data          0x200004d0        0x0 c:/program files/actel/softconsole v3.2/sourcery-g++/bin/../lib/gcc/arm-none-eabi/4.4.1/../../../../arm-none-eabi/lib/thumb2\libc.a(lib_a-reent.o)
 .data          0x200004d0        0x0 c:/program files/actel/softconsole v3.2/sourcery-g++/bin/../lib/gcc/arm-none-eabi/4.4.1/../../../../arm-none-eabi/lib/thumb2\libc.a(lib_a-sbrkr.o)
 .data          0x200004d0        0x0 c:/program files/actel/softconsole v3.2/sourcery-g++/bin/../lib/gcc/arm-none-eabi/4.4.1/../../../../arm-none-eabi/lib/thumb2\libc.a(lib_a-signal.o)
 .data          0x200004d0        0x0 c:/program files/actel/softconsole v3.2/sourcery-g++/bin/../lib/gcc/arm-none-eabi/4.4.1/../../../../arm-none-eabi/lib/thumb2\libc.a(lib_a-signalr.o)
 .data          0x200004d0        0x0 c:/program files/actel/softconsole v3.2/sourcery-g++/bin/../lib/gcc/arm-none-eabi/4.4.1/../../../../arm-none-eabi/lib/thumb2\libc.a(lib_a-strncmp.o)
 .data          0x200004d0        0x0 c:/program files/actel/softconsole v3.2/sourcery-g++/bin/../lib/gcc/arm-none-eabi/4.4.1/../../../../arm-none-eabi/lib/thumb2\libc.a(lib_a-strncpy.o)
 .data          0x200004d0        0x0 c:/program files/actel/softconsole v3.2/sourcery-g++/bin/../lib/gcc/arm-none-eabi/4.4.1/../../../../arm-none-eabi/lib/thumb2\libc.a(lib_a-syswrite.o)
 .data          0x200004d0        0x0 c:/program files/actel/softconsole v3.2/sourcery-g++/bin/../lib/gcc/arm-none-eabi/4.4.1/../../../../arm-none-eabi/lib/thumb2\libc.a(lib_a-vfprintf.o)
 .data          0x200004d0        0x0 c:/program files/actel/softconsole v3.2/sourcery-g++/bin/../lib/gcc/arm-none-eabi/4.4.1/../../../../arm-none-eabi/lib/thumb2\libc.a(lib_a-wsetup.o)
 .data          0x200004d0        0x0 c:/program files/actel/softconsole v3.2/sourcery-g++/bin/../lib/gcc/arm-none-eabi/4.4.1/../../../../arm-none-eabi/lib/thumb2\libc.a(lib_a-dtoa.o)
 .data          0x200004d0        0x0 c:/program files/actel/softconsole v3.2/sourcery-g++/bin/../lib/gcc/arm-none-eabi/4.4.1/../../../../arm-none-eabi/lib/thumb2\libc.a(lib_a-fflush.o)
 .data          0x200004d0        0x0 c:/program files/actel/softconsole v3.2/sourcery-g++/bin/../lib/gcc/arm-none-eabi/4.4.1/../../../../arm-none-eabi/lib/thumb2\libc.a(lib_a-findfp.o)
 .data          0x200004d0        0x0 c:/program files/actel/softconsole v3.2/sourcery-g++/bin/../lib/gcc/arm-none-eabi/4.4.1/../../../../arm-none-eabi/lib/thumb2\libc.a(lib_a-freer.o)
 .data          0x200004d0        0x0 c:/program files/actel/softconsole v3.2/sourcery-g++/bin/../lib/gcc/arm-none-eabi/4.4.1/../../../../arm-none-eabi/lib/thumb2\libc.a(lib_a-fvwrite.o)
 .data          0x200004d0        0x0 c:/program files/actel/softconsole v3.2/sourcery-g++/bin/../lib/gcc/arm-none-eabi/4.4.1/../../../../arm-none-eabi/lib/thumb2\libc.a(lib_a-fwalk.o)
 .data          0x200004d0       0xf4 c:/program files/actel/softconsole v3.2/sourcery-g++/bin/../lib/gcc/arm-none-eabi/4.4.1/../../../../arm-none-eabi/lib/thumb2\libc.a(lib_a-impure.o)
                0x200004d0                _impure_ptr
 .data          0x200005c4       0x10 c:/program files/actel/softconsole v3.2/sourcery-g++/bin/../lib/gcc/arm-none-eabi/4.4.1/../../../../arm-none-eabi/lib/thumb2\libc.a(lib_a-locale.o)
                0x200005c4                __mb_cur_max
                0x200005c8                __lc_ctype
 .data          0x200005d4        0x0 c:/program files/actel/softconsole v3.2/sourcery-g++/bin/../lib/gcc/arm-none-eabi/4.4.1/../../../../arm-none-eabi/lib/thumb2\libc.a(lib_a-makebuf.o)
 .data          0x200005d4        0x0 c:/program files/actel/softconsole v3.2/sourcery-g++/bin/../lib/gcc/arm-none-eabi/4.4.1/../../../../arm-none-eabi/lib/thumb2\libc.a(lib_a-memchr.o)
 .data          0x200005d4        0x0 c:/program files/actel/softconsole v3.2/sourcery-g++/bin/../lib/gcc/arm-none-eabi/4.4.1/../../../../arm-none-eabi/lib/thumb2\libc.a(lib_a-memmove.o)
 .data          0x200005d4        0x0 c:/program files/actel/softconsole v3.2/sourcery-g++/bin/../lib/gcc/arm-none-eabi/4.4.1/../../../../arm-none-eabi/lib/thumb2\libc.a(lib_a-mprec.o)
 .data          0x200005d4        0x0 c:/program files/actel/softconsole v3.2/sourcery-g++/bin/../lib/gcc/arm-none-eabi/4.4.1/../../../../arm-none-eabi/lib/thumb2\libc.a(lib_a-reallocr.o)
 .data          0x200005d4        0x0 c:/program files/actel/softconsole v3.2/sourcery-g++/bin/../lib/gcc/arm-none-eabi/4.4.1/../../../../arm-none-eabi/lib/thumb2\libc.a(lib_a-s_isinfd.o)
 .data          0x200005d4        0x0 c:/program files/actel/softconsole v3.2/sourcery-g++/bin/../lib/gcc/arm-none-eabi/4.4.1/../../../../arm-none-eabi/lib/thumb2\libc.a(lib_a-s_isnand.o)
 .data          0x200005d4        0x0 c:/program files/actel/softconsole v3.2/sourcery-g++/bin/../lib/gcc/arm-none-eabi/4.4.1/../../../../arm-none-eabi/lib/thumb2\libc.a(lib_a-stdio.o)
 .data          0x200005d4        0x0 c:/program files/actel/softconsole v3.2/sourcery-g++/bin/../lib/gcc/arm-none-eabi/4.4.1/../../../../arm-none-eabi/lib/thumb2\libc.a(lib_a-strcmp.o)
 .data          0x200005d4        0x0 c:/program files/actel/softconsole v3.2/sourcery-g++/bin/../lib/gcc/arm-none-eabi/4.4.1/../../../../arm-none-eabi/lib/thumb2\libc.a(lib_a-strlen.o)
 .data          0x200005d4        0x0 c:/program files/actel/softconsole v3.2/sourcery-g++/bin/../lib/gcc/arm-none-eabi/4.4.1/../../../../arm-none-eabi/lib/thumb2\libc.a(lib_a-callocr.o)
 .data          0x200005d4        0x0 c:/program files/actel/softconsole v3.2/sourcery-g++/bin/../lib/gcc/arm-none-eabi/4.4.1/../../../../arm-none-eabi/lib/thumb2\libc.a(lib_a-closer.o)
 .data          0x200005d4        0x0 c:/program files/actel/softconsole v3.2/sourcery-g++/bin/../lib/gcc/arm-none-eabi/4.4.1/../../../../arm-none-eabi/lib/thumb2\libc.a(lib_a-fclose.o)
 .data          0x200005d4        0x0 c:/program files/actel/softconsole v3.2/sourcery-g++/bin/../lib/gcc/arm-none-eabi/4.4.1/../../../../arm-none-eabi/lib/thumb2\libc.a(lib_a-fstatr.o)
 .data          0x200005d4        0x0 c:/program files/actel/softconsole v3.2/sourcery-g++/bin/../lib/gcc/arm-none-eabi/4.4.1/../../../../arm-none-eabi/lib/thumb2\libc.a(lib_a-isattyr.o)
 .data          0x200005d4        0x0 c:/program files/actel/softconsole v3.2/sourcery-g++/bin/../lib/gcc/arm-none-eabi/4.4.1/../../../../arm-none-eabi/lib/thumb2\libc.a(lib_a-lseekr.o)
 .data          0x200005d4        0x0 c:/program files/actel/softconsole v3.2/sourcery-g++/bin/../lib/gcc/arm-none-eabi/4.4.1/../../../../arm-none-eabi/lib/thumb2\libc.a(lib_a-readr.o)
 .data          0x200005d4        0x0 c:/program files/actel/softconsole v3.2/sourcery-g++/bin/../lib/gcc/arm-none-eabi/4.4.1/thumb2\libgcc.a(_udivsi3.o)
 .data          0x200005d4        0x0 c:/program files/actel/softconsole v3.2/sourcery-g++/bin/../lib/gcc/arm-none-eabi/4.4.1/thumb2\libgcc.a(_dvmd_tls.o)
 .data          0x200005d4        0x0 c:/program files/actel/softconsole v3.2/sourcery-g++/bin/../lib/gcc/arm-none-eabi/4.4.1/thumb2\libgcc.a(_arm_addsubdf3.o)
 .data          0x200005d4        0x0 c:/program files/actel/softconsole v3.2/sourcery-g++/bin/../lib/gcc/arm-none-eabi/4.4.1/thumb2\libgcc.a(_arm_muldivdf3.o)
 .data          0x200005d4        0x0 c:/program files/actel/softconsole v3.2/sourcery-g++/bin/../lib/gcc/arm-none-eabi/4.4.1/thumb2\libgcc.a(_arm_cmpdf2.o)
 .data          0x200005d4        0x0 c:/program files/actel/softconsole v3.2/sourcery-g++/bin/../lib/gcc/arm-none-eabi/4.4.1/thumb2\libgcc.a(_arm_fixdfsi.o)
 .data          0x200005d4        0x0 c:/program files/actel/softconsole v3.2/sourcery-g++/bin/../lib/gcc/arm-none-eabi/4.4.1/thumb2\libgcc.a(_aeabi_uldivmod.o)
 .data          0x200005d4        0x0 c:/program files/actel/softconsole v3.2/sourcery-g++/bin/../lib/gcc/arm-none-eabi/4.4.1/thumb2\libgcc.a(bpabi.o)
 .data          0x200005d4        0x0 c:/program files/actel/softconsole v3.2/sourcery-g++/bin/../lib/gcc/arm-none-eabi/4.4.1/thumb2\libgcc.a(_divdi3.o)
 .data          0x200005d4        0x0 c:/program files/actel/softconsole v3.2/sourcery-g++/bin/../lib/gcc/arm-none-eabi/4.4.1/thumb2\libgcc.a(_udivdi3.o)
 .data          0x200005d4        0x0 c:/program files/actel/softconsole v3.2/sourcery-g++/bin/../lib/gcc/arm-none-eabi/4.4.1/thumb2/crtend.o
 .data          0x200005d4        0x0 c:/program files/actel/softconsole v3.2/sourcery-g++/bin/../lib/gcc/arm-none-eabi/4.4.1/thumb2/crtn.o
                0x200005d4                . = ALIGN (0x4)
                0x200005d4                _edata = .

.bss            0x200005d4     0x53dc load address 0x600151e0
                0x200005d4                __bss_start__ = .
                0x200005d4                _sbss = .
 *(.shbss)
 *(.bss .bss.* .gnu.linkonce.b.*)
 .bss           0x200005d4        0x0 c:/program files/actel/softconsole v3.2/sourcery-g++/bin/../lib/gcc/arm-none-eabi/4.4.1/thumb2/crti.o
 .bss           0x200005d4       0x1c c:/program files/actel/softconsole v3.2/sourcery-g++/bin/../lib/gcc/arm-none-eabi/4.4.1/thumb2/crtbegin.o
 .bss           0x200005f0        0x4 ./main.o
                0x200005f0                ledTaskHndl
 .bss           0x200005f4        0x4 ./drivers_config/mss_ace/ace_config.o
                0x200005f4                g_ppe_flags_desc_table
 .bss           0x200005f8        0x0 ./drivers/mss_uart/mss_uart.o
 .bss           0x200005f8        0x0 ./drivers/mss_spi/mss_spi.o
 .bss           0x200005f8       0x38 ./drivers/mss_pdma/mss_pdma.o
 .bss           0x20000630        0x0 ./drivers/mss_gpio/mss_gpio.o
 .bss           0x20000630        0x0 ./drivers/mss_ethernet_mac/crc32.o
 .bss           0x20000630        0xc ./drivers/mss_ethernet_mac/mss_ethernet_mac.o
 .bss           0x2000063c        0x0 ./drivers/mss_ethernet_mac/phy.o
 .bss           0x2000063c       0x10 ./drivers/mss_ace/ace_convert.o
 .bss           0x2000064c        0x0 ./drivers/mss_ace/ace_flags.o
 .bss           0x2000064c        0x0 ./drivers/mss_ace/ace_sse.o
 .bss           0x2000064c        0x0 ./drivers/mss_ace/ace_transform.o
 .bss           0x2000064c        0x0 ./drivers/mss_ace/mss_ace.o
 .bss           0x2000064c       0x14 ./drivers/mac/tcpip.o
                0x2000064c                selected_mode
                0x2000064d                selectedwaveform
                0x20000650                rtc_count
                0x20000658                num_pkt_tx
                0x2000065c                num_pkt_rx
 .bss           0x20000660        0x0 ./application_tasks/led_task.o
 .bss           0x20000660       0x7c ./FreeRTOS/Source/croutine.o
                0x200006cc                pxCurrentCoRoutine
 .bss           0x200006dc        0x0 ./FreeRTOS/Source/list.o
 .bss           0x200006dc        0x0 ./FreeRTOS/Source/queue.o
 .bss           0x200006dc      0x100 ./FreeRTOS/Source/tasks.o
                0x200006dc                pxCurrentTCB
 .bss           0x200007dc        0x0 ./FreeRTOS/Source/portable/GCC/ARM_CM3/heap_3.o
 .bss           0x200007dc        0x0 ./FreeRTOS/Source/portable/GCC/ARM_CM3/port.o
 .bss           0x200007dc        0x0 ./CMSIS/core_cm3.o
 .bss           0x200007dc        0x0 ./CMSIS/system_a2fxxxm3.o
 .bss           0x200007dc        0xc ./CMSIS/startup_gcc/newlib_stubs.o
                0x200007e0                __env
 .bss           0x200007e8        0x0 ./CMSIS/startup_gcc/startup_a2fxxxm3.o
 .bss           0x200007e8        0x0 ./BSP/spi_flash_driver/spi_flash.o
 .bss           0x200007e8        0x0 ./BSP/oled_driver/oled.o
 .bss           0x200007e8        0x0 ./BSP/i2c_driver/i2c.o
 .bss           0x200007e8        0x0 c:/program files/actel/softconsole v3.2/sourcery-g++/bin/../lib/gcc/arm-none-eabi/4.4.1/../../../../arm-none-eabi/lib/thumb2\libc.a(lib_a-abort.o)
 .bss           0x200007e8        0x0 c:/program files/actel/softconsole v3.2/sourcery-g++/bin/../lib/gcc/arm-none-eabi/4.4.1/../../../../arm-none-eabi/lib/thumb2\libc.a(lib_a-init.o)
 .bss           0x200007e8        0x0 c:/program files/actel/softconsole v3.2/sourcery-g++/bin/../lib/gcc/arm-none-eabi/4.4.1/../../../../arm-none-eabi/lib/thumb2\libc.a(lib_a-malloc.o)
 .bss           0x200007e8       0x34 c:/program files/actel/softconsole v3.2/sourcery-g++/bin/../lib/gcc/arm-none-eabi/4.4.1/../../../../arm-none-eabi/lib/thumb2\libc.a(lib_a-mallocr.o)
                0x200007e8                __malloc_top_pad
                0x200007ec                __malloc_current_mallinfo
                0x20000814                __malloc_max_sbrked_mem
                0x20000818                __malloc_max_total_mem
 .bss           0x2000081c        0x0 c:/program files/actel/softconsole v3.2/sourcery-g++/bin/../lib/gcc/arm-none-eabi/4.4.1/../../../../arm-none-eabi/lib/thumb2\libc.a(lib_a-memcmp.o)
 .bss           0x2000081c        0x0 c:/program files/actel/softconsole v3.2/sourcery-g++/bin/../lib/gcc/arm-none-eabi/4.4.1/../../../../arm-none-eabi/lib/thumb2\libc.a(lib_a-memcpy.o)
 .bss           0x2000081c        0x0 c:/program files/actel/softconsole v3.2/sourcery-g++/bin/../lib/gcc/arm-none-eabi/4.4.1/../../../../arm-none-eabi/lib/thumb2\libc.a(lib_a-memset.o)
 .bss           0x2000081c        0x0 c:/program files/actel/softconsole v3.2/sourcery-g++/bin/../lib/gcc/arm-none-eabi/4.4.1/../../../../arm-none-eabi/lib/thumb2\libc.a(lib_a-mlock.o)
 .bss           0x2000081c        0x0 c:/program files/actel/softconsole v3.2/sourcery-g++/bin/../lib/gcc/arm-none-eabi/4.4.1/../../../../arm-none-eabi/lib/thumb2\libc.a(lib_a-printf.o)
 .bss           0x2000081c        0x0 c:/program files/actel/softconsole v3.2/sourcery-g++/bin/../lib/gcc/arm-none-eabi/4.4.1/../../../../arm-none-eabi/lib/thumb2\libc.a(lib_a-reent.o)
 .bss           0x2000081c        0x0 c:/program files/actel/softconsole v3.2/sourcery-g++/bin/../lib/gcc/arm-none-eabi/4.4.1/../../../../arm-none-eabi/lib/thumb2\libc.a(lib_a-sbrkr.o)
 .bss           0x2000081c        0x0 c:/program files/actel/softconsole v3.2/sourcery-g++/bin/../lib/gcc/arm-none-eabi/4.4.1/../../../../arm-none-eabi/lib/thumb2\libc.a(lib_a-signal.o)
 .bss           0x2000081c        0x0 c:/program files/actel/softconsole v3.2/sourcery-g++/bin/../lib/gcc/arm-none-eabi/4.4.1/../../../../arm-none-eabi/lib/thumb2\libc.a(lib_a-signalr.o)
 .bss           0x2000081c        0x0 c:/program files/actel/softconsole v3.2/sourcery-g++/bin/../lib/gcc/arm-none-eabi/4.4.1/../../../../arm-none-eabi/lib/thumb2\libc.a(lib_a-strncmp.o)
 .bss           0x2000081c        0x0 c:/program files/actel/softconsole v3.2/sourcery-g++/bin/../lib/gcc/arm-none-eabi/4.4.1/../../../../arm-none-eabi/lib/thumb2\libc.a(lib_a-strncpy.o)
 .bss           0x2000081c        0x0 c:/program files/actel/softconsole v3.2/sourcery-g++/bin/../lib/gcc/arm-none-eabi/4.4.1/../../../../arm-none-eabi/lib/thumb2\libc.a(lib_a-syswrite.o)
 .bss           0x2000081c        0x0 c:/program files/actel/softconsole v3.2/sourcery-g++/bin/../lib/gcc/arm-none-eabi/4.4.1/../../../../arm-none-eabi/lib/thumb2\libc.a(lib_a-vfprintf.o)
 .bss           0x2000081c        0x0 c:/program files/actel/softconsole v3.2/sourcery-g++/bin/../lib/gcc/arm-none-eabi/4.4.1/../../../../arm-none-eabi/lib/thumb2\libc.a(lib_a-wsetup.o)
 .bss           0x2000081c        0x0 c:/program files/actel/softconsole v3.2/sourcery-g++/bin/../lib/gcc/arm-none-eabi/4.4.1/../../../../arm-none-eabi/lib/thumb2\libc.a(lib_a-dtoa.o)
 .bss           0x2000081c        0x0 c:/program files/actel/softconsole v3.2/sourcery-g++/bin/../lib/gcc/arm-none-eabi/4.4.1/../../../../arm-none-eabi/lib/thumb2\libc.a(lib_a-fflush.o)
 .bss           0x2000081c        0x0 c:/program files/actel/softconsole v3.2/sourcery-g++/bin/../lib/gcc/arm-none-eabi/4.4.1/../../../../arm-none-eabi/lib/thumb2\libc.a(lib_a-findfp.o)
 .bss           0x2000081c        0x0 c:/program files/actel/softconsole v3.2/sourcery-g++/bin/../lib/gcc/arm-none-eabi/4.4.1/../../../../arm-none-eabi/lib/thumb2\libc.a(lib_a-freer.o)
 .bss           0x2000081c        0x0 c:/program files/actel/softconsole v3.2/sourcery-g++/bin/../lib/gcc/arm-none-eabi/4.4.1/../../../../arm-none-eabi/lib/thumb2\libc.a(lib_a-fvwrite.o)
 .bss           0x2000081c        0x0 c:/program files/actel/softconsole v3.2/sourcery-g++/bin/../lib/gcc/arm-none-eabi/4.4.1/../../../../arm-none-eabi/lib/thumb2\libc.a(lib_a-fwalk.o)
 .bss           0x2000081c        0x0 c:/program files/actel/softconsole v3.2/sourcery-g++/bin/../lib/gcc/arm-none-eabi/4.4.1/../../../../arm-none-eabi/lib/thumb2\libc.a(lib_a-impure.o)
 .bss           0x2000081c        0xc c:/program files/actel/softconsole v3.2/sourcery-g++/bin/../lib/gcc/arm-none-eabi/4.4.1/../../../../arm-none-eabi/lib/thumb2\libc.a(lib_a-locale.o)
                0x2000081c                __nlocale_changed
                0x20000820                __mlocale_changed
                0x20000824                _PathLocale
 .bss           0x20000828        0x0 c:/program files/actel/softconsole v3.2/sourcery-g++/bin/../lib/gcc/arm-none-eabi/4.4.1/../../../../arm-none-eabi/lib/thumb2\libc.a(lib_a-makebuf.o)
 .bss           0x20000828        0x0 c:/program files/actel/softconsole v3.2/sourcery-g++/bin/../lib/gcc/arm-none-eabi/4.4.1/../../../../arm-none-eabi/lib/thumb2\libc.a(lib_a-memchr.o)
 .bss           0x20000828        0x0 c:/program files/actel/softconsole v3.2/sourcery-g++/bin/../lib/gcc/arm-none-eabi/4.4.1/../../../../arm-none-eabi/lib/thumb2\libc.a(lib_a-memmove.o)
 .bss           0x20000828        0x0 c:/program files/actel/softconsole v3.2/sourcery-g++/bin/../lib/gcc/arm-none-eabi/4.4.1/../../../../arm-none-eabi/lib/thumb2\libc.a(lib_a-mprec.o)
 .bss           0x20000828        0x0 c:/program files/actel/softconsole v3.2/sourcery-g++/bin/../lib/gcc/arm-none-eabi/4.4.1/../../../../arm-none-eabi/lib/thumb2\libc.a(lib_a-reallocr.o)
 .bss           0x20000828        0x0 c:/program files/actel/softconsole v3.2/sourcery-g++/bin/../lib/gcc/arm-none-eabi/4.4.1/../../../../arm-none-eabi/lib/thumb2\libc.a(lib_a-s_isinfd.o)
 .bss           0x20000828        0x0 c:/program files/actel/softconsole v3.2/sourcery-g++/bin/../lib/gcc/arm-none-eabi/4.4.1/../../../../arm-none-eabi/lib/thumb2\libc.a(lib_a-s_isnand.o)
 .bss           0x20000828        0x0 c:/program files/actel/softconsole v3.2/sourcery-g++/bin/../lib/gcc/arm-none-eabi/4.4.1/../../../../arm-none-eabi/lib/thumb2\libc.a(lib_a-stdio.o)
 .bss           0x20000828        0x0 c:/program files/actel/softconsole v3.2/sourcery-g++/bin/../lib/gcc/arm-none-eabi/4.4.1/../../../../arm-none-eabi/lib/thumb2\libc.a(lib_a-strcmp.o)
 .bss           0x20000828        0x0 c:/program files/actel/softconsole v3.2/sourcery-g++/bin/../lib/gcc/arm-none-eabi/4.4.1/../../../../arm-none-eabi/lib/thumb2\libc.a(lib_a-strlen.o)
 .bss           0x20000828        0x0 c:/program files/actel/softconsole v3.2/sourcery-g++/bin/../lib/gcc/arm-none-eabi/4.4.1/../../../../arm-none-eabi/lib/thumb2\libc.a(lib_a-callocr.o)
 .bss           0x20000828        0x0 c:/program files/actel/softconsole v3.2/sourcery-g++/bin/../lib/gcc/arm-none-eabi/4.4.1/../../../../arm-none-eabi/lib/thumb2\libc.a(lib_a-closer.o)
 .bss           0x20000828        0x0 c:/program files/actel/softconsole v3.2/sourcery-g++/bin/../lib/gcc/arm-none-eabi/4.4.1/../../../../arm-none-eabi/lib/thumb2\libc.a(lib_a-fclose.o)
 .bss           0x20000828        0x0 c:/program files/actel/softconsole v3.2/sourcery-g++/bin/../lib/gcc/arm-none-eabi/4.4.1/../../../../arm-none-eabi/lib/thumb2\libc.a(lib_a-fstatr.o)
 .bss           0x20000828        0x0 c:/program files/actel/softconsole v3.2/sourcery-g++/bin/../lib/gcc/arm-none-eabi/4.4.1/../../../../arm-none-eabi/lib/thumb2\libc.a(lib_a-isattyr.o)
 .bss           0x20000828        0x0 c:/program files/actel/softconsole v3.2/sourcery-g++/bin/../lib/gcc/arm-none-eabi/4.4.1/../../../../arm-none-eabi/lib/thumb2\libc.a(lib_a-lseekr.o)
 .bss           0x20000828        0x0 c:/program files/actel/softconsole v3.2/sourcery-g++/bin/../lib/gcc/arm-none-eabi/4.4.1/../../../../arm-none-eabi/lib/thumb2\libc.a(lib_a-readr.o)
 .bss           0x20000828        0x0 c:/program files/actel/softconsole v3.2/sourcery-g++/bin/../lib/gcc/arm-none-eabi/4.4.1/thumb2\libgcc.a(_udivsi3.o)
 .bss           0x20000828        0x0 c:/program files/actel/softconsole v3.2/sourcery-g++/bin/../lib/gcc/arm-none-eabi/4.4.1/thumb2\libgcc.a(_dvmd_tls.o)
 .bss           0x20000828        0x0 c:/program files/actel/softconsole v3.2/sourcery-g++/bin/../lib/gcc/arm-none-eabi/4.4.1/thumb2\libgcc.a(_arm_addsubdf3.o)
 .bss           0x20000828        0x0 c:/program files/actel/softconsole v3.2/sourcery-g++/bin/../lib/gcc/arm-none-eabi/4.4.1/thumb2\libgcc.a(_arm_muldivdf3.o)
 .bss           0x20000828        0x0 c:/program files/actel/softconsole v3.2/sourcery-g++/bin/../lib/gcc/arm-none-eabi/4.4.1/thumb2\libgcc.a(_arm_cmpdf2.o)
 .bss           0x20000828        0x0 c:/program files/actel/softconsole v3.2/sourcery-g++/bin/../lib/gcc/arm-none-eabi/4.4.1/thumb2\libgcc.a(_arm_fixdfsi.o)
 .bss           0x20000828        0x0 c:/program files/actel/softconsole v3.2/sourcery-g++/bin/../lib/gcc/arm-none-eabi/4.4.1/thumb2\libgcc.a(_aeabi_uldivmod.o)
 .bss           0x20000828        0x0 c:/program files/actel/softconsole v3.2/sourcery-g++/bin/../lib/gcc/arm-none-eabi/4.4.1/thumb2\libgcc.a(bpabi.o)
 .bss           0x20000828        0x0 c:/program files/actel/softconsole v3.2/sourcery-g++/bin/../lib/gcc/arm-none-eabi/4.4.1/thumb2\libgcc.a(_divdi3.o)
 .bss           0x20000828        0x0 c:/program files/actel/softconsole v3.2/sourcery-g++/bin/../lib/gcc/arm-none-eabi/4.4.1/thumb2\libgcc.a(_udivdi3.o)
 .bss           0x20000828        0x0 c:/program files/actel/softconsole v3.2/sourcery-g++/bin/../lib/gcc/arm-none-eabi/4.4.1/thumb2/crtend.o
 .bss           0x20000828        0x0 c:/program files/actel/softconsole v3.2/sourcery-g++/bin/../lib/gcc/arm-none-eabi/4.4.1/thumb2/crtn.o
 *(COMMON)
 COMMON         0x20000828       0x38 ./drivers/mss_uart/mss_uart.o
                0x20000828                g_mss_uart1
                0x20000844                g_mss_uart0
 COMMON         0x20000860       0xe0 ./drivers/mss_spi/mss_spi.o
                0x20000860                g_mss_spi1
                0x200008d0                g_mss_spi0
 COMMON         0x20000940     0x24cc ./drivers/mss_ethernet_mac/mss_ethernet_mac.o
                0x20000940                g_mss_mac
 COMMON         0x20002e0c     0x2b18 ./drivers/mac/tcpip.o
                0x20002e0c                ip_id
                0x20002e10                tcb
                0x20002e38                dhcp_ip_found
                0x20002e3c                g_mac
                0x20005308                ip_known
                0x2000530c                tcp_packet
                0x20005908                get_count
                0x20005910                oled_string
 COMMON         0x20005924       0x88 ./BSP/i2c_driver/i2c.o
                0x20005924                g_mss_i2c0
                0x20005968                g_mss_i2c1
 COMMON         0x200059ac        0x4 c:/program files/actel/softconsole v3.2/sourcery-g++/bin/../lib/gcc/arm-none-eabi/4.4.1/../../../../arm-none-eabi/lib/thumb2\libc.a(lib_a-reent.o)
                0x200059ac                errno
                0x200059b0                . = ALIGN (0x8)
                0x200059b0                __bss_end__ = .
                0x200059b0                _end = .
                0x200059b0                __end = _end
                0x200059b0                _ebss = .
                0x200059b0                PROVIDE (end, .)

.stab
 *(.stab)

.stabstr
 *(.stabstr)

.debug
 *(.debug)

.line
 *(.line)

.debug_srcinfo
 *(.debug_srcinfo)

.debug_sfnames
 *(.debug_sfnames)

.comment        0x00000000      0x498
 .comment       0x00000000       0x2a ./main.o
 .comment       0x0000002a       0x2a ./drivers_config/mss_ace/ace_config.o
 .comment       0x00000054       0x2a ./drivers/mss_uart/mss_uart.o
 .comment       0x0000007e       0x2a ./drivers/mss_spi/mss_spi.o
 .comment       0x000000a8       0x2a ./drivers/mss_pdma/mss_pdma.o
 .comment       0x000000d2       0x2a ./drivers/mss_gpio/mss_gpio.o
 .comment       0x000000fc       0x2a ./drivers/mss_ethernet_mac/crc32.o
 .comment       0x00000126       0x2a ./drivers/mss_ethernet_mac/mss_ethernet_mac.o
 .comment       0x00000150       0x2a ./drivers/mss_ethernet_mac/phy.o
 .comment       0x0000017a       0x2a ./drivers/mss_ace/ace_convert.o
 .comment       0x000001a4       0x2a ./drivers/mss_ace/ace_flags.o
 .comment       0x000001ce       0x2a ./drivers/mss_ace/ace_sse.o
 .comment       0x000001f8       0x2a ./drivers/mss_ace/ace_transform.o
 .comment       0x00000222       0x2a ./drivers/mss_ace/mss_ace.o
 .comment       0x0000024c       0x2a ./drivers/mac/tcpip.o
 .comment       0x00000276       0x2a ./application_tasks/led_task.o
 .comment       0x000002a0       0x2a ./FreeRTOS/Source/croutine.o
 .comment       0x000002ca       0x2a ./FreeRTOS/Source/list.o
 .comment       0x000002f4       0x2a ./FreeRTOS/Source/queue.o
 .comment       0x0000031e       0x2a ./FreeRTOS/Source/tasks.o
 .comment       0x00000348       0x2a ./FreeRTOS/Source/portable/GCC/ARM_CM3/heap_3.o
 .comment       0x00000372       0x2a ./FreeRTOS/Source/portable/GCC/ARM_CM3/port.o
 .comment       0x0000039c       0x2a ./CMSIS/core_cm3.o
 .comment       0x000003c6       0x2a ./CMSIS/system_a2fxxxm3.o
 .comment       0x000003f0       0x2a ./CMSIS/startup_gcc/newlib_stubs.o
 .comment       0x0000041a       0x2a ./BSP/spi_flash_driver/spi_flash.o
 .comment       0x00000444       0x2a ./BSP/oled_driver/oled.o
 .comment       0x0000046e       0x2a ./BSP/i2c_driver/i2c.o

.debug_aranges  0x00000000      0x340
 *(.debug_aranges)
 .debug_aranges
                0x00000000       0x20 ./main.o
 .debug_aranges
                0x00000020       0x20 ./drivers/mss_uart/mss_uart.o
 .debug_aranges
                0x00000040       0x20 ./drivers/mss_spi/mss_spi.o
 .debug_aranges
                0x00000060       0x20 ./drivers/mss_pdma/mss_pdma.o
 .debug_aranges
                0x00000080       0x20 ./drivers/mss_gpio/mss_gpio.o
 .debug_aranges
                0x000000a0       0x20 ./drivers/mss_ethernet_mac/crc32.o
 .debug_aranges
                0x000000c0       0x20 ./drivers/mss_ethernet_mac/mss_ethernet_mac.o
 .debug_aranges
                0x000000e0       0x20 ./drivers/mss_ethernet_mac/phy.o
 .debug_aranges
                0x00000100       0x20 ./drivers/mss_ace/ace_convert.o
 .debug_aranges
                0x00000120       0x20 ./drivers/mss_ace/ace_flags.o
 .debug_aranges
                0x00000140       0x20 ./drivers/mss_ace/ace_sse.o
 .debug_aranges
                0x00000160       0x20 ./drivers/mss_ace/mss_ace.o
 .debug_aranges
                0x00000180       0x20 ./drivers/mac/tcpip.o
 .debug_aranges
                0x000001a0       0x20 ./application_tasks/led_task.o
 .debug_aranges
                0x000001c0       0x20 ./FreeRTOS/Source/croutine.o
 .debug_aranges
                0x000001e0       0x20 ./FreeRTOS/Source/list.o
 .debug_aranges
                0x00000200       0x20 ./FreeRTOS/Source/queue.o
 .debug_aranges
                0x00000220       0x20 ./FreeRTOS/Source/tasks.o
 .debug_aranges
                0x00000240       0x20 ./FreeRTOS/Source/portable/GCC/ARM_CM3/heap_3.o
 .debug_aranges
                0x00000260       0x20 ./FreeRTOS/Source/portable/GCC/ARM_CM3/port.o
 .debug_aranges
                0x00000280       0x20 ./CMSIS/core_cm3.o
 .debug_aranges
                0x000002a0       0x20 ./CMSIS/system_a2fxxxm3.o
 .debug_aranges
                0x000002c0       0x20 ./CMSIS/startup_gcc/newlib_stubs.o
 .debug_aranges
                0x000002e0       0x20 ./BSP/spi_flash_driver/spi_flash.o
 .debug_aranges
                0x00000300       0x20 ./BSP/oled_driver/oled.o
 .debug_aranges
                0x00000320       0x20 ./BSP/i2c_driver/i2c.o

.debug_pubnames
                0x00000000     0x22be
 *(.debug_pubnames)
 .debug_pubnames
                0x00000000       0x3b ./main.o
 .debug_pubnames
                0x0000003b      0x18d ./drivers_config/mss_ace/ace_config.o
 .debug_pubnames
                0x000001c8      0x11a ./drivers/mss_uart/mss_uart.o
 .debug_pubnames
                0x000002e2      0x182 ./drivers/mss_spi/mss_spi.o
 .debug_pubnames
                0x00000464       0xdc ./drivers/mss_pdma/mss_pdma.o
 .debug_pubnames
                0x00000540       0xb1 ./drivers/mss_gpio/mss_gpio.o
 .debug_pubnames
                0x000005f1       0x39 ./drivers/mss_ethernet_mac/crc32.o
 .debug_pubnames
                0x0000062a      0x1d7 ./drivers/mss_ethernet_mac/mss_ethernet_mac.o
 .debug_pubnames
                0x00000801       0x96 ./drivers/mss_ethernet_mac/phy.o
 .debug_pubnames
                0x00000897      0x1be ./drivers/mss_ace/ace_convert.o
 .debug_pubnames
                0x00000a55      0x65f ./drivers/mss_ace/ace_flags.o
 .debug_pubnames
                0x000010b4       0xeb ./drivers/mss_ace/ace_sse.o
 .debug_pubnames
                0x0000119f      0x292 ./drivers/mss_ace/mss_ace.o
 .debug_pubnames
                0x00001431      0x27c ./drivers/mac/tcpip.o
 .debug_pubnames
                0x000016ad       0x4d ./application_tasks/led_task.o
 .debug_pubnames
                0x000016fa       0x96 ./FreeRTOS/Source/croutine.o
 .debug_pubnames
                0x00001790       0x71 ./FreeRTOS/Source/list.o
 .debug_pubnames
                0x00001801      0x18b ./FreeRTOS/Source/queue.o
 .debug_pubnames
                0x0000198c      0x255 ./FreeRTOS/Source/tasks.o
 .debug_pubnames
                0x00001be1       0x31 ./FreeRTOS/Source/portable/GCC/ARM_CM3/heap_3.o
 .debug_pubnames
                0x00001c12      0x101 ./FreeRTOS/Source/portable/GCC/ARM_CM3/port.o
 .debug_pubnames
                0x00001d13      0x159 ./CMSIS/core_cm3.o
 .debug_pubnames
                0x00001e6c       0xb4 ./CMSIS/system_a2fxxxm3.o