Archive member included because of file (symbol)

c:/program files/actel/softconsole v3.2/sourcery-g++/bin/../lib/gcc/arm-none-eabi/4.4.1/thumb2\libgcc.a(_arm_addsubdf3.o)
                              ./webserver/httpd-cgi.o (__aeabi_f2d)
c:/program files/actel/softconsole v3.2/sourcery-g++/bin/../lib/gcc/arm-none-eabi/4.4.1/thumb2\libgcc.a(_arm_addsubsf3.o)
                              ./application_tasks/multimeter_task.o (__aeabi_ui2f)
c:/program files/actel/softconsole v3.2/sourcery-g++/bin/../lib/gcc/arm-none-eabi/4.4.1/thumb2\libgcc.a(_arm_muldivsf3.o)
                              ./application_tasks/multimeter_task.o (__aeabi_fdiv)
c:/program files/actel/softconsole v3.2/sourcery-g++/bin/../lib/gcc/arm-none-eabi/4.4.1/../../../../arm-none-eabi/lib/thumb2\libc.a(lib_a-abort.o)
                              ./CMSIS/startup_gcc/newlib_stubs.o (abort)
c:/program files/actel/softconsole v3.2/sourcery-g++/bin/../lib/gcc/arm-none-eabi/4.4.1/../../../../arm-none-eabi/lib/thumb2\libc.a(lib_a-init.o)
                              ./CMSIS/startup_gcc/startup_a2fxxxm3.o (__libc_init_array)
c:/program files/actel/softconsole v3.2/sourcery-g++/bin/../lib/gcc/arm-none-eabi/4.4.1/../../../../arm-none-eabi/lib/thumb2\libc.a(lib_a-malloc.o)
                              ./FreeRTOS/Source/portable/GCC/ARM_CM3/heap_3.o (free)
c:/program files/actel/softconsole v3.2/sourcery-g++/bin/../lib/gcc/arm-none-eabi/4.4.1/../../../../arm-none-eabi/lib/thumb2\libc.a(lib_a-mallocr.o)
                              c:/program files/actel/softconsole v3.2/sourcery-g++/bin/../lib/gcc/arm-none-eabi/4.4.1/../../../../arm-none-eabi/lib/thumb2\libc.a(lib_a-malloc.o) (_malloc_r)
c:/program files/actel/softconsole v3.2/sourcery-g++/bin/../lib/gcc/arm-none-eabi/4.4.1/../../../../arm-none-eabi/lib/thumb2\libc.a(lib_a-memcmp.o)
                              ./drivers/mac/tcpip.o (memcmp)
c:/program files/actel/softconsole v3.2/sourcery-g++/bin/../lib/gcc/arm-none-eabi/4.4.1/../../../../arm-none-eabi/lib/thumb2\libc.a(lib_a-memcpy.o)
                              ./webserver/httpd.o (memcpy)
c:/program files/actel/softconsole v3.2/sourcery-g++/bin/../lib/gcc/arm-none-eabi/4.4.1/../../../../arm-none-eabi/lib/thumb2\libc.a(lib_a-memset.o)
                              ./uipstack/uip_arp.o (memset)
c:/program files/actel/softconsole v3.2/sourcery-g++/bin/../lib/gcc/arm-none-eabi/4.4.1/../../../../arm-none-eabi/lib/thumb2\libc.a(lib_a-mlock.o)
                              c:/program files/actel/softconsole v3.2/sourcery-g++/bin/../lib/gcc/arm-none-eabi/4.4.1/../../../../arm-none-eabi/lib/thumb2\libc.a(lib_a-mallocr.o) (__malloc_lock)
c:/program files/actel/softconsole v3.2/sourcery-g++/bin/../lib/gcc/arm-none-eabi/4.4.1/../../../../arm-none-eabi/lib/thumb2\libc.a(lib_a-printf.o)
                              ./main.o (printf)
c:/program files/actel/softconsole v3.2/sourcery-g++/bin/../lib/gcc/arm-none-eabi/4.4.1/../../../../arm-none-eabi/lib/thumb2\libc.a(lib_a-puts.o)
                              ./uipstack/psock.o (puts)
c:/program files/actel/softconsole v3.2/sourcery-g++/bin/../lib/gcc/arm-none-eabi/4.4.1/../../../../arm-none-eabi/lib/thumb2\libc.a(lib_a-reent.o)
                              ./CMSIS/startup_gcc/newlib_stubs.o (errno)
c:/program files/actel/softconsole v3.2/sourcery-g++/bin/../lib/gcc/arm-none-eabi/4.4.1/../../../../arm-none-eabi/lib/thumb2\libc.a(lib_a-sbrkr.o)
                              c:/program files/actel/softconsole v3.2/sourcery-g++/bin/../lib/gcc/arm-none-eabi/4.4.1/../../../../arm-none-eabi/lib/thumb2\libc.a(lib_a-mallocr.o) (_sbrk_r)
c:/program files/actel/softconsole v3.2/sourcery-g++/bin/../lib/gcc/arm-none-eabi/4.4.1/../../../../arm-none-eabi/lib/thumb2\libc.a(lib_a-signal.o)
                              c:/program files/actel/softconsole v3.2/sourcery-g++/bin/../lib/gcc/arm-none-eabi/4.4.1/../../../../arm-none-eabi/lib/thumb2\libc.a(lib_a-abort.o) (raise)
c:/program files/actel/softconsole v3.2/sourcery-g++/bin/../lib/gcc/arm-none-eabi/4.4.1/../../../../arm-none-eabi/lib/thumb2\libc.a(lib_a-signalr.o)
                              c:/program files/actel/softconsole v3.2/sourcery-g++/bin/../lib/gcc/arm-none-eabi/4.4.1/../../../../arm-none-eabi/lib/thumb2\libc.a(lib_a-signal.o) (_getpid_r)
c:/program files/actel/softconsole v3.2/sourcery-g++/bin/../lib/gcc/arm-none-eabi/4.4.1/../../../../arm-none-eabi/lib/thumb2\libc.a(lib_a-snprintf.o)
                              ./webserver/httpd-cgi.o (snprintf)
c:/program files/actel/softconsole v3.2/sourcery-g++/bin/../lib/gcc/arm-none-eabi/4.4.1/../../../../arm-none-eabi/lib/thumb2\libc.a(lib_a-sprintf.o)
                              ./application_tasks/standalone_task.o (sprintf)
c:/program files/actel/softconsole v3.2/sourcery-g++/bin/../lib/gcc/arm-none-eabi/4.4.1/../../../../arm-none-eabi/lib/thumb2\libc.a(lib_a-strchr.o)
                              ./webserver/httpd-cgi.o (strchr)
[...]
Memory Configuration

Name             Origin             Length             Attributes
rom              0x60000000         0x00040000         xr
romMirror        0x00000000         0x00040000         xr
ram              0x20000000         0x00010000         xrw
*default*        0x00000000         0xffffffff

Linker script and memory map

LOAD c:/program files/actel/softconsole v3.2/sourcery-g++/bin/../lib/gcc/arm-none-eabi/4.4.1/thumb2/crti.o
LOAD c:/program files/actel/softconsole v3.2/sourcery-g++/bin/../lib/gcc/arm-none-eabi/4.4.1/thumb2/crtbegin.o
LOAD ./main.o
LOAD ./webserver/http-strings.o
LOAD ./webserver/httpd-cgi.o
LOAD ./webserver/httpd-fs.o
LOAD ./webserver/httpd.o
LOAD ./uipstack/psock.o
LOAD ./uipstack/uip.o
LOAD ./uipstack/uip_arp.o
LOAD ./drivers_config/mss_ace/ace_config.o
LOAD ./drivers/mss_uart/mss_uart.o
LOAD ./drivers/mss_spi/mss_spi.o
LOAD ./drivers/mss_pdma/mss_pdma.o
LOAD ./drivers/mss_gpio/mss_gpio.o
LOAD ./drivers/mss_ethernet_mac/crc32.o
LOAD ./drivers/mss_ethernet_mac/mss_ethernet_mac.o
LOAD ./drivers/mss_ethernet_mac/phy.o
LOAD ./drivers/mss_ace/ace_convert.o
LOAD ./drivers/mss_ace/ace_flags.o
LOAD ./drivers/mss_ace/ace_sse.o
LOAD ./drivers/mss_ace/ace_transform.o
LOAD ./drivers/mss_ace/mss_ace.o
LOAD ./drivers/mac/tcpip.o
LOAD ./application_tasks/hyperterminal_task.o
LOAD ./application_tasks/led_task.o
LOAD ./application_tasks/multimeter_task.o
LOAD ./application_tasks/standalone_task.o
LOAD ./application_tasks/switch_task.o
LOAD ./application_tasks/web_task.o
LOAD ./FreeRTOS/Source/croutine.o
LOAD ./FreeRTOS/Source/list.o
LOAD ./FreeRTOS/Source/queue.o
LOAD ./FreeRTOS/Source/tasks.o
LOAD ./FreeRTOS/Source/portable/GCC/ARM_CM3/heap_3.o
LOAD ./FreeRTOS/Source/portable/GCC/ARM_CM3/port.o
LOAD ./CMSIS/core_cm3.o
LOAD ./CMSIS/system_a2fxxxm3.o
LOAD ./CMSIS/startup_gcc/newlib_stubs.o
LOAD ./CMSIS/startup_gcc/startup_a2fxxxm3.o
LOAD ./BSP/spi_flash_driver/spi_flash.o
LOAD ./BSP/oled_driver/oled.o
LOAD ./BSP/i2c_driver/i2c.o
LOAD ./BSP/emc_driver/nor.o
START GROUP
LOAD c:/program files/actel/softconsole v3.2/sourcery-g++/bin/../lib/gcc/arm-none-eabi/4.4.1/thumb2\libgcc.a
LOAD c:/program files/actel/softconsole v3.2/sourcery-g++/bin/../lib/gcc/arm-none-eabi/4.4.1/../../../../arm-none-eabi/lib/thumb2\libc.a
LOAD c:/program files/actel/softconsole v3.2/sourcery-g++/bin/../lib/gcc/arm-none-eabi/4.4.1/thumb2\libgcc.a
END GROUP
LOAD c:/program files/actel/softconsole v3.2/sourcery-g++/bin/../lib/gcc/arm-none-eabi/4.4.1/thumb2/crtend.o
LOAD c:/program files/actel/softconsole v3.2/sourcery-g++/bin/../lib/gcc/arm-none-eabi/4.4.1/thumb2/crtn.o
START GROUP
LOAD c:/program files/actel/softconsole v3.2/sourcery-g++/bin/../lib/gcc/arm-none-eabi/4.4.1/../../../../arm-none-eabi/lib/thumb2\libc.a
LOAD c:/program files/actel/softconsole v3.2/sourcery-g++/bin/../lib/gcc/arm-none-eabi/4.4.1/thumb2\libgcc.a
LOAD c:/program files/actel/softconsole v3.2/sourcery-g++/bin/../lib/gcc/arm-none-eabi/4.4.1/../../../../arm-none-eabi/lib/thumb2\libm.a
END GROUP
                0x00000000                __DYNAMIC = 0x0
                0x20000000                RAM_START_ADDRESS = 0x20000000
                0x00010000                RAM_SIZE = 0x10000
                0x00002000                MAIN_STACK_SIZE = 0x2000
                0x00001000                PROCESS_STACK_SIZE = 0x1000
                0x20010000                PROVIDE (__main_stack_start, (RAM_START_ADDRESS + RAM_SIZE))
                0x2000e000                PROVIDE (__process_stack_start, (__main_stack_start - MAIN_STACK_SIZE))
                0x20010000                PROVIDE (_estack, __main_stack_start)
                0x00000001                PROVIDE (__mirrored_nvm, 0x1)

.init           0x00000000      0x460 load address 0x60000000
 *(.isr_vector)
 .isr_vector    0x00000000      0x460 ./CMSIS/startup_gcc/startup_a2fxxxm3.o
                0x00000000                g_pfnVectors
                0x00000298                Reset_Handler
                0x000002f8                NMI_Handler
                0x000002fa                HardFault_Handler
                0x000002fc                MemManage_Handler
                0x000002fe                BusFault_Handler
                0x00000300                UsageFault_Handler
                0x00000304                DebugMon_Handler
                0x0000030a                WdogWakeup_IRQHandler
                0x0000030c                BrownOut_1_5V_IRQHandler
                0x0000030e                BrownOut_3_3V_IRQHandler
                0x00000310                RTC_Match_IRQHandler
                0x00000312                RTCIF_Pub_IRQHandler
                0x00000316                IAP_IRQHandler
                0x00000318                ENVM0_IRQHandler
                0x0000031a                ENVM1_IRQHandler
                0x00000328                I2C0_SMBAlert_IRQHandler
                0x0000032a                I2C0_SMBus_IRQHandler
                0x0000032e                I2C1_SMBAlert_IRQHandler
                0x00000330                I2C1_SMBus_IRQHandler
                0x00000332                Timer1_IRQHandler
                0x00000334                Timer2_IRQHandler
                0x00000336                PLL_Lock_IRQHandler
                0x00000338                PLL_LockLost_IRQHandler
                0x0000033a                CommError_IRQHandler
                0x0000033c                Fabric_IRQHandler
                0x0000033e                GPIO0_IRQHandler
                0x00000340                GPIO1_IRQHandler
                0x00000342                GPIO2_IRQHandler
                0x00000344                GPIO3_IRQHandler
                0x00000346                GPIO4_IRQHandler
                0x00000348                GPIO5_IRQHandler
                0x0000034a                GPIO6_IRQHandler
                0x0000034c                GPIO7_IRQHandler
                0x00000352                GPIO10_IRQHandler
                0x00000354                GPIO11_IRQHandler
                0x00000356                GPIO12_IRQHandler
                0x00000358                GPIO13_IRQHandler
                0x0000035a                GPIO14_IRQHandler
                0x0000035c                GPIO15_IRQHandler
                0x0000035e                GPIO16_IRQHandler
                0x00000360                GPIO17_IRQHandler
                0x00000362                GPIO18_IRQHandler
                0x00000364                GPIO19_IRQHandler
                0x00000366                GPIO20_IRQHandler
                0x00000368                GPIO21_IRQHandler
                0x0000036a                GPIO22_IRQHandler
                0x0000036c                GPIO23_IRQHandler
                0x0000036e                GPIO24_IRQHandler
                0x00000370                GPIO25_IRQHandler
                0x00000372                GPIO26_IRQHandler
                0x00000374                GPIO27_IRQHandler
                0x00000376                GPIO28_IRQHandler
                0x00000378                GPIO29_IRQHandler
                0x0000037a                GPIO30_IRQHandler
                0x0000037c                GPIO31_IRQHandler
                0x0000037e                ACE_PC0_Flag0_IRQHandler
                0x00000380                ACE_PC0_Flag1_IRQHandler
                0x00000382                ACE_PC0_Flag2_IRQHandler
                0x00000384                ACE_PC0_Flag3_IRQHandler
                0x00000386                ACE_PC1_Flag0_IRQHandler
                0x00000388                ACE_PC1_Flag1_IRQHandler
                0x0000038a                ACE_PC1_Flag2_IRQHandler
                0x0000038c                ACE_PC1_Flag3_IRQHandler
                0x0000038e                ACE_PC2_Flag0_IRQHandler
                0x00000390                ACE_PC2_Flag1_IRQHandler
                0x00000392                ACE_PC2_Flag2_IRQHandler
                0x00000394                ACE_PC2_Flag3_IRQHandler
                0x00000396                ACE_ADC0_DataValid_IRQHandler
                0x00000398                ACE_ADC1_DataValid_IRQHandler
                0x0000039a                ACE_ADC2_DataValid_IRQHandler
                0x0000039c                ACE_ADC0_CalDone_IRQHandler
                0x0000039e                ACE_ADC1_CalDone_IRQHandler
                0x000003a0                ACE_ADC2_CalDone_IRQHandler
                0x000003a2                ACE_ADC0_CalStart_IRQHandler
                0x000003a4                ACE_ADC1_CalStart_IRQHandler
                0x000003a6                ACE_ADC2_CalStart_IRQHandler
                0x000003a8                ACE_Comp0_Fall_IRQHandler
                0x000003aa                ACE_Comp1_Fall_IRQHandler
                0x000003ac                ACE_Comp2_Fall_IRQHandler
                0x000003ae                ACE_Comp3_Fall_IRQHandler
                0x000003b0                ACE_Comp4_Fall_IRQHandler
                0x000003b2                ACE_Comp5_Fall_IRQHandler
                0x000003b4                ACE_Comp6_Fall_IRQHandler
                0x000003b6                ACE_Comp7_Fall_IRQHandler
                0x000003b8                ACE_Comp8_Fall_IRQHandler
                0x000003ba                ACE_Comp9_Fall_IRQHandler
                0x000003bc                ACE_Comp10_Fall_IRQHandler
                0x000003be                ACE_Comp11_Fall_IRQHandler
                0x000003c0                ACE_Comp0_Rise_IRQHandler
                0x000003c2                ACE_Comp1_Rise_IRQHandler
                0x000003c4                ACE_Comp2_Rise_IRQHandler
                0x000003c6                ACE_Comp3_Rise_IRQHandler
                0x000003c8                ACE_Comp4_Rise_IRQHandler
                0x000003ca                ACE_Comp5_Rise_IRQHandler
                0x000003cc                ACE_Comp6_Rise_IRQHandler
                0x000003ce                ACE_Comp7_Rise_IRQHandler
                0x000003d0                ACE_Comp8_Rise_IRQHandler
                0x000003d2                ACE_Comp9_Rise_IRQHandler
                0x000003d4                ACE_Comp10_Rise_IRQHandler
                0x000003d6                ACE_Comp11_Rise_IRQHandler
                0x000003d8                ACE_ADC0_FifoFull_IRQHandler
                0x000003da                ACE_ADC0_FifoAFull_IRQHandler
                0x000003dc                ACE_ADC0_FifoEmpty_IRQHandler
                0x000003de                ACE_ADC1_FifoFull_IRQHandler
                0x000003e0                ACE_ADC1_FifoAFull_IRQHandler
                0x000003e2                ACE_ADC1_FifoEmpty_IRQHandler
                0x000003e4                ACE_ADC2_FifoFull_IRQHandler
                0x000003e6                ACE_ADC2_FifoAFull_IRQHandler
                0x000003e8                ACE_ADC2_FifoEmpty_IRQHandler
 *sys_boot.o(.text)
                0x00000460                . = ALIGN (0x4)

.text           0x00000460    0x21da4 load address 0x60000460
 CREATE_OBJECT_SYMBOLS
                0x60000460                __text_load = LOADADDR (.text)
                0x00000460                __text_start = .
 *(.text .text.* .gnu.linkonce.t.*)
 .text          0x00000460        0x0 c:/program files/actel/softconsole v3.2/sourcery-g++/bin/../lib/gcc/arm-none-eabi/4.4.1/thumb2/crti.o
 .text          0x00000460       0x68 c:/program files/actel/softconsole v3.2/sourcery-g++/bin/../lib/gcc/arm-none-eabi/4.4.1/thumb2/crtbegin.o
 .text          0x000004c8      0x2fc ./main.o
                0x00000520                GPIO8_IRQHandler
                0x00000558                GPIO9_IRQHandler
                0x00000590                init_system
                0x000005c4                main
 .text          0x000007c4        0x0 ./webserver/http-strings.o
 .text          0x000007c4      0x6d0 ./webserver/httpd-cgi.o
                0x000007f4                httpd_cgi
 .text          0x00000e94      0x18c ./webserver/httpd-fs.o
                0x00000f00                httpd_fs_open
                0x00000f88                httpd_fs_init
                0x00000fc0                httpd_fs_count
 .text          0x00001020      0xcb8 ./webserver/httpd.o
                0x00001bb0                httpd_appcall
                0x00001cc8                httpd_init
 .text          0x00001cd8      0x68c ./uipstack/psock.o
                0x00001fb8                psock_send
                0x0000204c                psock_generator_send
                0x00002104                psock_datalen
                0x00002128                psock_newdata
                0x00002180                psock_readto
                0x0000224c                psock_readbuf
                0x0000231c                psock_init
 .text          0x00002364     0x1f38 ./uipstack/uip.o
                0x00002364                uip_setipid
                0x00002384                uip_add32
                0x00002568                uip_chksum
                0x00002598                uip_ipchksum
                0x00002650                uip_tcpchksum
                0x00002664                uip_init
                0x00002730                uip_connect
                0x0000290c                uip_unlisten
                0x00002994                uip_listen
                0x00002a9c                uip_process
                0x00004218                htons
                0x00004248                uip_send
 .text          0x0000429c      0x7dc ./uipstack/uip_arp.o
                0x0000429c                uip_arp_init
                0x0000430c                uip_arp_timer
                0x00004630                uip_arp_arpin
                0x000047c0                uip_arp_out
 .text          0x00004a78        0x0 ./drivers_config/mss_ace/ace_config.o
 .text          0x00004a78      0x6b0 ./drivers/mss_uart/mss_uart.o
                0x00004aec                MSS_UART_init
                0x00004c9c                MSS_UART_polled_tx
                0x00004d0c                MSS_UART_polled_tx_string
                0x00004d7c                MSS_UART_irq_tx
                0x00004de0                MSS_UART_tx_complete
                0x00004e3c                MSS_UART_get_rx
                0x00005008                MSS_UART_set_rx_handler
                0x0000507c                MSS_UART_set_loopback
                0x000050d0                UART0_IRQHandler
                0x000050fc                UART1_IRQHandler
 .text          0x00005128      0xa08 ./drivers/mss_spi/mss_spi.o
                0x0000519c                MSS_SPI_init
                0x000052e4                MSS_SPI_configure_slave_mode
                0x00005388                MSS_SPI_configure_master_mode
                0x00005430                MSS_SPI_set_slave_select
                0x000054f8                MSS_SPI_clear_slave_select
                0x00005558                MSS_SPI_transfer_frame
                0x000055dc                MSS_SPI_transfer_block
                0x000057ac                MSS_SPI_set_frame_rx_handler
                0x0000580c                MSS_SPI_set_slave_tx_frame
                0x00005888                MSS_SPI_set_slave_block_buffers
                0x00005ad8                SPI0_IRQHandler
                0x00005b04                SPI1_IRQHandler
 .text          0x00005b30      0x8e8 ./drivers/mss_pdma/mss_pdma.o
                0x00005ba4                PDMA_init
                0x00005c5c                PDMA_configure
                0x00005d88                PDMA_start
                0x00005fbc                PDMA_load_next_buffer
                0x0000618c                PDMA_status
                0x00006274                DMA_IRQHandler
                0x000062f4                PDMA_set_irq_handler
                0x00006350                PDMA_enable_irq
                0x0000639c                PDMA_clear_irq
 .text          0x00006418      0x388 ./drivers/mss_gpio/mss_gpio.o
                0x0000648c                MSS_GPIO_init
                0x000064f8                MSS_GPIO_config
                0x00006534                MSS_GPIO_set_output
                0x00006574                MSS_GPIO_drive_inout
                0x0000669c                MSS_GPIO_enable_irq
                0x00006700                MSS_GPIO_disable_irq
                0x00006750                MSS_GPIO_clear_irq
 .text          0x000067a0       0x84 ./drivers/mss_ethernet_mac/crc32.o
                0x000067a0                mss_mac_crc32
                0x00006800                mss_ethernet_crc
 .text          0x00006824     0x212c ./drivers/mss_ethernet_mac/mss_ethernet_mac.o
                0x00006824                MSS_MAC_init
                0x00006b3c                MSS_MAC_configure
                0x00006d74                MSS_MAC_get_configuration
                0x00006ec4                MSS_MAC_tx_packet
                0x000072ec                MSS_MAC_rx_pckt_size
                0x0000736c                MSS_MAC_rx_packet
                0x000074c0                MSS_MAC_rx_packet_ptrset
                0x000075e4                MSS_MAC_link_status
                0x00007620                MSS_MAC_auto_setup_link
                0x000076d8                MSS_MAC_set_mac_address
                0x00007774                MSS_MAC_get_mac_address
                0x000077a0                MSS_MAC_set_mac_filters
                0x00007930                EthernetMAC_IRQHandler
                0x00007a28                MSS_MAC_set_callback
                0x00007aa0                MSS_MAC_last_error
                0x00007b00                MSS_MAC_get_statistics
                0x00007d84                MSS_MAC_prepare_rx_descriptor
 .text          0x00008950      0x464 ./drivers/mss_ethernet_mac/phy.o
                0x00008b70                PHY_probe
                0x00008bfc                PHY_reset
                0x00008c1c                PHY_auto_negotiate
                0x00008c8c                PHY_link_status
                0x00008cbc                PHY_link_type
                0x00008d04                PHY_set_link_type
                0x00008d5c                PHY_set_loopback
 .text          0x00008db4      0x878 ./drivers/mss_ace/ace_convert.o
                0x00008db4                ACE_get_channel_type
                0x00008df8                ACE_convert_adc_input_to_mV
                0x00008e5c                ace_init_convert
                0x00009010                ACE_convert_to_mV
                0x000090d8                ACE_convert_to_mA
                0x0000918c                ACE_convert_to_Kelvin
                0x000091d8                ACE_convert_to_Celsius
                0x00009214                ACE_convert_to_Fahrenheit
                0x0000926c                ACE_get_channel_name
                0x000092a4                ACE_convert_mV_to_adc_value
                0x000093b8                ACE_convert_from_mV
                0x000094a0                ACE_convert_from_mA
                0x000094f0                ACE_convert_from_Kelvin
                0x00009548                ACE_convert_from_Celsius
                0x00009594                ACE_convert_from_Fahrenheit
                0x000095f8                ACE_translate_pdma_value
 .text          0x0000962c      0x7ac ./drivers/mss_ace/ace_flags.o
                0x00009668                ace_init_flags
                0x00009674                ACE_is_hysteresis_flag
                0x00009694                ACE_is_under_flag
                0x000096b4                ACE_set_flag_threshold
                0x000096cc                ACE_set_flag_assertion
                0x000096e4                ACE_set_flag_deassertion
                0x000096fc                ACE_set_flag_hysteresis
                0x00009714                ACE_set_channel_hysteresis
                0x0000972c                ACE_get_flag_handle
                0x00009748                ACE_get_flag_status
                0x00009768                ACE_get_flag_name
                0x00009788                ACE_get_flag_channel
                0x000097a8                ACE_get_channel_flag_count
                0x000097c8                ACE_get_channel_first_flag
                0x000097e8                ACE_get_channel_next_flag
                0x00009808                ACE_enable_channel_flags_irq
                0x0000981c                ACE_disable_channel_flags_irq
                0x00009830                ACE_clear_channel_flags_irq
                0x00009844                ACE_enable_flag_irq
                0x00009858                ACE_disable_flag_irq
                0x0000986c                ACE_clear_flag_irq
                0x00009880                ACE_register_flag_isr
                0x00009898                ACE_register_channel_flags_isr
                0x000098b0                ACE_register_global_flags_isr
                0x000098d8                ACE_PPE_Flag0_IRQHandler
                0x00009900                ACE_PPE_Flag1_IRQHandler
                0x00009928                ACE_PPE_Flag2_IRQHandler
                0x00009950                ACE_PPE_Flag3_IRQHandler
                0x00009978                ACE_PPE_Flag4_IRQHandler
                0x000099a0                ACE_PPE_Flag5_IRQHandler
                0x000099c8                ACE_PPE_Flag6_IRQHandler
                0x000099f0                ACE_PPE_Flag7_IRQHandler
                0x00009a18                ACE_PPE_Flag8_IRQHandler
                0x00009a40                ACE_PPE_Flag9_IRQHandler
                0x00009a68                ACE_PPE_Flag10_IRQHandler
                0x00009a90                ACE_PPE_Flag11_IRQHandler
                0x00009ab8                ACE_PPE_Flag12_IRQHandler
                0x00009ae0                ACE_PPE_Flag13_IRQHandler
                0x00009b08                ACE_PPE_Flag14_IRQHandler
                0x00009b30                ACE_PPE_Flag15_IRQHandler
                0x00009b58                ACE_PPE_Flag16_IRQHandler
                0x00009b80                ACE_PPE_Flag17_IRQHandler
                0x00009ba8                ACE_PPE_Flag18_IRQHandler
                0x00009bd0                ACE_PPE_Flag19_IRQHandler
                0x00009bf8                ACE_PPE_Flag20_IRQHandler
                0x00009c20                ACE_PPE_Flag21_IRQHandler
                0x00009c48                ACE_PPE_Flag22_IRQHandler
                0x00009c70                ACE_PPE_Flag23_IRQHandler
                0x00009c98                ACE_PPE_Flag24_IRQHandler
                0x00009cc0                ACE_PPE_Flag25_IRQHandler
                0x00009ce8                ACE_PPE_Flag26_IRQHandler
                0x00009d10                ACE_PPE_Flag27_IRQHandler
                0x00009d38                ACE_PPE_Flag28_IRQHandler
                0x00009d60                ACE_PPE_Flag29_IRQHandler
                0x00009d88                ACE_PPE_Flag30_IRQHandler
                0x00009db0                ACE_PPE_Flag31_IRQHandler
 .text          0x00009dd8      0x71c ./drivers/mss_ace/ace_sse.o
                0x00009dd8                ACE_get_sse_seq_handle
                0x00009e5c                ACE_load_sse
                0x00009f8c                ACE_start_sse
                0x0000a0cc                ACE_restart_sse
                0x0000a1f0                ACE_stop_sse
                0x0000a244                ACE_resume_sse
                0x0000a298                ACE_enable_sse_irq
                0x0000a2e0                ACE_disable_sse_irq
                0x0000a32c                ACE_clear_sse_irq
                0x0000a37c                ACE_clear_sample_pipeline
 .text          0x0000a4f4        0x0 ./drivers/mss_ace/ace_transform.o
 .text          0x0000a4f4      0xc24 ./drivers/mss_ace/mss_ace.o
                0x0000a4f4                ACE_init
                0x0000a504                ACE_start_adc
                0x0000a530                ACE_get_adc_result
                0x0000a594                ACE_configure_sdd
                0x0000a734                ACE_enable_sdd
                0x0000a77c                ACE_disable_sdd
                0x0000a7c4                ACE_set_sdd_value
                0x0000a810                ACE_set_sdd_value_sync
                0x0000a8e0                ACE_set_comp_reference
                0x0000aa90                ACE_set_comp_hysteresis
                0x0000abb8                ACE_enable_comp
                0x0000acb4                ACE_disable_comp
                0x0000adac                ACE_enable_comp_rise_irq
                0x0000adfc                ACE_disable_comp_rise_irq
                0x0000ae50                ACE_clear_comp_rise_irq
                0x0000aea0                ACE_enable_comp_fall_irq
                0x0000aef0                ACE_disable_comp_fall_irq
                0x0000af44                ACE_clear_comp_fall_irq
                0x0000af94                ACE_get_comp_status
                0x0000afb4                ACE_get_channel_count
                0x0000afc4                ACE_get_first_channel
                0x0000afe0                ACE_get_next_channel
                0x0000b00c                ACE_get_channel_handle
                0x0000b080                ACE_get_input_channel_handle
                0x0000b0d4                ACE_get_ppe_sample
 .text          0x0000b118     0x197c ./drivers/mac/tcpip.o
                0x0000b118                send_arp_reply
                0x0000b1f4                send_gratuitous_arp
                0x0000b30c                get_checksum
                0x0000b400                fix_checksum
                0x0000b454                check_checksum
                0x0000b4b8                send_icmp_echo_reply
                0x0000b5d0                dtoa_reverse
                0x0000b650                send_bootp_packet
                0x0000b9c4                send_dhcp_server_packet
                0x0000bfa0                process_udp_packet
                0x0000bfec                send_tcp_packet
                0x0000c2d8                tcp_init
                0x0000c324                hex_digits_to_byte
                0x0000c37c                process_icmp_packet
                0x0000c3ec                process_tcp_packet
                0x0000c8bc                process_ip_packet
                0x0000c984                process_arp_packet
                0x0000c9f8                process_packet
                0x0000ca4c                xstrcpy
 .text          0x0000ca94      0x290 ./application_tasks/hyperterminal_task.o
                0x0000ca94                hyperterminal_task
 .text          0x0000cd24      0x118 ./application_tasks/led_task.o
                0x0000cd5c                led_initialization
                0x0000cdcc                led_test
                0x0000cdfc                led_task
 .text          0x0000ce3c      0x1e8 ./application_tasks/multimeter_task.o
                0x0000ce3c                ACE_convert_to_uA
                0x0000ceec                update_ace_values
                0x0000cfe0                ace_task
 .text          0x0000d024      0x270 ./application_tasks/standalone_task.o
                0x0000d024                standalone_task
 .text          0x0000d294      0x254 ./application_tasks/switch_task.o
                0x0000d2cc                menu_show
                0x0000d308                switch_init
                0x0000d348                delay
                0x0000d36c                oled_welcome_display
                0x0000d45c                switch_one_task
 .text          0x0000d4e8      0x588 ./application_tasks/web_task.o
                0x0000d4e8                show_ip
                0x0000d5f8                init_mac
                0x0000d6ac                uIP_init
                0x0000d8c0                web_task
 .text          0x0000da70      0x5cc ./FreeRTOS/Source/croutine.o
                0x0000da70                xCoRoutineCreate
                0x0000db68                vCoRoutineAddToDelayedList
                0x0000de58                vCoRoutineSchedule
                0x0000dfd0                xCoRoutineRemoveFromEventList
 .text          0x0000e03c      0x180 ./FreeRTOS/Source/list.o
                0x0000e03c                vListInitialise
                0x0000e084                vListInitialiseItem
                0x0000e0a0                vListInsertEnd
                0x0000e0f0                vListInsert
                0x0000e168                vListRemove
 .text          0x0000e1bc      0xa08 ./FreeRTOS/Source/queue.o
                0x0000e1bc                xQueueCreate
                0x0000e288                xQueueCreateCountingSemaphore
                0x0000e2b8                xQueueGenericSend
                0x0000e3dc                xQueueGenericSendFromISR
                0x0000e474                xQueueGenericReceive
                0x0000e5d8                xQueueReceiveFromISR
                0x0000e674                uxQueueMessagesWaiting
                0x0000e698                uxQueueMessagesWaitingFromISR
                0x0000e6b4                vQueueDelete
                0x0000e89c                xQueueIsQueueEmptyFromISR
                0x0000e8f0                xQueueIsQueueFullFromISR
                0x0000e918                xQueueCRSend
                0x0000e9e0                xQueueCRReceive
                0x0000ead4                xQueueCRSendFromISR
                0x0000eb2c                xQueueCRReceiveFromISR
 .text          0x0000ebc4     0x138c ./FreeRTOS/Source/tasks.o
                0x0000ebc4                xTaskGenericCreate
                0x0000ed64                vTaskDelete
                0x0000ee24                vTaskDelayUntil
                0x0000ef44                vTaskDelay
                0x0000f000                uxTaskPriorityGet
                0x0000f038                vTaskPrioritySet
                0x0000f15c                vTaskSuspend
                0x0000f1e0                xTaskIsTaskSuspended
                0x0000f230                vTaskResume
                0x0000f2dc                xTaskResumeFromISR
                0x0000f39c                vTaskStartScheduler
                0x0000f414                vTaskEndScheduler
                0x0000f438                vTaskSuspendAll
                0x0000f45c                xTaskResumeAll
                0x0000f5bc                xTaskGetTickCount
                0x0000f5e4                uxTaskGetNumberOfTasks
                0x0000f5fc                vTaskIncrementTick
                0x0000f740                vTaskCleanUpResources
                0x0000f8ec                vTaskSwitchContext
                0x0000f9b8                vTaskPlaceOnEventList
                0x0000fa94                xTaskRemoveFromEventList
                0x0000fb68                vTaskSetTimeOutState
                0x0000fb98                xTaskCheckForTimeOut
                0x0000fc4c                vTaskMissedYield
                0x0000fef4                uxTaskGetStackHighWaterMark
 .text          0x0000ff50       0x4c ./FreeRTOS/Source/portable/GCC/ARM_CM3/heap_3.o
                0x0000ff50                pvPortMalloc
                0x0000ff78                vPortFree
 .text          0x0000ff9c      0x208 ./FreeRTOS/Source/portable/GCC/ARM_CM3/port.o
                0x0000ff9c                pxPortInitialiseStack
                0x0000fffc                SVC_Handler
                0x0001001c                vPortStartFirstTask
                0x00010028                xPortStartScheduler
                0x0001007c                vPortEndScheduler
                0x00010088                vPortYieldFromISR
                0x000100a0                vPortEnterCritical
                0x000100cc                vPortExitCritical
                0x00010104                PendSV_Handler
                0x00010140                SysTick_Handler
 .text          0x000101a4      0x28c ./CMSIS/core_cm3.o
                0x000101a4                __get_PSP
                0x000101b4                __set_PSP
                0x000101bc                __get_MSP
                0x000101cc                __set_MSP
                0x000101d4                __get_BASEPRI
                0x000101f4                __set_BASEPRI
                0x0001020c                __get_PRIMASK
                0x0001022c                __set_PRIMASK
                0x00010244                __get_FAULTMASK
                0x00010264                __set_FAULTMASK
                0x0001027c                __get_CONTROL
                0x0001029c                __set_CONTROL
                0x000102b4                __REV
                0x000102d8                __REV16
                0x000102fc                __REVSH
                0x00010320                __RBIT
                0x00010344                __LDREXB
                0x00010368                __LDREXH
                0x0001038c                __LDREXW
                0x000103b0                __STREXB
                0x000103dc                __STREXH
                0x00010408                __STREXW
 .text          0x00010430      0x210 ./CMSIS/system_a2fxxxm3.o
                0x00010430                SystemInit
                0x0001043c                SystemCoreClockUpdate
 .text          0x00010640      0x2d4 ./CMSIS/startup_gcc/newlib_stubs.o
                0x00010640                _close
                0x00010658                _execve
                0x00010684                _exit
                0x00010690                _fork
                0x000106b0                _fstat
                0x000106d4                _getpid
                0x000106e4                _isatty
                0x000106fc                _kill
                0x00010724                _link
                0x0001074c                _lseek
                0x00010768                _open
                0x00010784                _read
                0x000107a0                _sbrk
                0x0001082c                _stat
                0x00010850                _times
                0x00010868                _unlink
                0x00010890                _wait
                0x000108b8                _write_r
 .text          0x00010914        0x0 ./CMSIS/startup_gcc/startup_a2fxxxm3.o
 .text          0x00010914      0xa9c ./BSP/spi_flash_driver/spi_flash.o
                0x000109c4                spi_flash_init
                0x00010a18                spi_flash_control_hw
                0x00011068                spi_flash_read
                0x0001116c                spi_flash_write
 .text          0x000113b0      0x50c ./BSP/oled_driver/oled.o
                0x000113b0                OLED_init
                0x0001147c                OLED_clear_display
                0x00011540                OLED_set_cursor
                0x000115f4                OLED_write_string
                0x00011620                OLED_write_char
                0x000116c4                OLED_horizontal_scroll
                0x000117b4                OLED_contrast
                0x0001180c                OLED_write_data
 .text          0x000118bc      0xeb8 ./BSP/i2c_driver/i2c.o
                0x0001196c                MSS_I2C_init
                0x00011b08                MSS_I2C_set_slave_mem_offset_length
                0x00011b44                MSS_I2C_register_write_handler
                0x00011b7c                MSS_I2C_write
                0x00011c40                MSS_I2C_read
                0x00011d08                MSS_I2C_write_read
                0x00011de0                MSS_I2C_set_slave_rx_buffer
                0x00011e38                MSS_I2C_get_status
                0x00011e74                MSS_I2C_set_slave_tx_buffer
                0x00011ed4                MSS_I2C_enable_slave_rx
                0x00011f24                MSS_I2C_wait_complete
                0x0001271c                I2C0_IRQHandler
                0x00012748                I2C1_IRQHandler
 .text          0x00012774      0x460 ./BSP/emc_driver/nor.o
                0x00012774                emc_init
                0x00012840                emc_flash_block_erase
                0x000128d0                emc_flash_chip_erase
                0x00012930                emc_flash_write
                0x00012b34                emc_flash_read
 .text          0x00012bd4      0x370 c:/program files/actel/softconsole v3.2/sourcery-g++/bin/../lib/gcc/arm-none-eabi/4.4.1/thumb2\libgcc.a(_arm_addsubdf3.o)
                0x00012bd4                __aeabi_drsub
                0x00012bdc                __aeabi_dsub
                0x00012bdc                __subdf3
                0x00012be0                __aeabi_dadd
                0x00012be0                __adddf3
                0x00012e58                __floatunsidf
                0x00012e58                __aeabi_ui2d
                0x00012e78                __floatsidf
                0x00012e78                __aeabi_i2d
                0x00012e9c                __aeabi_f2d
                0x00012e9c                __extendsfdf2
                0x00012ed8                __floatundidf
                0x00012ed8                __aeabi_ul2d
                0x00012ee8                __floatdidf
                0x00012ee8                __aeabi_l2d
 .text          0x00012f44      0x21c c:/program files/actel/softconsole v3.2/sourcery-g++/bin/../lib/gcc/arm-none-eabi/4.4.1/thumb2\libgcc.a(_arm_addsubsf3.o)
                0x00012f44                __aeabi_frsub
                0x00012f4c                __subsf3
                0x00012f4c                __aeabi_fsub
                0x00012f50                __aeabi_fadd
                0x00012f50                __addsf3
                0x000130b0                __aeabi_ui2f
                0x000130b0                __floatunsisf
                0x000130b8                __aeabi_i2f
                0x000130b8                __floatsisf
                0x000130d4                __aeabi_ul2f
                0x000130d4                __floatundisf
                0x000130e4                __aeabi_l2f
                0x000130e4                __floatdisf
 .text          0x00013160      0x2a0 c:/program files/actel/softconsole v3.2/sourcery-g++/bin/../lib/gcc/arm-none-eabi/4.4.1/thumb2\libgcc.a(_arm_muldivsf3.o)
                0x00013160                __mulsf3
                0x00013160                __aeabi_fmul
                0x000132c8                __aeabi_fdiv
                0x000132c8                __divsf3
 .text          0x00013400        0xc c:/program files/actel/softconsole v3.2/sourcery-g++/bin/../lib/gcc/arm-none-eabi/4.4.1/../../../../arm-none-eabi/lib/thumb2\libc.a(lib_a-abort.o)
                0x00013400                abort
 .text          0x0001340c       0x50 c:/program files/actel/softconsole v3.2/sourcery-g++/bin/../lib/gcc/arm-none-eabi/4.4.1/../../../../arm-none-eabi/lib/thumb2\libc.a(lib_a-init.o)
                0x0001340c                __libc_init_array
 .text          0x0001345c       0x28 c:/program files/actel/softconsole v3.2/sourcery-g++/bin/../lib/gcc/arm-none-eabi/4.4.1/../../../../arm-none-eabi/lib/thumb2\libc.a(lib_a-malloc.o)
                0x0001345c                free
                0x00013470                malloc
 .text          0x00013484      0x5a4 c:/program files/actel/softconsole v3.2/sourcery-g++/bin/../lib/gcc/arm-none-eabi/4.4.1/../../../../arm-none-eabi/lib/thumb2\libc.a(lib_a-mallocr.o)
                0x00013484                _malloc_r
 .text          0x00013a28       0x64 c:/program files/actel/softconsole v3.2/sourcery-g++/bin/../lib/gcc/arm-none-eabi/4.4.1/../../../../arm-none-eabi/lib/thumb2\libc.a(lib_a-memcmp.o)
                0x00013a28                memcmp
 .text          0x00013a8c      0x190 c:/program files/actel/softconsole v3.2/sourcery-g++/bin/../lib/gcc/arm-none-eabi/4.4.1/../../../../arm-none-eabi/lib/thumb2\libc.a(lib_a-memcpy.o)
                0x00013a8c                memcpy
 .text          0x00013c1c       0xd4 c:/program files/actel/softconsole v3.2/sourcery-g++/bin/../lib/gcc/arm-none-eabi/4.4.1/../../../../arm-none-eabi/lib/thumb2\libc.a(lib_a-memset.o)
                0x00013c1c                memset
 .text          0x00013cf0        0x8 c:/program files/actel/softconsole v3.2/sourcery-g++/bin/../lib/gcc/arm-none-eabi/4.4.1/../../../../arm-none-eabi/lib/thumb2\libc.a(lib_a-mlock.o)
                0x00013cf0                __malloc_lock
                0x00013cf4                __malloc_unlock
 .text          0x00013cf8       0x64 c:/program files/actel/softconsole v3.2/sourcery-g++/bin/../lib/gcc/arm-none-eabi/4.4.1/../../../../arm-none-eabi/lib/thumb2\libc.a(lib_a-printf.o)
                0x00013cf8                printf
                0x00013d30                _printf_r
 .text          0x00013d5c       0x8c c:/program files/actel/softconsole v3.2/sourcery-g++/bin/../lib/gcc/arm-none-eabi/4.4.1/../../../../arm-none-eabi/lib/thumb2\libc.a(lib_a-puts.o)
                0x00013d5c                _puts_r
                0x00013dd4                puts
 .text          0x00013de8      0x108 c:/program files/actel/softconsole v3.2/sourcery-g++/bin/../lib/gcc/arm-none-eabi/4.4.1/../../../../arm-none-eabi/lib/thumb2\libc.a(lib_a-reent.o)
                0x00013de8                _wrapup_reent
                0x00013e24                cleanup_glue
                0x00013e3c                _reclaim_reent
 .text          0x00013ef0       0x28 c:/program files/actel/softconsole v3.2/sourcery-g++/bin/../lib/gcc/arm-none-eabi/4.4.1/../../../../arm-none-eabi/lib/thumb2\libc.a(lib_a-sbrkr.o)
                0x00013ef0                _sbrk_r
 .text          0x00013f18      0x160 c:/program files/actel/softconsole v3.2/sourcery-g++/bin/../lib/gcc/arm-none-eabi/4.4.1/../../../../arm-none-eabi/lib/thumb2\libc.a(lib_a-signal.o)
                0x00013f18                _raise_r
                0x00013f6c                raise
                0x00013f80                _init_signal_r
                0x00013fa8                _init_signal
                0x00013fbc                __sigtramp_r
                0x00014010                __sigtramp
                0x00014024                _signal_r
                0x00014060                signal
 .text          0x00014078       0x34 c:/program files/actel/softconsole v3.2/sourcery-g++/bin/../lib/gcc/arm-none-eabi/4.4.1/../../../../arm-none-eabi/lib/thumb2\libc.a(lib_a-signalr.o)
                0x00014078                _getpid_r
                0x00014080                _kill_r
 .text          0x000140ac       0xe8 c:/program files/actel/softconsole v3.2/sourcery-g++/bin/../lib/gcc/arm-none-eabi/4.4.1/../../../../arm-none-eabi/lib/thumb2\libc.a(lib_a-snprintf.o)
                0x000140ac                snprintf
                0x00014128                _snprintf_r
 .text          0x00014194       0x94 c:/program files/actel/softconsole v3.2/sourcery-g++/bin/../lib/gcc/arm-none-eabi/4.4.1/../../../../arm-none-eabi/lib/thumb2\libc.a(lib_a-sprintf.o)
                0x00014194                sprintf
                0x000141e4                _sprintf_r
 .text          0x00014228       0xc0 c:/program files/actel/softconsole v3.2/sourcery-g++/bin/../lib/gcc/arm-none-eabi/4.4.1/../../../../arm-none-eabi/lib/thumb2\libc.a(lib_a-strchr.o)
                0x00014228                strchr
 .text          0x000142e8       0xbc c:/program files/actel/softconsole v3.2/sourcery-g++/bin/../lib/gcc/arm-none-eabi/4.4.1/../../../../arm-none-eabi/lib/thumb2\libc.a(lib_a-strcpy.o)
                0x000142e8                strcpy
 .text          0x000143a4       0x60 c:/program files/actel/softconsole v3.2/sourcery-g++/bin/../lib/gcc/arm-none-eabi/4.4.1/../../../../arm-none-eabi/lib/thumb2\libc.a(lib_a-strlen.o)
                0x000143a4                strlen
 .text          0x00014404       0xac c:/program files/actel/softconsole v3.2/sourcery-g++/bin/../lib/gcc/arm-none-eabi/4.4.1/../../../../arm-none-eabi/lib/thumb2\libc.a(lib_a-strncmp.o)
                0x00014404                strncmp
 .text          0x000144b0       0x78 c:/program files/actel/softconsole v3.2/sourcery-g++/bin/../lib/gcc/arm-none-eabi/4.4.1/../../../../arm-none-eabi/lib/thumb2\libc.a(lib_a-strncpy.o)
                0x000144b0                strncpy
 .text          0x00014528       0x2c c:/program files/actel/softconsole v3.2/sourcery-g++/bin/../lib/gcc/arm-none-eabi/4.4.1/../../../../arm-none-eabi/lib/thumb2\libc.a(lib_a-strrchr.o)
                0x00014528                strrchr
 .text          0x00014554     0x15e4 c:/program files/actel/softconsole v3.2/sourcery-g++/bin/../lib/gcc/arm-none-eabi/4.4.1/../../../../arm-none-eabi/lib/thumb2\libc.a(lib_a-svfprintf.o)
                0x00014670                _svfprintf_r
 .text          0x00015b38       0x1c c:/program files/actel/softconsole v3.2/sourcery-g++/bin/../lib/gcc/arm-none-eabi/4.4.1/../../../../arm-none-eabi/lib/thumb2\libc.a(lib_a-syswrite.o)
                0x00015b38                write
 .text          0x00015b54     0x192c c:/program files/actel/softconsole v3.2/sourcery-g++/bin/../lib/gcc/arm-none-eabi/4.4.1/../../../../arm-none-eabi/lib/thumb2\libc.a(lib_a-vfprintf.o)
                0x00015b70                _vfprintf_r
                0x00017464                vfprintf
 .text          0x00017480      0x108 c:/program files/actel/softconsole v3.2/sourcery-g++/bin/../lib/gcc/arm-none-eabi/4.4.1/../../../../arm-none-eabi/lib/thumb2\libc.a(lib_a-wsetup.o)
                0x00017480                __swsetup_r
 .text          0x00017588      0xfc0 c:/program files/actel/softconsole v3.2/sourcery-g++/bin/../lib/gcc/arm-none-eabi/4.4.1/../../../../arm-none-eabi/lib/thumb2\libc.a(lib_a-dtoa.o)
                0x000176a8                _dtoa_r
 .text          0x00018548      0x17c c:/program files/actel/softconsole v3.2/sourcery-g++/bin/../lib/gcc/arm-none-eabi/4.4.1/../../../../arm-none-eabi/lib/thumb2\libc.a(lib_a-fflush.o)
                0x00018548                _fflush_r
                0x00018694                fflush
 .text          0x000186c4      0x1e0 c:/program files/actel/softconsole v3.2/sourcery-g++/bin/../lib/gcc/arm-none-eabi/4.4.1/../../../../arm-none-eabi/lib/thumb2\libc.a(lib_a-findfp.o)
                0x000186c4                __sfp_lock_acquire
                0x000186c8                __sfp_lock_release
                0x000186cc                __sinit_lock_acquire
                0x000186d0                __sinit_lock_release
                0x000186dc                __fp_unlock_all
                0x000186f8                __fp_lock_all
                0x00018714                _cleanup_r
                0x00018724                _cleanup
                0x00018788                __sfmoreglue
                0x000187b8                __sfp
                0x00018844                __sinit
 .text          0x000188a4      0x264 c:/program files/actel/softconsole v3.2/sourcery-g++/bin/../lib/gcc/arm-none-eabi/4.4.1/../../../../arm-none-eabi/lib/thumb2\libc.a(lib_a-freer.o)
                0x000188a4                _malloc_trim_r
                0x0001894c                _free_r
 .text          0x00018b08      0x334 c:/program files/actel/softconsole v3.2/sourcery-g++/bin/../lib/gcc/arm-none-eabi/4.4.1/../../../../arm-none-eabi/lib/thumb2\libc.a(lib_a-fvwrite.o)
                0x00018b08                __sfvwrite_r
 .text          0x00018e3c       0xa8 c:/program files/actel/softconsole v3.2/sourcery-g++/bin/../lib/gcc/arm-none-eabi/4.4.1/../../../../arm-none-eabi/lib/thumb2\libc.a(lib_a-fwalk.o)
                0x00018e3c                _fwalk_reent
                0x00018e94                _fwalk
 .text          0x00018ee4        0x0 c:/program files/actel/softconsole v3.2/sourcery-g++/bin/../lib/gcc/arm-none-eabi/4.4.1/../../../../arm-none-eabi/lib/thumb2\libc.a(lib_a-impure.o)
 .text          0x00018ee4       0x7c c:/program files/actel/softconsole v3.2/sourcery-g++/bin/../lib/gcc/arm-none-eabi/4.4.1/../../../../arm-none-eabi/lib/thumb2\libc.a(lib_a-locale.o)
                0x00018ee4                __locale_charset
                0x00018ef0                _localeconv_r
                0x00018ef8                localeconv
                0x00018f00                _setlocale_r
                0x00018f48                setlocale
 .text          0x00018f60       0xdc c:/program files/actel/softconsole v3.2/sourcery-g++/bin/../lib/gcc/arm-none-eabi/4.4.1/../../../../arm-none-eabi/lib/thumb2\libc.a(lib_a-makebuf.o)
                0x00018f60                __smakebuf_r
 .text          0x0001903c       0x74 c:/program files/actel/softconsole v3.2/sourcery-g++/bin/../lib/gcc/arm-none-eabi/4.4.1/../../../../arm-none-eabi/lib/thumb2\libc.a(lib_a-memchr.o)
                0x0001903c                memchr
 .text          0x000190b0       0xb8 c:/program files/actel/softconsole v3.2/sourcery-g++/bin/../lib/gcc/arm-none-eabi/4.4.1/../../../../arm-none-eabi/lib/thumb2\libc.a(lib_a-memmove.o)
                0x000190b0                memmove
 .text          0x00019168      0x968 c:/program files/actel/softconsole v3.2/sourcery-g++/bin/../lib/gcc/arm-none-eabi/4.4.1/../../../../arm-none-eabi/lib/thumb2\libc.a(lib_a-mprec.o)
                0x00019168                __hi0bits
                0x000191a8                __lo0bits
                0x0001920c                __mcmp
                0x0001924c                __ulp
                0x00019294                __b2d
                0x00019338                __ratio
                0x00019398                _mprec_log10
                0x000193d4                __copybits
                0x00019424                __any_on
                0x0001947c                _Bfree
                0x000194b4                _Balloc
                0x00019524                __d2b
                0x000195f4                __mdiff
                0x000196f0                __lshift
                0x000197b0                __multiply
                0x000198e8                __i2b
                0x000198fc                __multadd
                0x00019988                __pow5mult
                0x00019a34                __s2b
 .text          0x00019ad0      0x3b4 c:/program files/actel/softconsole v3.2/sourcery-g++/bin/../lib/gcc/arm-none-eabi/4.4.1/../../../../arm-none-eabi/lib/thumb2\libc.a(lib_a-reallocr.o)
                0x00019ad0                _realloc_r
 .text          0x00019e84       0x24 c:/program files/actel/softconsole v3.2/sourcery-g++/bin/../lib/gcc/arm-none-eabi/4.4.1/../../../../arm-none-eabi/lib/thumb2\libc.a(lib_a-s_isinfd.o)
                0x00019e84                __isinfd
 .text          0x00019ea8       0x1c c:/program files/actel/softconsole v3.2/sourcery-g++/bin/../lib/gcc/arm-none-eabi/4.4.1/../../../../arm-none-eabi/lib/thumb2\libc.a(lib_a-s_isnand.o)
                0x00019ea8                __isnand
 .text          0x00019ec4       0x90 c:/program files/actel/softconsole v3.2/sourcery-g++/bin/../lib/gcc/arm-none-eabi/4.4.1/../../../../arm-none-eabi/lib/thumb2\libc.a(lib_a-stdio.o)
                0x00019ec4                __sclose
                0x00019ed0                __sseek
                0x00019ef8                __swrite
                0x00019f30                __sread
 .text          0x00019f54      0x1dc c:/program files/actel/softconsole v3.2/sourcery-g++/bin/../lib/gcc/arm-none-eabi/4.4.1/../../../../arm-none-eabi/lib/thumb2\libc.a(lib_a-strcmp.o)
                0x00019f54                strcmp
 .text          0x0001a130       0x5c c:/program files/actel/softconsole v3.2/sourcery-g++/bin/../lib/gcc/arm-none-eabi/4.4.1/../../../../arm-none-eabi/lib/thumb2\libc.a(lib_a-callocr.o)
                0x0001a130                _calloc_r
 .text          0x0001a18c       0x28 c:/program files/actel/softconsole v3.2/sourcery-g++/bin/../lib/gcc/arm-none-eabi/4.4.1/../../../../arm-none-eabi/lib/thumb2\libc.a(lib_a-closer.o)
                0x0001a18c                _close_r
 .text          0x0001a1b4       0xcc c:/program files/actel/softconsole v3.2/sourcery-g++/bin/../lib/gcc/arm-none-eabi/4.4.1/../../../../arm-none-eabi/lib/thumb2\libc.a(lib_a-fclose.o)
                0x0001a1b4                _fclose_r
                0x0001a26c                fclose
 .text          0x0001a280       0x2c c:/program files/actel/softconsole v3.2/sourcery-g++/bin/../lib/gcc/arm-none-eabi/4.4.1/../../../../arm-none-eabi/lib/thumb2\libc.a(lib_a-fstatr.o)
                0x0001a280                _fstat_r
 .text          0x0001a2ac       0x28 c:/program files/actel/softconsole v3.2/sourcery-g++/bin/../lib/gcc/arm-none-eabi/4.4.1/../../../../arm-none-eabi/lib/thumb2\libc.a(lib_a-isattyr.o)
                0x0001a2ac                _isatty_r
 .text          0x0001a2d4       0x2c c:/program files/actel/softconsole v3.2/sourcery-g++/bin/../lib/gcc/arm-none-eabi/4.4.1/../../../../arm-none-eabi/lib/thumb2\libc.a(lib_a-lseekr.o)
                0x0001a2d4                _lseek_r
 .text          0x0001a300       0x2c c:/program files/actel/softconsole v3.2/sourcery-g++/bin/../lib/gcc/arm-none-eabi/4.4.1/../../../../arm-none-eabi/lib/thumb2\libc.a(lib_a-readr.o)
                0x0001a300                _read_r
 *fill*         0x0001a32c        0x4 00
 .text          0x0001a330      0x278 c:/program files/actel/softconsole v3.2/sourcery-g++/bin/../lib/gcc/arm-none-eabi/4.4.1/thumb2\libgcc.a(_udivsi3.o)
                0x0001a330                __aeabi_uidiv
                0x0001a330                __udivsi3
                0x0001a58c                __aeabi_uidivmod
 .text          0x0001a5a8        0x4 c:/program files/actel/softconsole v3.2/sourcery-g++/bin/../lib/gcc/arm-none-eabi/4.4.1/thumb2\libgcc.a(_dvmd_tls.o)
                0x0001a5a8                __aeabi_idiv0
                0x0001a5a8                __aeabi_ldiv0
 .text          0x0001a5ac      0x424 c:/program files/actel/softconsole v3.2/sourcery-g++/bin/../lib/gcc/arm-none-eabi/4.4.1/thumb2\libgcc.a(_arm_muldivdf3.o)
                0x0001a5ac                __aeabi_dmul
                0x0001a5ac                __muldf3
                0x0001a800                __divdf3
                0x0001a800                __aeabi_ddiv
 .text          0x0001a9d0      0x110 c:/program files/actel/softconsole v3.2/sourcery-g++/bin/../lib/gcc/arm-none-eabi/4.4.1/thumb2\libgcc.a(_arm_cmpdf2.o)
                0x0001a9d0                __gtdf2
                0x0001a9d0                __gedf2
                0x0001a9d8                __ltdf2
                0x0001a9d8                __ledf2
                0x0001a9e0                __nedf2
                0x0001a9e0                __eqdf2
                0x0001a9e0                __cmpdf2
                0x0001aa5c                __aeabi_cdrcmple
                0x0001aa6c                __aeabi_cdcmpeq
                0x0001aa6c                __aeabi_cdcmple
                0x0001aa7c                __aeabi_dcmpeq
                0x0001aa90                __aeabi_dcmplt
                0x0001aaa4                __aeabi_dcmple
                0x0001aab8                __aeabi_dcmpge
                0x0001aacc                __aeabi_dcmpgt
 .text          0x0001aae0       0x50 c:/program files/actel/softconsole v3.2/sourcery-g++/bin/../lib/gcc/arm-none-eabi/4.4.1/thumb2\libgcc.a(_arm_fixdfsi.o)
                0x0001aae0                __aeabi_d2iz
                0x0001aae0                __fixdfsi
 .text          0x0001ab30       0x2c c:/program files/actel/softconsole v3.2/sourcery-g++/bin/../lib/gcc/arm-none-eabi/4.4.1/thumb2\libgcc.a(_aeabi_uldivmod.o)
                0x0001ab30                __aeabi_uldivmod
 .text          0x0001ab5c       0x58 c:/program files/actel/softconsole v3.2/sourcery-g++/bin/../lib/gcc/arm-none-eabi/4.4.1/thumb2\libgcc.a(bpabi.o)
                0x0001ab5c                __gnu_uldivmod_helper
                0x0001ab88                __gnu_ldivmod_helper
 .text          0x0001abb4      0x35c c:/program files/actel/softconsole v3.2/sourcery-g++/bin/../lib/gcc/arm-none-eabi/4.4.1/thumb2\libgcc.a(_divdi3.o)
                0x0001abb4                __divdi3
 .text          0x0001af10      0x304 c:/program files/actel/softconsole v3.2/sourcery-g++/bin/../lib/gcc/arm-none-eabi/4.4.1/thumb2\libgcc.a(_udivdi3.o)
                0x0001af10                __udivdi3
 .text          0x0001b214        0x0 c:/program files/actel/softconsole v3.2/sourcery-g++/bin/../lib/gcc/arm-none-eabi/4.4.1/thumb2/crtend.o
 .text          0x0001b214        0x0 c:/program files/actel/softconsole v3.2/sourcery-g++/bin/../lib/gcc/arm-none-eabi/4.4.1/thumb2/crtn.o
 *(.plt)
 *(.gnu.warning)
 *(.glue_7t)
 .glue_7t       0x00000000        0x0 linker stubs
 *(.glue_7)
 .glue_7        0x00000000        0x0 linker stubs
 *(.vfp11_veneer)
 .vfp11_veneer  0x00000000        0x0 linker stubs
                0x0001b214                . = ALIGN (0x4)
 *crtbegin.o(.ctors)
 *(EXCLUDE_FILE(*crtend.o) .ctors)
 *(SORT(.ctors.*))
 *crtend.o(.ctors)
 *crtbegin.o(.dtors)
 *(EXCLUDE_FILE(*crtend.o) .dtors)
 *(SORT(.dtors.*))
 *crtend.o(.dtors)
 *(.rodata .rodata.* .gnu.linkonce.r.*)
 .rodata        0x0001b214       0x84 ./main.o
 .rodata        0x0001b298      0x288 ./webserver/http-strings.o
                0x0001b298                http_http
                0x0001b2a0                http_200
                0x0001b2a8                http_301
                0x0001b2b0                http_302
                0x0001b2b8                http_get
                0x0001b2c0                http_10
                0x0001b2cc                http_11
                0x0001b2d8                http_content_type
                0x0001b2e8                http_texthtml
                0x0001b2f4                http_location
                0x0001b300                http_host
                0x0001b308                http_crnl
                0x0001b30c                http_index_html
                0x0001b318                http_404_html
                0x0001b324                http_referer
                0x0001b330                http_header_200
                0x0001b384                http_header_404
                0x0001b3e0                http_content_type_plain
                0x0001b400                http_content_type_html
                0x0001b41c                http_content_type_css
                0x0001b438                http_content_type_text
                0x0001b454                http_content_type_png
                0x0001b470                http_content_type_gif
                0x0001b48c                http_content_type_jpg
                0x0001b4ac                http_content_type_binary
                0x0001b4d8                http_html
                0x0001b4e0                http_shtml
                0x0001b4e8                http_htm
                0x0001b4f0                http_css
                0x0001b4f8                http_png
                0x0001b500                http_gif
                0x0001b508                http_jpg
                0x0001b510                http_text
                0x0001b518                http_txt
 .rodata        0x0001b520      0xc1c ./webserver/httpd-cgi.o
 .rodata        0x0001c13c     0x4ba4 ./webserver/httpd-fs.o
                0x00020bf0                file_b_gif
                0x00020c04                file_Gadgets_htm
                0x00020c18                file_google_srearch_htm
                0x00020c2c                file_index_htm
                0x00020c40                file_mul_shtml
                0x00020c54                file_Multimeter_htm
                0x00020c68                file_oled_shtml
                0x00020c7c                file_realdata_shtm
                0x00020c90                file_Real_timedata_shtml
                0x00020ca4                file_self_wake_up_htm
                0x00020cb8                file_Stock_ticker_htm
                0x00020ccc                file_TextTerminal_htm
 .rodata        0x00020ce0       0x20 ./webserver/httpd.o
 .rodata        0x00020d00       0x14 ./uipstack/psock.o
 .rodata        0x00020d14        0x8 ./uipstack/uip.o
 .rodata        0x00020d1c        0xc ./uipstack/uip_arp.o
 .rodata        0x00020d28       0xb4 ./drivers_config/mss_ace/ace_config.o
                0x00020d28                g_ace_current_resistors
                0x00020d3c                g_ace_channel_0_name
                0x00020d50                g_ace_channel_1_name
                0x00020d64                g_ace_channel_2_name
                0x00020d7c                g_ace_sse_proc_0_name
                0x00020d88                g_ace_sse_proc_0_sequence
                0x00020db4                g_ace_sse_proc_1_name
                0x00020dc0                g_ace_sse_proc_1_sequence
                0x00020dc8                g_ace_sse_proc_2_name
                0x00020dd4                g_ace_sse_proc_2_sequence
 .rodata        0x00020ddc       0x48 ./drivers/mss_pdma/mss_pdma.o
                0x00020ddc                src_dest_to_ctrl_reg_lut
 .rodata        0x00020e24       0xc0 ./drivers/mss_gpio/mss_gpio.o
 .rodata        0x00020ee4      0x400 ./drivers/mss_ethernet_mac/crc32.o
 .rodata        0x000212e4      0x158 ./drivers/mss_ethernet_mac/mss_ethernet_mac.o
 .rodata        0x0002143c       0xcc ./drivers/mss_ace/ace_convert.o
 .rodata        0x00021508       0x24 ./drivers/mss_ace/ace_sse.o
 .rodata        0x0002152c       0x50 ./drivers/mss_ace/mss_ace.o
                0x0002156c                comp_id_2_scb_lut
 .rodata        0x0002157c        0x4 ./drivers/mac/tcpip.o
 .rodata        0x00021580      0x2c4 ./application_tasks/hyperterminal_task.o
 .rodata        0x00021844       0x30 ./application_tasks/multimeter_task.o
 .rodata        0x00021874       0x84 ./application_tasks/standalone_task.o
 .rodata        0x000218f8       0x68 ./application_tasks/switch_task.o
 .rodata        0x00021960       0x9c ./application_tasks/web_task.o
 .rodata        0x000219fc        0x8 ./FreeRTOS/Source/tasks.o
 .rodata        0x00021a04        0x4 ./FreeRTOS/Source/portable/GCC/ARM_CM3/port.o
                0x00021a04                ulKernelPriority
 .rodata        0x00021a08       0x10 ./CMSIS/system_a2fxxxm3.o
 .rodata        0x00021a18       0x1c ./CMSIS/startup_gcc/newlib_stubs.o
 .rodata        0x00021a34      0x540 ./BSP/oled_driver/oled.o
                0x00021a34                oled_ascii_character_set
 .rodata.str1.4
                0x00021f74        0x2 c:/program files/actel/softconsole v3.2/sourcery-g++/bin/../lib/gcc/arm-none-eabi/4.4.1/../../../../arm-none-eabi/lib/thumb2\libc.a(lib_a-puts.o)
                                  0x4 (size before relaxing)
 *fill*         0x00021f76        0x2 00
 .rodata        0x00021f78       0x20 c:/program files/actel/softconsole v3.2/sourcery-g++/bin/../lib/gcc/arm-none-eabi/4.4.1/../../../../arm-none-eabi/lib/thumb2\libc.a(lib_a-svfprintf.o)
 .rodata.str1.4
                0x00021f98       0x42 c:/program files/actel/softconsole v3.2/sourcery-g++/bin/../lib/gcc/arm-none-eabi/4.4.1/../../../../arm-none-eabi/lib/thumb2\libc.a(lib_a-svfprintf.o)
                                 0x44 (size before relaxing)
 *fill*         0x00021fda        0x2 00
 .rodata        0x00021fdc       0x20 c:/program files/actel/softconsole v3.2/sourcery-g++/bin/../lib/gcc/arm-none-eabi/4.4.1/../../../../arm-none-eabi/lib/thumb2\libc.a(lib_a-vfprintf.o)
 .rodata.str1.4
                0x00000000       0x44 c:/program files/actel/softconsole v3.2/sourcery-g++/bin/../lib/gcc/arm-none-eabi/4.4.1/../../../../arm-none-eabi/lib/thumb2\libc.a(lib_a-vfprintf.o)
 .rodata.str1.4
                0x00021ffc       0x10 c:/program files/actel/softconsole v3.2/sourcery-g++/bin/../lib/gcc/arm-none-eabi/4.4.1/../../../../arm-none-eabi/lib/thumb2\libc.a(lib_a-dtoa.o)
                                 0x14 (size before relaxing)
 .rodata        0x0002200c       0x60 c:/program files/actel/softconsole v3.2/sourcery-g++/bin/../lib/gcc/arm-none-eabi/4.4.1/../../../../arm-none-eabi/lib/thumb2\libc.a(lib_a-findfp.o)
                0x0002200c                __sf_fake_stdin
                0x0002202c                __sf_fake_stdout
                0x0002204c                __sf_fake_stderr
 .rodata        0x0002206c        0x4 c:/program files/actel/softconsole v3.2/sourcery-g++/bin/../lib/gcc/arm-none-eabi/4.4.1/../../../../arm-none-eabi/lib/thumb2\libc.a(lib_a-impure.o)
                0x0002206c                _global_impure_ptr
 .rodata.str1.4
                0x00022070        0x2 c:/program files/actel/softconsole v3.2/sourcery-g++/bin/../lib/gcc/arm-none-eabi/4.4.1/../../../../arm-none-eabi/lib/thumb2\libc.a(lib_a-impure.o)
                                  0x4 (size before relaxing)
 *fill*         0x00022072        0x2 00
 .rodata        0x00022074       0x34 c:/program files/actel/softconsole v3.2/sourcery-g++/bin/../lib/gcc/arm-none-eabi/4.4.1/../../../../arm-none-eabi/lib/thumb2\libc.a(lib_a-locale.o)
 .rodata.str1.4
                0x000220a8       0x10 c:/program files/actel/softconsole v3.2/sourcery-g++/bin/../lib/gcc/arm-none-eabi/4.4.1/../../../../arm-none-eabi/lib/thumb2\libc.a(lib_a-locale.o)
                                 0x18 (size before relaxing)
 .rodata        0x000220b8      0x128 c:/program files/actel/softconsole v3.2/sourcery-g++/bin/../lib/gcc/arm-none-eabi/4.4.1/../../../../arm-none-eabi/lib/thumb2\libc.a(lib_a-mprec.o)
                0x000220b8                __mprec_tens
                0x00022190                __mprec_bigtens
                0x000221b8                __mprec_tinytens
 *(.ARM.extab* .gnu.linkonce.armextab.*)
 .ARM.extab     0x000221e0        0x0 c:/program files/actel/softconsole v3.2/sourcery-g++/bin/../lib/gcc/arm-none-eabi/4.4.1/thumb2\libgcc.a(_divdi3.o)
 .ARM.extab     0x000221e0        0x0 c:/program files/actel/softconsole v3.2/sourcery-g++/bin/../lib/gcc/arm-none-eabi/4.4.1/thumb2\libgcc.a(_udivdi3.o)
 *(.gcc_except_table)
 *(.eh_frame_hdr)
 *(.eh_frame)
 .eh_frame      0x000221e0        0x0 c:/program files/actel/softconsole v3.2/sourcery-g++/bin/../lib/gcc/arm-none-eabi/4.4.1/thumb2/crtbegin.o
 .eh_frame      0x000221e0        0x4 c:/program files/actel/softconsole v3.2/sourcery-g++/bin/../lib/gcc/arm-none-eabi/4.4.1/thumb2/crtend.o
 *(.init)
 .init          0x000221e4        0x4 c:/program files/actel/softconsole v3.2/sourcery-g++/bin/../lib/gcc/arm-none-eabi/4.4.1/thumb2/crti.o
                0x000221e4                _init
 .init          0x000221e8        0x8 c:/program files/actel/softconsole v3.2/sourcery-g++/bin/../lib/gcc/arm-none-eabi/4.4.1/thumb2/crtn.o
 *(.fini)
 .fini          0x000221f0        0x4 c:/program files/actel/softconsole v3.2/sourcery-g++/bin/../lib/gcc/arm-none-eabi/4.4.1/thumb2/crti.o
                0x000221f0                _fini
 .fini          0x000221f4        0x8 c:/program files/actel/softconsole v3.2/sourcery-g++/bin/../lib/gcc/arm-none-eabi/4.4.1/thumb2/crtn.o
                0x000221fc                PROVIDE (__preinit_array_start, .)
 *(.preinit_array)
                0x000221fc                PROVIDE (__preinit_array_end, .)
                0x000221fc                PROVIDE (__init_array_start, .)
 *(SORT(.init_array.*))
 *(.init_array)
 .init_array    0x000221fc        0x4 c:/program files/actel/softconsole v3.2/sourcery-g++/bin/../lib/gcc/arm-none-eabi/4.4.1/thumb2/crtbegin.o
                0x00022200                PROVIDE (__init_array_end, .)
                0x00022200                PROVIDE (__fini_array_start, .)
 *(.fini_array)
 .fini_array    0x00022200        0x4 c:/program files/actel/softconsole v3.2/sourcery-g++/bin/../lib/gcc/arm-none-eabi/4.4.1/thumb2/crtbegin.o
 *(SORT(.fini_array.*))
                0x00022204                PROVIDE (__fini_array_end, .)
                0x00022204                __exidx_start = .

.v4_bx          0x60022204        0x0
 .v4_bx         0x00000000        0x0 linker stubs

.ARM.exidx      0x20000000        0x8 load address 0x60022204
 *(.ARM.exidx* .gnu.linkonce.armexidx.*)
 .ARM.exidx     0x20000000        0x8 c:/program files/actel/softconsole v3.2/sourcery-g++/bin/../lib/gcc/arm-none-eabi/4.4.1/thumb2\libgcc.a(_divdi3.o)
 .ARM.exidx     0x20000008        0x0 c:/program files/actel/softconsole v3.2/sourcery-g++/bin/../lib/gcc/arm-none-eabi/4.4.1/thumb2\libgcc.a(_udivdi3.o)
                                  0x8 (size before relaxing)
                0x20000008                __exidx_end = .
                0x20000008                _etext = .

.data           0x20000008      0x620 load address 0x6002220c
                0x6002220c                __data_load = LOADADDR (.data)
                0x6002220c                _sidata = LOADADDR (.data)
                0x20000008                __data_start = .
                0x20000008                _sdata = .
 *(.jcr)
 .jcr           0x20000008        0x0 c:/program files/actel/softconsole v3.2/sourcery-g++/bin/../lib/gcc/arm-none-eabi/4.4.1/thumb2/crtbegin.o
 .jcr           0x20000008        0x4 c:/program files/actel/softconsole v3.2/sourcery-g++/bin/../lib/gcc/arm-none-eabi/4.4.1/thumb2/crtend.o
 *(.got.plt)
 *(.got)
 *(.shdata)
 *(.data .data.* .gnu.linkonce.d.*)
 .data          0x2000000c        0x0 c:/program files/actel/softconsole v3.2/sourcery-g++/bin/../lib/gcc/arm-none-eabi/4.4.1/thumb2/crti.o
 .data          0x2000000c        0x4 c:/program files/actel/softconsole v3.2/sourcery-g++/bin/../lib/gcc/arm-none-eabi/4.4.1/thumb2/crtbegin.o
                0x2000000c                __dso_handle
 .data          0x20000010        0x0 ./main.o
 .data          0x20000010        0x0 ./webserver/http-strings.o
 .data          0x20000010       0x40 ./webserver/httpd-cgi.o
 .data          0x20000050        0x0 ./webserver/httpd-fs.o
 .data          0x20000050        0x0 ./webserver/httpd.o
 .data          0x20000050        0x0 ./uipstack/psock.o
 .data          0x20000050        0x0 ./uipstack/uip.o
 .data          0x20000050        0x0 ./uipstack/uip_arp.o
 .data          0x20000050       0x78 ./drivers_config/mss_ace/ace_config.o
                0x20000050                g_ace_adc_config
                0x2000005c                g_ace_channel_desc_table
                0x2000008c                g_sse_sequences_desc_table
 .data          0x200000c8        0x0 ./drivers/mss_uart/mss_uart.o
 .data          0x200000c8        0x0 ./drivers/mss_spi/mss_spi.o
 .data          0x200000c8        0x0 ./drivers/mss_pdma/mss_pdma.o
 .data          0x200000c8        0x0 ./drivers/mss_gpio/mss_gpio.o
 .data          0x200000c8        0x0 ./drivers/mss_ethernet_mac/crc32.o
 .data          0x200000c8        0x0 ./drivers/mss_ethernet_mac/mss_ethernet_mac.o
 .data          0x200000c8        0x0 ./drivers/mss_ethernet_mac/phy.o
 .data          0x200000c8        0x0 ./drivers/mss_ace/ace_convert.o
 .data          0x200000c8        0x0 ./drivers/mss_ace/ace_flags.o
 .data          0x200000c8        0x0 ./drivers/mss_ace/ace_sse.o
 .data          0x200000c8        0x0 ./drivers/mss_ace/ace_transform.o
 .data          0x200000c8        0x0 ./drivers/mss_ace/mss_ace.o
 .data          0x200000c8       0x14 ./drivers/mac/tcpip.o
                0x200000c8                my_ip
                0x200000cc                my_mac
                0x200000d4                rtc_match_count
 .data          0x200000dc        0x0 ./application_tasks/hyperterminal_task.o
 .data          0x200000dc        0x0 ./application_tasks/led_task.o
 .data          0x200000dc        0x0 ./application_tasks/multimeter_task.o
 .data          0x200000dc        0x0 ./application_tasks/standalone_task.o
 .data          0x200000dc        0xc ./application_tasks/switch_task.o
                0x200000dc                std_menu_str
 .data          0x200000e8        0x8 ./application_tasks/web_task.o
                0x200000e8                ethAddr
                0x200000ee                PRINT_MENU_var
 .data          0x200000f0        0x0 ./FreeRTOS/Source/croutine.o
 .data          0x200000f0        0x0 ./FreeRTOS/Source/list.o
 .data          0x200000f0        0x0 ./FreeRTOS/Source/queue.o
 .data          0x200000f0        0x0 ./FreeRTOS/Source/tasks.o
 .data          0x200000f0        0x0 ./FreeRTOS/Source/portable/GCC/ARM_CM3/heap_3.o
 .data          0x200000f0        0x4 ./FreeRTOS/Source/portable/GCC/ARM_CM3/port.o
 .data          0x200000f4        0x0 ./CMSIS/core_cm3.o
 .data          0x200000f4       0x18 ./CMSIS/system_a2fxxxm3.o
                0x200000f4                SystemFrequency
                0x200000f8                SystemCoreClock
                0x200000fc                g_FrequencyPCLK0
                0x20000100                g_FrequencyPCLK1
                0x20000104                g_FrequencyACE
                0x20000108                g_FrequencyFPGA
 .data          0x2000010c        0x4 ./CMSIS/startup_gcc/newlib_stubs.o
                0x2000010c                environ
 .data          0x20000110        0x0 ./CMSIS/startup_gcc/startup_a2fxxxm3.o
 .data          0x20000110        0x0 ./BSP/spi_flash_driver/spi_flash.o
 .data          0x20000110        0x4 ./BSP/oled_driver/oled.o
 .data          0x20000114        0x0 ./BSP/i2c_driver/i2c.o
 .data          0x20000114        0x0 ./BSP/emc_driver/nor.o
 .data          0x20000114        0x0 c:/program files/actel/softconsole v3.2/sourcery-g++/bin/../lib/gcc/arm-none-eabi/4.4.1/thumb2\libgcc.a(_arm_addsubdf3.o)
 .data          0x20000114        0x0 c:/program files/actel/softconsole v3.2/sourcery-g++/bin/../lib/gcc/arm-none-eabi/4.4.1/thumb2\libgcc.a(_arm_addsubsf3.o)
 .data          0x20000114        0x0 c:/program files/actel/softconsole v3.2/sourcery-g++/bin/../lib/gcc/arm-none-eabi/4.4.1/thumb2\libgcc.a(_arm_muldivsf3.o)
 .data          0x20000114        0x0 c:/program files/actel/softconsole v3.2/sourcery-g++/bin/../lib/gcc/arm-none-eabi/4.4.1/../../../../arm-none-eabi/lib/thumb2\libc.a(lib_a-abort.o)
 .data          0x20000114        0x0 c:/program files/actel/softconsole v3.2/sourcery-g++/bin/../lib/gcc/arm-none-eabi/4.4.1/../../../../arm-none-eabi/lib/thumb2\libc.a(lib_a-init.o)
 .data          0x20000114        0x0 c:/program files/actel/softconsole v3.2/sourcery-g++/bin/../lib/gcc/arm-none-eabi/4.4.1/../../../../arm-none-eabi/lib/thumb2\libc.a(lib_a-malloc.o)
 .data          0x20000114      0x410 c:/program files/actel/softconsole v3.2/sourcery-g++/bin/../lib/gcc/arm-none-eabi/4.4.1/../../../../arm-none-eabi/lib/thumb2\libc.a(lib_a-mallocr.o)
                0x20000114                __malloc_av_
                0x2000051c                __malloc_sbrk_base
                0x20000520                __malloc_trim_threshold
 .data          0x20000524        0x0 c:/program files/actel/softconsole v3.2/sourcery-g++/bin/../lib/gcc/arm-none-eabi/4.4.1/../../../../arm-none-eabi/lib/thumb2\libc.a(lib_a-memcmp.o)
 .data          0x20000524        0x0 c:/program files/actel/softconsole v3.2/sourcery-g++/bin/../lib/gcc/arm-none-eabi/4.4.1/../../../../arm-none-eabi/lib/thumb2\libc.a(lib_a-memcpy.o)
 .data          0x20000524        0x0 c:/program files/actel/softconsole v3.2/sourcery-g++/bin/../lib/gcc/arm-none-eabi/4.4.1/../../../../arm-none-eabi/lib/thumb2\libc.a(lib_a-memset.o)
 .data          0x20000524        0x0 c:/program files/actel/softconsole v3.2/sourcery-g++/bin/../lib/gcc/arm-none-eabi/4.4.1/../../../../arm-none-eabi/lib/thumb2\libc.a(lib_a-mlock.o)
 .data          0x20000524        0x0 c:/program files/actel/softconsole v3.2/sourcery-g++/bin/../lib/gcc/arm-none-eabi/4.4.1/../../../../arm-none-eabi/lib/thumb2\libc.a(lib_a-printf.o)
 .data          0x20000524        0x0 c:/program files/actel/softconsole v3.2/sourcery-g++/bin/../lib/gcc/arm-none-eabi/4.4.1/../../../../arm-none-eabi/lib/thumb2\libc.a(lib_a-puts.o)
 .data          0x20000524        0x0 c:/program files/actel/softconsole v3.2/sourcery-g++/bin/../lib/gcc/arm-none-eabi/4.4.1/../../../../arm-none-eabi/lib/thumb2\libc.a(lib_a-reent.o)
 .data          0x20000524        0x0 c:/program files/actel/softconsole v3.2/sourcery-g++/bin/../lib/gcc/arm-none-eabi/4.4.1/../../../../arm-none-eabi/lib/thumb2\libc.a(lib_a-sbrkr.o)
 .data          0x20000524        0x0 c:/program files/actel/softconsole v3.2/sourcery-g++/bin/../lib/gcc/arm-none-eabi/4.4.1/../../../../arm-none-eabi/lib/thumb2\libc.a(lib_a-signal.o)
 .data          0x20000524        0x0 c:/program files/actel/softconsole v3.2/sourcery-g++/bin/../lib/gcc/arm-none-eabi/4.4.1/../../../../arm-none-eabi/lib/thumb2\libc.a(lib_a-signalr.o)
 .data          0x20000524        0x0 c:/program files/actel/softconsole v3.2/sourcery-g++/bin/../lib/gcc/arm-none-eabi/4.4.1/../../../../arm-none-eabi/lib/thumb2\libc.a(lib_a-snprintf.o)
 .data          0x20000524        0x0 c:/program files/actel/softconsole v3.2/sourcery-g++/bin/../lib/gcc/arm-none-eabi/4.4.1/../../../../arm-none-eabi/lib/thumb2\libc.a(lib_a-sprintf.o)
 .data          0x20000524        0x0 c:/program files/actel/softconsole v3.2/sourcery-g++/bin/../lib/gcc/arm-none-eabi/4.4.1/../../../../arm-none-eabi/lib/thumb2\libc.a(lib_a-strchr.o)
 .data          0x20000524        0x0 c:/program files/actel/softconsole v3.2/sourcery-g++/bin/../lib/gcc/arm-none-eabi/4.4.1/../../../../arm-none-eabi/lib/thumb2\libc.a(lib_a-strcpy.o)
 .data          0x20000524        0x0 c:/program files/actel/softconsole v3.2/sourcery-g++/bin/../lib/gcc/arm-none-eabi/4.4.1/../../../../arm-none-eabi/lib/thumb2\libc.a(lib_a-strlen.o)
 .data          0x20000524        0x0 c:/program files/actel/softconsole v3.2/sourcery-g++/bin/../lib/gcc/arm-none-eabi/4.4.1/../../../../arm-none-eabi/lib/thumb2\libc.a(lib_a-strncmp.o)
 .data          0x20000524        0x0 c:/program files/actel/softconsole v3.2/sourcery-g++/bin/../lib/gcc/arm-none-eabi/4.4.1/../../../../arm-none-eabi/lib/thumb2\libc.a(lib_a-strncpy.o)
 .data          0x20000524        0x0 c:/program files/actel/softconsole v3.2/sourcery-g++/bin/../lib/gcc/arm-none-eabi/4.4.1/../../../../arm-none-eabi/lib/thumb2\libc.a(lib_a-strrchr.o)
 .data          0x20000524        0x0 c:/program files/actel/softconsole v3.2/sourcery-g++/bin/../lib/gcc/arm-none-eabi/4.4.1/../../../../arm-none-eabi/lib/thumb2\libc.a(lib_a-svfprintf.o)
 .data          0x20000524        0x0 c:/program files/actel/softconsole v3.2/sourcery-g++/bin/../lib/gcc/arm-none-eabi/4.4.1/../../../../arm-none-eabi/lib/thumb2\libc.a(lib_a-syswrite.o)
 .data          0x20000524        0x0 c:/program files/actel/softconsole v3.2/sourcery-g++/bin/../lib/gcc/arm-none-eabi/4.4.1/../../../../arm-none-eabi/lib/thumb2\libc.a(lib_a-vfprintf.o)
 .data          0x20000524        0x0 c:/program files/actel/softconsole v3.2/sourcery-g++/bin/../lib/gcc/arm-none-eabi/4.4.1/../../../../arm-none-eabi/lib/thumb2\libc.a(lib_a-wsetup.o)
 .data          0x20000524        0x0 c:/program files/actel/softconsole v3.2/sourcery-g++/bin/../lib/gcc/arm-none-eabi/4.4.1/../../../../arm-none-eabi/lib/thumb2\libc.a(lib_a-dtoa.o)
 .data          0x20000524        0x0 c:/program files/actel/softconsole v3.2/sourcery-g++/bin/../lib/gcc/arm-none-eabi/4.4.1/../../../../arm-none-eabi/lib/thumb2\libc.a(lib_a-fflush.o)
 .data          0x20000524        0x0 c:/program files/actel/softconsole v3.2/sourcery-g++/bin/../lib/gcc/arm-none-eabi/4.4.1/../../../../arm-none-eabi/lib/thumb2\libc.a(lib_a-findfp.o)
 .data          0x20000524        0x0 c:/program files/actel/softconsole v3.2/sourcery-g++/bin/../lib/gcc/arm-none-eabi/4.4.1/../../../../arm-none-eabi/lib/thumb2\libc.a(lib_a-freer.o)
 .data          0x20000524        0x0 c:/program files/actel/softconsole v3.2/sourcery-g++/bin/../lib/gcc/arm-none-eabi/4.4.1/../../../../arm-none-eabi/lib/thumb2\libc.a(lib_a-fvwrite.o)
 .data          0x20000524        0x0 c:/program files/actel/softconsole v3.2/sourcery-g++/bin/../lib/gcc/arm-none-eabi/4.4.1/../../../../arm-none-eabi/lib/thumb2\libc.a(lib_a-fwalk.o)
 .data          0x20000524       0xf4 c:/program files/actel/softconsole v3.2/sourcery-g++/bin/../lib/gcc/arm-none-eabi/4.4.1/../../../../arm-none-eabi/lib/thumb2\libc.a(lib_a-impure.o)
                0x20000524                _impure_ptr
 .data          0x20000618       0x10 c:/program files/actel/softconsole v3.2/sourcery-g++/bin/../lib/gcc/arm-none-eabi/4.4.1/../../../../arm-none-eabi/lib/thumb2\libc.a(lib_a-locale.o)
                0x20000618                __mb_cur_max
                0x2000061c                __lc_ctype
 .data          0x20000628        0x0 c:/program files/actel/softconsole v3.2/sourcery-g++/bin/../lib/gcc/arm-none-eabi/4.4.1/../../../../arm-none-eabi/lib/thumb2\libc.a(lib_a-makebuf.o)
 .data          0x20000628        0x0 c:/program files/actel/softconsole v3.2/sourcery-g++/bin/../lib/gcc/arm-none-eabi/4.4.1/../../../../arm-none-eabi/lib/thumb2\libc.a(lib_a-memchr.o)
 .data          0x20000628        0x0 c:/program files/actel/softconsole v3.2/sourcery-g++/bin/../lib/gcc/arm-none-eabi/4.4.1/../../../../arm-none-eabi/lib/thumb2\libc.a(lib_a-memmove.o)
 .data          0x20000628        0x0 c:/program files/actel/softconsole v3.2/sourcery-g++/bin/../lib/gcc/arm-none-eabi/4.4.1/../../../../arm-none-eabi/lib/thumb2\libc.a(lib_a-mprec.o)
 .data          0x20000628        0x0 c:/program files/actel/softconsole v3.2/sourcery-g++/bin/../lib/gcc/arm-none-eabi/4.4.1/../../../../arm-none-eabi/lib/thumb2\libc.a(lib_a-reallocr.o)
 .data          0x20000628        0x0 c:/program files/actel/softconsole v3.2/sourcery-g++/bin/../lib/gcc/arm-none-eabi/4.4.1/../../../../arm-none-eabi/lib/thumb2\libc.a(lib_a-s_isinfd.o)
 .data          0x20000628        0x0 c:/program files/actel/softconsole v3.2/sourcery-g++/bin/../lib/gcc/arm-none-eabi/4.4.1/../../../../arm-none-eabi/lib/thumb2\libc.a(lib_a-s_isnand.o)
 .data          0x20000628        0x0 c:/program files/actel/softconsole v3.2/sourcery-g++/bin/../lib/gcc/arm-none-eabi/4.4.1/../../../../arm-none-eabi/lib/thumb2\libc.a(lib_a-stdio.o)
 .data          0x20000628        0x0 c:/program files/actel/softconsole v3.2/sourcery-g++/bin/../lib/gcc/arm-none-eabi/4.4.1/../../../../arm-none-eabi/lib/thumb2\libc.a(lib_a-strcmp.o)
 .data          0x20000628        0x0 c:/program files/actel/softconsole v3.2/sourcery-g++/bin/../lib/gcc/arm-none-eabi/4.4.1/../../../../arm-none-eabi/lib/thumb2\libc.a(lib_a-callocr.o)
 .data          0x20000628        0x0 c:/program files/actel/softconsole v3.2/sourcery-g++/bin/../lib/gcc/arm-none-eabi/4.4.1/../../../../arm-none-eabi/lib/thumb2\libc.a(lib_a-closer.o)
 .data          0x20000628        0x0 c:/program files/actel/softconsole v3.2/sourcery-g++/bin/../lib/gcc/arm-none-eabi/4.4.1/../../../../arm-none-eabi/lib/thumb2\libc.a(lib_a-fclose.o)
 .data          0x20000628        0x0 c:/program files/actel/softconsole v3.2/sourcery-g++/bin/../lib/gcc/arm-none-eabi/4.4.1/../../../../arm-none-eabi/lib/thumb2\libc.a(lib_a-fstatr.o)
 .data          0x20000628        0x0 c:/program files/actel/softconsole v3.2/sourcery-g++/bin/../lib/gcc/arm-none-eabi/4.4.1/../../../../arm-none-eabi/lib/thumb2\libc.a(lib_a-isattyr.o)
 .data          0x20000628        0x0 c:/program files/actel/softconsole v3.2/sourcery-g++/bin/../lib/gcc/arm-none-eabi/4.4.1/../../../../arm-none-eabi/lib/thumb2\libc.a(lib_a-lseekr.o)
 .data          0x20000628        0x0 c:/program files/actel/softconsole v3.2/sourcery-g++/bin/../lib/gcc/arm-none-eabi/4.4.1/../../../../arm-none-eabi/lib/thumb2\libc.a(lib_a-readr.o)
 .data          0x20000628        0x0 c:/program files/actel/softconsole v3.2/sourcery-g++/bin/../lib/gcc/arm-none-eabi/4.4.1/thumb2\libgcc.a(_udivsi3.o)
 .data          0x20000628        0x0 c:/program files/actel/softconsole v3.2/sourcery-g++/bin/../lib/gcc/arm-none-eabi/4.4.1/thumb2\libgcc.a(_dvmd_tls.o)
 .data          0x20000628        0x0 c:/program files/actel/softconsole v3.2/sourcery-g++/bin/../lib/gcc/arm-none-eabi/4.4.1/thumb2\libgcc.a(_arm_muldivdf3.o)
 .data          0x20000628        0x0 c:/program files/actel/softconsole v3.2/sourcery-g++/bin/../lib/gcc/arm-none-eabi/4.4.1/thumb2\libgcc.a(_arm_cmpdf2.o)
 .data          0x20000628        0x0 c:/program files/actel/softconsole v3.2/sourcery-g++/bin/../lib/gcc/arm-none-eabi/4.4.1/thumb2\libgcc.a(_arm_fixdfsi.o)
 .data          0x20000628        0x0 c:/program files/actel/softconsole v3.2/sourcery-g++/bin/../lib/gcc/arm-none-eabi/4.4.1/thumb2\libgcc.a(_aeabi_uldivmod.o)
 .data          0x20000628        0x0 c:/program files/actel/softconsole v3.2/sourcery-g++/bin/../lib/gcc/arm-none-eabi/4.4.1/thumb2\libgcc.a(bpabi.o)
 .data          0x20000628        0x0 c:/program files/actel/softconsole v3.2/sourcery-g++/bin/../lib/gcc/arm-none-eabi/4.4.1/thumb2\libgcc.a(_divdi3.o)
 .data          0x20000628        0x0 c:/program files/actel/softconsole v3.2/sourcery-g++/bin/../lib/gcc/arm-none-eabi/4.4.1/thumb2\libgcc.a(_udivdi3.o)
 .data          0x20000628        0x0 c:/program files/actel/softconsole v3.2/sourcery-g++/bin/../lib/gcc/arm-none-eabi/4.4.1/thumb2/crtend.o
 .data          0x20000628        0x0 c:/program files/actel/softconsole v3.2/sourcery-g++/bin/../lib/gcc/arm-none-eabi/4.4.1/thumb2/crtn.o
                0x20000628                . = ALIGN (0x4)
                0x20000628                _edata = .

.bss            0x20000628     0x5dc8 load address 0x6002282c
                0x20000628                __bss_start__ = .
                0x20000628                _sbss = .
 *(.shbss)
 *(.bss .bss.* .gnu.linkonce.b.*)
 .bss           0x20000628        0x0 c:/program files/actel/softconsole v3.2/sourcery-g++/bin/../lib/gcc/arm-none-eabi/4.4.1/thumb2/crti.o
 .bss           0x20000628       0x1c c:/program files/actel/softconsole v3.2/sourcery-g++/bin/../lib/gcc/arm-none-eabi/4.4.1/thumb2/crtbegin.o
 .bss           0x20000644       0x34 ./main.o
                0x20000644                stdSemHndl
                0x20000648                htSemHndl
                0x2000064c                webSemHndl
                0x20000650                ledSemHndl
                0x20000654                switchOneSemHndl
                0x20000658                stdTaskHndl
                0x2000065c                htTaskHndl
                0x20000660                switchOneTaskHndl
                0x20000664                webTaskHndl
                0x20000668                aceTaskHndl
                0x2000066c                ledTaskHndl
 .bss           0x20000678        0x0 ./webserver/http-strings.o
 .bss           0x20000678        0x0 ./webserver/httpd-cgi.o
 .bss           0x20000678       0x1c ./webserver/httpd-fs.o
 .bss           0x20000694        0x0 ./webserver/httpd.o
 .bss           0x20000694        0x0 ./uipstack/psock.o
 .bss           0x20000694       0x14 ./uipstack/uip.o
                0x20000694                uip_ethaddr
 .bss           0x200006a8       0x68 ./uipstack/uip_arp.o
 .bss           0x20000710        0x4 ./drivers_config/mss_ace/ace_config.o
                0x20000710                g_ppe_flags_desc_table
 .bss           0x20000714        0x0 ./drivers/mss_uart/mss_uart.o
 .bss           0x20000714        0x0 ./drivers/mss_spi/mss_spi.o
 .bss           0x20000714       0x38 ./drivers/mss_pdma/mss_pdma.o
 .bss           0x2000074c        0x0 ./drivers/mss_gpio/mss_gpio.o
 .bss           0x2000074c        0x0 ./drivers/mss_ethernet_mac/crc32.o
 .bss           0x2000074c        0xc ./drivers/mss_ethernet_mac/mss_ethernet_mac.o
 .bss           0x20000758        0x0 ./drivers/mss_ethernet_mac/phy.o
 .bss           0x20000758       0x10 ./drivers/mss_ace/ace_convert.o
 .bss           0x20000768        0x0 ./drivers/mss_ace/ace_flags.o
 .bss           0x20000768        0x0 ./drivers/mss_ace/ace_sse.o
 .bss           0x20000768        0x0 ./drivers/mss_ace/ace_transform.o
 .bss           0x20000768        0x0 ./drivers/mss_ace/mss_ace.o
 .bss           0x20000768       0x14 ./drivers/mac/tcpip.o
                0x20000768                selected_mode
                0x20000769                selectedwaveform
                0x2000076c                rtc_count
                0x20000774                num_pkt_tx
                0x20000778                num_pkt_rx
 .bss           0x2000077c        0x2 ./application_tasks/hyperterminal_task.o
                0x2000077c                key
                0x2000077d                rx_size
 .bss           0x2000077e        0x0 ./application_tasks/led_task.o
 .bss           0x2000077e        0x0 ./application_tasks/multimeter_task.o
 .bss           0x2000077e        0x0 ./application_tasks/standalone_task.o
 .bss           0x2000077e        0x0 ./application_tasks/switch_task.o
 *fill*         0x2000077e        0x2 00
 .bss           0x20000780       0x10 ./application_tasks/web_task.o
                0x20000780                oled_on_irq
                0x20000781                sw1_menu_scroll
                0x20000782                sw2_select
                0x20000783                led_on
                0x20000784                analog_mode
                0x20000785                hyper_teminal_on
                0x20000786                webServerFlag
 .bss           0x20000790       0x7c ./FreeRTOS/Source/croutine.o
                0x200007fc                pxCurrentCoRoutine
 .bss           0x2000080c        0x0 ./FreeRTOS/Source/list.o
 .bss           0x2000080c        0x0 ./FreeRTOS/Source/queue.o
 .bss           0x2000080c      0x100 ./FreeRTOS/Source/tasks.o
                0x2000080c                pxCurrentTCB
 .bss           0x2000090c        0x0 ./FreeRTOS/Source/portable/GCC/ARM_CM3/heap_3.o
 .bss           0x2000090c        0x0 ./FreeRTOS/Source/portable/GCC/ARM_CM3/port.o
 .bss           0x2000090c        0x0 ./CMSIS/core_cm3.o
 .bss           0x2000090c        0x0 ./CMSIS/system_a2fxxxm3.o
 .bss           0x2000090c        0xc ./CMSIS/startup_gcc/newlib_stubs.o
                0x20000910                __env
 .bss           0x20000918        0x0 ./CMSIS/startup_gcc/startup_a2fxxxm3.o
 .bss           0x20000918        0x0 ./BSP/spi_flash_driver/spi_flash.o
 .bss           0x20000918        0x0 ./BSP/oled_driver/oled.o
 .bss           0x20000918        0x0 ./BSP/i2c_driver/i2c.o
 .bss           0x20000918        0x0 ./BSP/emc_driver/nor.o
 .bss           0x20000918        0x0 c:/program files/actel/softconsole v3.2/sourcery-g++/bin/../lib/gcc/arm-none-eabi/4.4.1/thumb2\libgcc.a(_arm_addsubdf3.o)
 .bss           0x20000918        0x0 c:/program files/actel/softconsole v3.2/sourcery-g++/bin/../lib/gcc/arm-none-eabi/4.4.1/thumb2\libgcc.a(_arm_addsubsf3.o)
 .bss           0x20000918        0x0 c:/program files/actel/softconsole v3.2/sourcery-g++/bin/../lib/gcc/arm-none-eabi/4.4.1/thumb2\libgcc.a(_arm_muldivsf3.o)
 .bss           0x20000918        0x0 c:/program files/actel/softconsole v3.2/sourcery-g++/bin/../lib/gcc/arm-none-eabi/4.4.1/../../../../arm-none-eabi/lib/thumb2\libc.a(lib_a-abort.o)
 .bss           0x20000918        0x0 c:/program files/actel/softconsole v3.2/sourcery-g++/bin/../lib/gcc/arm-none-eabi/4.4.1/../../../../arm-none-eabi/lib/thumb2\libc.a(lib_a-init.o)
 .bss           0x20000918        0x0 c:/program files/actel/softconsole v3.2/sourcery-g++/bin/../lib/gcc/arm-none-eabi/4.4.1/../../../../arm-none-eabi/lib/thumb2\libc.a(lib_a-malloc.o)
 .bss           0x20000918       0x34 c:/program files/actel/softconsole v3.2/sourcery-g++/bin/../lib/gcc/arm-none-eabi/4.4.1/../../../../arm-none-eabi/lib/thumb2\libc.a(lib_a-mallocr.o)
                0x20000918                __malloc_top_pad
                0x2000091c                __malloc_current_mallinfo
                0x20000944                __malloc_max_sbrked_mem
                0x20000948                __malloc_max_total_mem
 .bss           0x2000094c        0x0 c:/program files/actel/softconsole v3.2/sourcery-g++/bin/../lib/gcc/arm-none-eabi/4.4.1/../../../../arm-none-eabi/lib/thumb2\libc.a(lib_a-memcmp.o)
 .bss           0x2000094c        0x0 c:/program files/actel/softconsole v3.2/sourcery-g++/bin/../lib/gcc/arm-none-eabi/4.4.1/../../../../arm-none-eabi/lib/thumb2\libc.a(lib_a-memcpy.o)
 .bss           0x2000094c        0x0 c:/program files/actel/softconsole v3.2/sourcery-g++/bin/../lib/gcc/arm-none-eabi/4.4.1/../../../../arm-none-eabi/lib/thumb2\libc.a(lib_a-memset.o)
 .bss           0x2000094c        0x0 c:/program files/actel/softconsole v3.2/sourcery-g++/bin/../lib/gcc/arm-none-eabi/4.4.1/../../../../arm-none-eabi/lib/thumb2\libc.a(lib_a-mlock.o)
 .bss           0x2000094c        0x0 c:/program files/actel/softconsole v3.2/sourcery-g++/bin/../lib/gcc/arm-none-eabi/4.4.1/../../../../arm-none-eabi/lib/thumb2\libc.a(lib_a-printf.o)
 .bss           0x2000094c        0x0 c:/program files/actel/softconsole v3.2/sourcery-g++/bin/../lib/gcc/arm-none-eabi/4.4.1/../../../../arm-none-eabi/lib/thumb2\libc.a(lib_a-puts.o)
 .bss           0x2000094c        0x0 c:/program files/actel/softconsole v3.2/sourcery-g++/bin/../lib/gcc/arm-none-eabi/4.4.1/../../../../arm-none-eabi/lib/thumb2\libc.a(lib_a-reent.o)